Job ID: 241482
Start time: Sat Feb 28 11:50:51 CST 2026
Requirement already satisfied: torch>=1.9.0 in /projects/e32998/env/lib/python3.12/site-packages (from -r /projects/e32998/STAT390_Winter2026/Team5/Code/Code7_OptunaChanges_27Feb_Paris/requirements.txt (line 2)) (2.9.0)
Requirement already satisfied: torchvision>=0.10.0 in /projects/e32998/env/lib/python3.12/site-packages (from -r /projects/e32998/STAT390_Winter2026/Team5/Code/Code7_OptunaChanges_27Feb_Paris/requirements.txt (line 3)) (0.24.0)
Requirement already satisfied: numpy>=1.21.0 in /projects/e32998/env/lib/python3.12/site-packages (from -r /projects/e32998/STAT390_Winter2026/Team5/Code/Code7_OptunaChanges_27Feb_Paris/requirements.txt (line 4)) (2.3.4)
Requirement already satisfied: pandas>=1.3.0 in /projects/e32998/env/lib/python3.12/site-packages (from -r /projects/e32998/STAT390_Winter2026/Team5/Code/Code7_OptunaChanges_27Feb_Paris/requirements.txt (line 5)) (2.3.3)
Requirement already satisfied: scikit-learn>=1.0.0 in /projects/e32998/env/lib/python3.12/site-packages (from -r /projects/e32998/STAT390_Winter2026/Team5/Code/Code7_OptunaChanges_27Feb_Paris/requirements.txt (line 6)) (1.7.2)
Requirement already satisfied: Pillow>=8.3.0 in /projects/e32998/env/lib/python3.12/site-packages (from -r /projects/e32998/STAT390_Winter2026/Team5/Code/Code7_OptunaChanges_27Feb_Paris/requirements.txt (line 7)) (12.0.0)
Requirement already satisfied: tqdm>=4.62.0 in /projects/e32998/env/lib/python3.12/site-packages (from -r /projects/e32998/STAT390_Winter2026/Team5/Code/Code7_OptunaChanges_27Feb_Paris/requirements.txt (line 8)) (4.67.1)
Requirement already satisfied: matplotlib>=3.5.0 in /projects/e32998/env/lib/python3.12/site-packages (from -r /projects/e32998/STAT390_Winter2026/Team5/Code/Code7_OptunaChanges_27Feb_Paris/requirements.txt (line 11)) (3.10.7)
Requirement already satisfied: seaborn>=0.11.0 in /projects/e32998/env/lib/python3.12/site-packages (from -r /projects/e32998/STAT390_Winter2026/Team5/Code/Code7_OptunaChanges_27Feb_Paris/requirements.txt (line 12)) (0.13.2)
Requirement already satisfied: optuna>=3.0.0 in /projects/e32998/env/lib/python3.12/site-packages (from -r /projects/e32998/STAT390_Winter2026/Team5/Code/Code7_OptunaChanges_27Feb_Paris/requirements.txt (line 15)) (4.7.0)
Requirement already satisfied: psutil>=5.8.0 in /projects/e32998/env/lib/python3.12/site-packages (from -r /projects/e32998/STAT390_Winter2026/Team5/Code/Code7_OptunaChanges_27Feb_Paris/requirements.txt (line 18)) (7.1.2)
Requirement already satisfied: imbalanced-learn>=0.8.0 in /projects/e32998/env/lib/python3.12/site-packages (from -r /projects/e32998/STAT390_Winter2026/Team5/Code/Code7_OptunaChanges_27Feb_Paris/requirements.txt (line 21)) (0.14.0)
Requirement already satisfied: filelock in /projects/e32998/env/lib/python3.12/site-packages (from torch>=1.9.0->-r /projects/e32998/STAT390_Winter2026/Team5/Code/Code7_OptunaChanges_27Feb_Paris/requirements.txt (line 2)) (3.20.0)
Requirement already satisfied: typing-extensions>=4.10.0 in /projects/e32998/env/lib/python3.12/site-packages (from torch>=1.9.0->-r /projects/e32998/STAT390_Winter2026/Team5/Code/Code7_OptunaChanges_27Feb_Paris/requirements.txt (line 2)) (4.15.0)
Requirement already satisfied: setuptools in /projects/e32998/env/lib/python3.12/site-packages (from torch>=1.9.0->-r /projects/e32998/STAT390_Winter2026/Team5/Code/Code7_OptunaChanges_27Feb_Paris/requirements.txt (line 2)) (80.9.0)
Requirement already satisfied: sympy>=1.13.3 in /projects/e32998/env/lib/python3.12/site-packages (from torch>=1.9.0->-r /projects/e32998/STAT390_Winter2026/Team5/Code/Code7_OptunaChanges_27Feb_Paris/requirements.txt (line 2)) (1.14.0)
Requirement already satisfied: networkx>=2.5.1 in /projects/e32998/env/lib/python3.12/site-packages (from torch>=1.9.0->-r /projects/e32998/STAT390_Winter2026/Team5/Code/Code7_OptunaChanges_27Feb_Paris/requirements.txt (line 2)) (3.5)
Requirement already satisfied: jinja2 in /projects/e32998/env/lib/python3.12/site-packages (from torch>=1.9.0->-r /projects/e32998/STAT390_Winter2026/Team5/Code/Code7_OptunaChanges_27Feb_Paris/requirements.txt (line 2)) (3.1.6)
Requirement already satisfied: fsspec>=0.8.5 in /projects/e32998/env/lib/python3.12/site-packages (from torch>=1.9.0->-r /projects/e32998/STAT390_Winter2026/Team5/Code/Code7_OptunaChanges_27Feb_Paris/requirements.txt (line 2)) (2025.9.0)
Requirement already satisfied: nvidia-cuda-nvrtc-cu12==12.8.93 in /projects/e32998/env/lib/python3.12/site-packages (from torch>=1.9.0->-r /projects/e32998/STAT390_Winter2026/Team5/Code/Code7_OptunaChanges_27Feb_Paris/requirements.txt (line 2)) (12.8.93)
Requirement already satisfied: nvidia-cuda-runtime-cu12==12.8.90 in /projects/e32998/env/lib/python3.12/site-packages (from torch>=1.9.0->-r /projects/e32998/STAT390_Winter2026/Team5/Code/Code7_OptunaChanges_27Feb_Paris/requirements.txt (line 2)) (12.8.90)
Requirement already satisfied: nvidia-cuda-cupti-cu12==12.8.90 in /projects/e32998/env/lib/python3.12/site-packages (from torch>=1.9.0->-r /projects/e32998/STAT390_Winter2026/Team5/Code/Code7_OptunaChanges_27Feb_Paris/requirements.txt (line 2)) (12.8.90)
Requirement already satisfied: nvidia-cudnn-cu12==9.10.2.21 in /projects/e32998/env/lib/python3.12/site-packages (from torch>=1.9.0->-r /projects/e32998/STAT390_Winter2026/Team5/Code/Code7_OptunaChanges_27Feb_Paris/requirements.txt (line 2)) (9.10.2.21)
Requirement already satisfied: nvidia-cublas-cu12==12.8.4.1 in /projects/e32998/env/lib/python3.12/site-packages (from torch>=1.9.0->-r /projects/e32998/STAT390_Winter2026/Team5/Code/Code7_OptunaChanges_27Feb_Paris/requirements.txt (line 2)) (12.8.4.1)
Requirement already satisfied: nvidia-cufft-cu12==11.3.3.83 in /projects/e32998/env/lib/python3.12/site-packages (from torch>=1.9.0->-r /projects/e32998/STAT390_Winter2026/Team5/Code/Code7_OptunaChanges_27Feb_Paris/requirements.txt (line 2)) (11.3.3.83)
Requirement already satisfied: nvidia-curand-cu12==10.3.9.90 in /projects/e32998/env/lib/python3.12/site-packages (from torch>=1.9.0->-r /projects/e32998/STAT390_Winter2026/Team5/Code/Code7_OptunaChanges_27Feb_Paris/requirements.txt (line 2)) (10.3.9.90)
Requirement already satisfied: nvidia-cusolver-cu12==11.7.3.90 in /projects/e32998/env/lib/python3.12/site-packages (from torch>=1.9.0->-r /projects/e32998/STAT390_Winter2026/Team5/Code/Code7_OptunaChanges_27Feb_Paris/requirements.txt (line 2)) (11.7.3.90)
Requirement already satisfied: nvidia-cusparse-cu12==12.5.8.93 in /projects/e32998/env/lib/python3.12/site-packages (from torch>=1.9.0->-r /projects/e32998/STAT390_Winter2026/Team5/Code/Code7_OptunaChanges_27Feb_Paris/requirements.txt (line 2)) (12.5.8.93)
Requirement already satisfied: nvidia-cusparselt-cu12==0.7.1 in /projects/e32998/env/lib/python3.12/site-packages (from torch>=1.9.0->-r /projects/e32998/STAT390_Winter2026/Team5/Code/Code7_OptunaChanges_27Feb_Paris/requirements.txt (line 2)) (0.7.1)
Requirement already satisfied: nvidia-nccl-cu12==2.27.5 in /projects/e32998/env/lib/python3.12/site-packages (from torch>=1.9.0->-r /projects/e32998/STAT390_Winter2026/Team5/Code/Code7_OptunaChanges_27Feb_Paris/requirements.txt (line 2)) (2.27.5)
Requirement already satisfied: nvidia-nvshmem-cu12==3.3.20 in /projects/e32998/env/lib/python3.12/site-packages (from torch>=1.9.0->-r /projects/e32998/STAT390_Winter2026/Team5/Code/Code7_OptunaChanges_27Feb_Paris/requirements.txt (line 2)) (3.3.20)
Requirement already satisfied: nvidia-nvtx-cu12==12.8.90 in /projects/e32998/env/lib/python3.12/site-packages (from torch>=1.9.0->-r /projects/e32998/STAT390_Winter2026/Team5/Code/Code7_OptunaChanges_27Feb_Paris/requirements.txt (line 2)) (12.8.90)
Requirement already satisfied: nvidia-nvjitlink-cu12==12.8.93 in /projects/e32998/env/lib/python3.12/site-packages (from torch>=1.9.0->-r /projects/e32998/STAT390_Winter2026/Team5/Code/Code7_OptunaChanges_27Feb_Paris/requirements.txt (line 2)) (12.8.93)
Requirement already satisfied: nvidia-cufile-cu12==1.13.1.3 in /projects/e32998/env/lib/python3.12/site-packages (from torch>=1.9.0->-r /projects/e32998/STAT390_Winter2026/Team5/Code/Code7_OptunaChanges_27Feb_Paris/requirements.txt (line 2)) (1.13.1.3)
Requirement already satisfied: triton==3.5.0 in /projects/e32998/env/lib/python3.12/site-packages (from torch>=1.9.0->-r /projects/e32998/STAT390_Winter2026/Team5/Code/Code7_OptunaChanges_27Feb_Paris/requirements.txt (line 2)) (3.5.0)
Requirement already satisfied: python-dateutil>=2.8.2 in /projects/e32998/env/lib/python3.12/site-packages (from pandas>=1.3.0->-r /projects/e32998/STAT390_Winter2026/Team5/Code/Code7_OptunaChanges_27Feb_Paris/requirements.txt (line 5)) (2.9.0.post0)
Requirement already satisfied: pytz>=2020.1 in /projects/e32998/env/lib/python3.12/site-packages (from pandas>=1.3.0->-r /projects/e32998/STAT390_Winter2026/Team5/Code/Code7_OptunaChanges_27Feb_Paris/requirements.txt (line 5)) (2025.2)
Requirement already satisfied: tzdata>=2022.7 in /projects/e32998/env/lib/python3.12/site-packages (from pandas>=1.3.0->-r /projects/e32998/STAT390_Winter2026/Team5/Code/Code7_OptunaChanges_27Feb_Paris/requirements.txt (line 5)) (2025.2)
Requirement already satisfied: scipy>=1.8.0 in /projects/e32998/env/lib/python3.12/site-packages (from scikit-learn>=1.0.0->-r /projects/e32998/STAT390_Winter2026/Team5/Code/Code7_OptunaChanges_27Feb_Paris/requirements.txt (line 6)) (1.16.3)
Requirement already satisfied: joblib>=1.2.0 in /projects/e32998/env/lib/python3.12/site-packages (from scikit-learn>=1.0.0->-r /projects/e32998/STAT390_Winter2026/Team5/Code/Code7_OptunaChanges_27Feb_Paris/requirements.txt (line 6)) (1.5.2)
Requirement already satisfied: threadpoolctl>=3.1.0 in /projects/e32998/env/lib/python3.12/site-packages (from scikit-learn>=1.0.0->-r /projects/e32998/STAT390_Winter2026/Team5/Code/Code7_OptunaChanges_27Feb_Paris/requirements.txt (line 6)) (3.6.0)
Requirement already satisfied: contourpy>=1.0.1 in /projects/e32998/env/lib/python3.12/site-packages (from matplotlib>=3.5.0->-r /projects/e32998/STAT390_Winter2026/Team5/Code/Code7_OptunaChanges_27Feb_Paris/requirements.txt (line 11)) (1.3.3)
Requirement already satisfied: cycler>=0.10 in /projects/e32998/env/lib/python3.12/site-packages (from matplotlib>=3.5.0->-r /projects/e32998/STAT390_Winter2026/Team5/Code/Code7_OptunaChanges_27Feb_Paris/requirements.txt (line 11)) (0.12.1)
Requirement already satisfied: fonttools>=4.22.0 in /projects/e32998/env/lib/python3.12/site-packages (from matplotlib>=3.5.0->-r /projects/e32998/STAT390_Winter2026/Team5/Code/Code7_OptunaChanges_27Feb_Paris/requirements.txt (line 11)) (4.60.1)
Requirement already satisfied: kiwisolver>=1.3.1 in /projects/e32998/env/lib/python3.12/site-packages (from matplotlib>=3.5.0->-r /projects/e32998/STAT390_Winter2026/Team5/Code/Code7_OptunaChanges_27Feb_Paris/requirements.txt (line 11)) (1.4.9)
Requirement already satisfied: packaging>=20.0 in /projects/e32998/env/lib/python3.12/site-packages (from matplotlib>=3.5.0->-r /projects/e32998/STAT390_Winter2026/Team5/Code/Code7_OptunaChanges_27Feb_Paris/requirements.txt (line 11)) (25.0)
Requirement already satisfied: pyparsing>=3 in /projects/e32998/env/lib/python3.12/site-packages (from matplotlib>=3.5.0->-r /projects/e32998/STAT390_Winter2026/Team5/Code/Code7_OptunaChanges_27Feb_Paris/requirements.txt (line 11)) (3.2.5)
Requirement already satisfied: alembic>=1.5.0 in /projects/e32998/env/lib/python3.12/site-packages (from optuna>=3.0.0->-r /projects/e32998/STAT390_Winter2026/Team5/Code/Code7_OptunaChanges_27Feb_Paris/requirements.txt (line 15)) (1.18.3)
Requirement already satisfied: colorlog in /projects/e32998/env/lib/python3.12/site-packages (from optuna>=3.0.0->-r /projects/e32998/STAT390_Winter2026/Team5/Code/Code7_OptunaChanges_27Feb_Paris/requirements.txt (line 15)) (6.10.1)
Requirement already satisfied: sqlalchemy>=1.4.2 in /projects/e32998/env/lib/python3.12/site-packages (from optuna>=3.0.0->-r /projects/e32998/STAT390_Winter2026/Team5/Code/Code7_OptunaChanges_27Feb_Paris/requirements.txt (line 15)) (2.0.46)
Requirement already satisfied: PyYAML in /projects/e32998/env/lib/python3.12/site-packages (from optuna>=3.0.0->-r /projects/e32998/STAT390_Winter2026/Team5/Code/Code7_OptunaChanges_27Feb_Paris/requirements.txt (line 15)) (6.0.3)
Requirement already satisfied: Mako in /projects/e32998/env/lib/python3.12/site-packages (from alembic>=1.5.0->optuna>=3.0.0->-r /projects/e32998/STAT390_Winter2026/Team5/Code/Code7_OptunaChanges_27Feb_Paris/requirements.txt (line 15)) (1.3.10)
Requirement already satisfied: six>=1.5 in /projects/e32998/env/lib/python3.12/site-packages (from python-dateutil>=2.8.2->pandas>=1.3.0->-r /projects/e32998/STAT390_Winter2026/Team5/Code/Code7_OptunaChanges_27Feb_Paris/requirements.txt (line 5)) (1.17.0)
Requirement already satisfied: greenlet>=1 in /projects/e32998/env/lib/python3.12/site-packages (from sqlalchemy>=1.4.2->optuna>=3.0.0->-r /projects/e32998/STAT390_Winter2026/Team5/Code/Code7_OptunaChanges_27Feb_Paris/requirements.txt (line 15)) (3.3.1)
Requirement already satisfied: mpmath<1.4,>=1.1.0 in /projects/e32998/env/lib/python3.12/site-packages (from sympy>=1.13.3->torch>=1.9.0->-r /projects/e32998/STAT390_Winter2026/Team5/Code/Code7_OptunaChanges_27Feb_Paris/requirements.txt (line 2)) (1.3.0)
Requirement already satisfied: MarkupSafe>=2.0 in /projects/e32998/env/lib/python3.12/site-packages (from jinja2->torch>=1.9.0->-r /projects/e32998/STAT390_Winter2026/Team5/Code/Code7_OptunaChanges_27Feb_Paris/requirements.txt (line 2)) (3.0.3)
Requirement already satisfied: certifi in /projects/e32998/env/lib/python3.12/site-packages (2026.2.25)
Random seed set to 42
Using GPU: NVIDIA A100-SXM4-80GB
Created run directory: /projects/e32998/MIL_training/final_runs/run_20260228_115155
================================================================================
HIERARCHICAL ATTENTION MIL TRAINING
================================================================================
Arguments: {'labels_csv': '/projects/e32998/STAT390_Krish/Code/Code4_reduce_runtime/extra_benign_case_grade_match.csv', 'patches_dir': '/projects/e32998/patches_benign_split', 'epochs': 30, 'lr': 1.3066739238053272e-05, 'batch_size': 1, 'num_workers': 2, 'embed_dim': 512, 'per_slice_cap': 500, 'max_slices_per_stain': 5, 'seed': 42, 'resume': None, 'eval_only': False, 'analyze_attention': True, 'attention_top_n': 8, 'load_splits': '/projects/e32998/STAT390_Winter2026/Team5/Code/Code7_OptunaChanges_27Feb_Paris/data_splits/data_splits.npz', 'checkpoint_dir': '/projects/e32998/MIL_training/final_runs/run_20260228_115155/checkpoints'}
Training config (may be overridden by arguments): {'epochs': 30, 'batch_size': 1, 'learning_rate': 1.3066739238053272e-05, 'weight_decay': 0.0003967605077052988, 'num_workers': 2, 'pin_memory': True, 'random_state': 42, 'class_weights': [1.0823379771832098, 1.0], 'dropout': 0.35403628889802274, 'coeff_dropout': 0.3005575058716044, 'entropy_coeff': 0.48495492608099716, 'use_scheduler': True, 'scheduler_type': 'reduce_on_plateau', 'scheduler_patience': 3, 'scheduler_factor': 0.5, 'scheduler_min_lr': 1e-07, 'early_stopping': True, 'early_stopping_patience': 8, 'early_stopping_min_delta': 0.001, 'early_stopping_min_epochs': 10}
============================================================
PREPARING DATA
============================================================
Loaded 118 labels
Found 83630 patch files
All 3808 non-standard file names were handled.
Grouped into 383 slices
Mapped 371 slices to classes
Class distribution: {1: 238, 0: 133}

----------------------------------------
SPLITTING DATA
----------------------------------------
Loading existing splits from: /projects/e32998/STAT390_Winter2026/Team5/Code/Code7_OptunaChanges_27Feb_Paris/data_splits/data_splits.npz
Data splits loaded from: /projects/e32998/STAT390_Winter2026/Team5/Code/Code7_OptunaChanges_27Feb_Paris/data_splits/data_splits.npz
Loaded splits - Train: 226, Val: 77, Test: 68
Cases per split: 55 19 19
Paths per split: 51023 13864 15154
No leakage between train & val (cases).
No leakage between train & test (cases).
No leakage between val & test (cases).
No leakage between train & val (paths).
No leakage between train & test (paths).
No leakage between val & test (paths).

Data Summary:
==================================================

Label distribution per split:
label   0   1
split        
test    7  12
train  21  34
val     7  12

Mean patches per stain per split:
       h&e_patches  melan_patches  sox10_patches
split                                           
test         389.1          233.2          175.4
train        458.5          251.3          218.0
val          372.7          198.5          158.5

Median patches per stain per split:
       h&e_patches  melan_patches  sox10_patches
split                                           
test         322.0          226.0          126.0
train        331.0          182.0          162.0
val          273.0          183.0          146.0

Missing stain proportion:
       h&e_missing  melan_missing  sox10_missing
split                                           
test           0.0          0.000          0.053
train          0.0          0.036          0.018
val            0.0          0.000          0.000

Total cases: 93
Total patches: 80,041
==================================================

Patch count by class for Train:
  Benign (0):     15126 patches
  High-grade (1): 35897 patches

Patch count by class for Validation:
  Benign (0):     4493 patches
  High-grade (1): 9371 patches

Patch count by class for Test:
  Benign (0):     6161 patches
  High-grade (1): 8993 patches

Data Integrity Check for Train:
Stain coverage:
  h&e: 55/55 (100.0%)
  melan: 53/55 (96.4%)
  sox10: 54/55 (98.2%)
No issues found

Data Integrity Check for Validation:
Stain coverage:
  h&e: 19/19 (100.0%)
  melan: 19/19 (100.0%)
  sox10: 19/19 (100.0%)
No issues found

Data Integrity Check for Test:
Stain coverage:
  h&e: 19/19 (100.0%)
  melan: 19/19 (100.0%)
  sox10: 18/19 (94.7%)
No issues found
Using existing splits from: /projects/e32998/STAT390_Winter2026/Team5/Code/Code7_OptunaChanges_27Feb_Paris/data_splits/data_splits.npz

============================================================
CREATING DATA LOADERS (POOLED FEATURES)
============================================================
Created data loaders - Train: 55, Val: 19, Test: 19

============================================================
CREATING MODEL
============================================================

Model Summary:
==================================================
Total parameters: 2,493,061
Trainable parameters: 2,493,061
Model size: 9.51 MB
==================================================

============================================================
TRAINING MODEL
============================================================
Starting training from epoch 1 to 30
Device: cuda
Model parameters: 2,493,061
LR scheduler: ReduceLROnPlateau
Early stopping enabled (patience=8, min_delta=0.001, min_epochs=10)

Epoch 1/30 (LR: 1.31e-05)
Train Loss: 0.1396 | Val Loss: 0.6444 | Val Acc: 0.7895
Epoch Time: 485.27s
New best validation loss: 0.6444
Checkpoint saved: /projects/e32998/MIL_training/final_runs/run_20260228_115155/checkpoints/20260228_120018_HierarchicalAttnMIL_epoch1.pth
Best checkpoint updated: /projects/e32998/MIL_training/final_runs/run_20260228_115155/checkpoints/best.pth

Epoch 2/30 (LR: 1.31e-05)
Train Loss: 0.0285 | Val Loss: 0.6222 | Val Acc: 0.7368
Epoch Time: 588.42s
New best validation loss: 0.6222
Checkpoint saved: /projects/e32998/MIL_training/final_runs/run_20260228_115155/checkpoints/20260228_121007_HierarchicalAttnMIL_epoch2.pth
Best checkpoint updated: /projects/e32998/MIL_training/final_runs/run_20260228_115155/checkpoints/best.pth

Epoch 3/30 (LR: 1.31e-05)
Train Loss: -0.0168 | Val Loss: 0.6073 | Val Acc: 0.7895
Epoch Time: 536.45s
New best validation loss: 0.6073
Checkpoint saved: /projects/e32998/MIL_training/final_runs/run_20260228_115155/checkpoints/20260228_121904_HierarchicalAttnMIL_epoch3.pth
Best checkpoint updated: /projects/e32998/MIL_training/final_runs/run_20260228_115155/checkpoints/best.pth

Epoch 4/30 (LR: 1.31e-05)
Train Loss: -0.0372 | Val Loss: 0.5811 | Val Acc: 0.7368
Epoch Time: 580.56s
New best validation loss: 0.5811
Checkpoint saved: /projects/e32998/MIL_training/final_runs/run_20260228_115155/checkpoints/20260228_122844_HierarchicalAttnMIL_epoch4.pth
Best checkpoint updated: /projects/e32998/MIL_training/final_runs/run_20260228_115155/checkpoints/best.pth

Epoch 5/30 (LR: 1.31e-05)
Train Loss: -0.0990 | Val Loss: 0.5731 | Val Acc: 0.7368
Epoch Time: 517.58s
New best validation loss: 0.5731
Checkpoint saved: /projects/e32998/MIL_training/final_runs/run_20260228_115155/checkpoints/20260228_123722_HierarchicalAttnMIL_epoch5.pth
Best checkpoint updated: /projects/e32998/MIL_training/final_runs/run_20260228_115155/checkpoints/best.pth

Epoch 6/30 (LR: 1.31e-05)
Train Loss: -0.1427 | Val Loss: 0.5816 | Val Acc: 0.7895
Epoch Time: 593.81s
No improvement for 1 epoch(s)
Checkpoint saved: /projects/e32998/MIL_training/final_runs/run_20260228_115155/checkpoints/20260228_124716_HierarchicalAttnMIL_epoch6.pth

Epoch 7/30 (LR: 1.31e-05)
Train Loss: -0.1957 | Val Loss: 0.5634 | Val Acc: 0.8947
Epoch Time: 561.23s
New best validation loss: 0.5634
Checkpoint saved: /projects/e32998/MIL_training/final_runs/run_20260228_115155/checkpoints/20260228_125637_HierarchicalAttnMIL_epoch7.pth
Best checkpoint updated: /projects/e32998/MIL_training/final_runs/run_20260228_115155/checkpoints/best.pth

Epoch 8/30 (LR: 1.31e-05)
Train Loss: -0.1925 | Val Loss: 0.6205 | Val Acc: 0.7895
Epoch Time: 603.48s
No improvement for 1 epoch(s)
Checkpoint saved: /projects/e32998/MIL_training/final_runs/run_20260228_115155/checkpoints/20260228_130641_HierarchicalAttnMIL_epoch8.pth

Epoch 9/30 (LR: 1.31e-05)
Train Loss: -0.2586 | Val Loss: 0.5493 | Val Acc: 0.8421
Epoch Time: 500.28s
New best validation loss: 0.5493
Checkpoint saved: /projects/e32998/MIL_training/final_runs/run_20260228_115155/checkpoints/20260228_131501_HierarchicalAttnMIL_epoch9.pth
Best checkpoint updated: /projects/e32998/MIL_training/final_runs/run_20260228_115155/checkpoints/best.pth

Epoch 10/30 (LR: 1.31e-05)
Train Loss: -0.2229 | Val Loss: 0.5893 | Val Acc: 0.8947
Epoch Time: 356.63s
No improvement for 1 epoch(s)
Checkpoint saved: /projects/e32998/MIL_training/final_runs/run_20260228_115155/checkpoints/20260228_132058_HierarchicalAttnMIL_epoch10.pth

Epoch 11/30 (LR: 1.31e-05)
Train Loss: -0.2931 | Val Loss: 0.5210 | Val Acc: 0.8421
Epoch Time: 189.50s
New best validation loss: 0.5210
Checkpoint saved: /projects/e32998/MIL_training/final_runs/run_20260228_115155/checkpoints/20260228_132408_HierarchicalAttnMIL_epoch11.pth
Best checkpoint updated: /projects/e32998/MIL_training/final_runs/run_20260228_115155/checkpoints/best.pth

Epoch 12/30 (LR: 1.31e-05)
Train Loss: -0.3209 | Val Loss: 0.5261 | Val Acc: 0.8421
Epoch Time: 215.07s
No improvement for 1 epoch(s)
Checkpoint saved: /projects/e32998/MIL_training/final_runs/run_20260228_115155/checkpoints/20260228_132743_HierarchicalAttnMIL_epoch12.pth

Epoch 13/30 (LR: 1.31e-05)
Train Loss: -0.3269 | Val Loss: 0.5164 | Val Acc: 0.9474
Epoch Time: 183.68s
New best validation loss: 0.5164
Checkpoint saved: /projects/e32998/MIL_training/final_runs/run_20260228_115155/checkpoints/20260228_133047_HierarchicalAttnMIL_epoch13.pth
Best checkpoint updated: /projects/e32998/MIL_training/final_runs/run_20260228_115155/checkpoints/best.pth

Epoch 14/30 (LR: 1.31e-05)
Train Loss: -0.3689 | Val Loss: 0.5199 | Val Acc: 0.9474
Epoch Time: 184.50s
No improvement for 1 epoch(s)
Checkpoint saved: /projects/e32998/MIL_training/final_runs/run_20260228_115155/checkpoints/20260228_133351_HierarchicalAttnMIL_epoch14.pth

Epoch 15/30 (LR: 1.31e-05)
Train Loss: -0.4037 | Val Loss: 0.5194 | Val Acc: 0.9474
Epoch Time: 213.10s
No improvement for 2 epoch(s)
Checkpoint saved: /projects/e32998/MIL_training/final_runs/run_20260228_115155/checkpoints/20260228_133724_HierarchicalAttnMIL_epoch15.pth

Epoch 16/30 (LR: 1.31e-05)
Train Loss: -0.4085 | Val Loss: 0.4822 | Val Acc: 0.8947
Epoch Time: 199.30s
New best validation loss: 0.4822
Checkpoint saved: /projects/e32998/MIL_training/final_runs/run_20260228_115155/checkpoints/20260228_134044_HierarchicalAttnMIL_epoch16.pth
Best checkpoint updated: /projects/e32998/MIL_training/final_runs/run_20260228_115155/checkpoints/best.pth

Epoch 17/30 (LR: 1.31e-05)
Train Loss: -0.3941 | Val Loss: 0.5306 | Val Acc: 0.8947
Epoch Time: 197.21s
No improvement for 1 epoch(s)
Checkpoint saved: /projects/e32998/MIL_training/final_runs/run_20260228_115155/checkpoints/20260228_134401_HierarchicalAttnMIL_epoch17.pth

Epoch 18/30 (LR: 1.31e-05)
Train Loss: -0.4282 | Val Loss: 0.5838 | Val Acc: 0.8947
Epoch Time: 207.05s
No improvement for 2 epoch(s)
Checkpoint saved: /projects/e32998/MIL_training/final_runs/run_20260228_115155/checkpoints/20260228_134728_HierarchicalAttnMIL_epoch18.pth

Epoch 19/30 (LR: 1.31e-05)
Train Loss: -0.4378 | Val Loss: 0.5370 | Val Acc: 0.9474
Epoch Time: 214.25s
No improvement for 3 epoch(s)
Checkpoint saved: /projects/e32998/MIL_training/final_runs/run_20260228_115155/checkpoints/20260228_135103_HierarchicalAttnMIL_epoch19.pth

Epoch 20/30 (LR: 1.31e-05)
Train Loss: -0.4417 | Val Loss: 0.5664 | Val Acc: 0.9474
Epoch Time: 199.20s
No improvement for 4 epoch(s)
Checkpoint saved: /projects/e32998/MIL_training/final_runs/run_20260228_115155/checkpoints/20260228_135422_HierarchicalAttnMIL_epoch20.pth

Epoch 21/30 (LR: 6.53e-06)
Train Loss: -0.4658 | Val Loss: 0.5649 | Val Acc: 0.9474
Epoch Time: 205.46s
No improvement for 5 epoch(s)
Checkpoint saved: /projects/e32998/MIL_training/final_runs/run_20260228_115155/checkpoints/20260228_135747_HierarchicalAttnMIL_epoch21.pth

Epoch 22/30 (LR: 6.53e-06)
Train Loss: -0.4731 | Val Loss: 0.6241 | Val Acc: 0.9474
Epoch Time: 207.97s
No improvement for 6 epoch(s)
Checkpoint saved: /projects/e32998/MIL_training/final_runs/run_20260228_115155/checkpoints/20260228_140115_HierarchicalAttnMIL_epoch22.pth

Epoch 23/30 (LR: 6.53e-06)
Train Loss: -0.4706 | Val Loss: 0.6097 | Val Acc: 0.9474
Epoch Time: 213.95s
No improvement for 7 epoch(s)
Checkpoint saved: /projects/e32998/MIL_training/final_runs/run_20260228_115155/checkpoints/20260228_140450_HierarchicalAttnMIL_epoch23.pth

Epoch 24/30 (LR: 6.53e-06)
Train Loss: -0.4702 | Val Loss: 0.6799 | Val Acc: 0.9474
Epoch Time: 199.33s
No improvement for 8 epoch(s)
Checkpoint saved: /projects/e32998/MIL_training/final_runs/run_20260228_115155/checkpoints/20260228_140809_HierarchicalAttnMIL_epoch24.pth

Early stopping triggered at epoch 24. Best val loss: 0.4822

Training completed!

============================================================
EVALUATING MODEL
============================================================

Test Results:
  Test Loss: 0.5400
  Test Acc:  0.6842
  Samples:   19
Predictions saved to: /projects/e32998/MIL_training/final_runs/run_20260228_115155/predictions.csv
Confusion matrix saved to: /projects/e32998/MIL_training/final_runs/run_20260228_115155/confusion_matrix.png

============================================================
ATTENTION ANALYSIS
============================================================
Attention summary saved to: /projects/e32998/MIL_training/final_runs/run_20260228_115155/attention_analysis/attention_summary.txt
Per-case effective patch attention distributions saved.
Per-case & per-stain slice attention rank plots saved to: /projects/e32998/MIL_training/final_runs/run_20260228_115155/attention_analysis/slice_attention
Per-case top 5.0% effective patches CSV saved to: /projects/e32998/MIL_training/final_runs/run_20260228_115155/attention_analysis/top_effective_patches_per_case_5.0pct.csv
Per-case top 5.0% summary saved to: /projects/e32998/MIL_training/final_runs/run_20260228_115155/attention_analysis/top_effective_patches_per_case_summary_5.0pct.txt
Attention analysis saved to: /projects/e32998/MIL_training/final_runs/run_20260228_115155/attention_analysis

Results saved to: /projects/e32998/MIL_training/final_runs/run_20260228_115155

Total execution time: 8451.61s (2.35 hours)
Training completed successfully!
