[I 2026-02-13 23:13:28,283] Using an existing study with name 'mil_optimization' instead of creating a new one.
/projects/e32998/env/lib/python3.12/site-packages/torchvision/models/_utils.py:208: UserWarning: The parameter 'pretrained' is deprecated since 0.13 and may be removed in the future, please use 'weights' instead.
  warnings.warn(
/projects/e32998/env/lib/python3.12/site-packages/torchvision/models/_utils.py:223: UserWarning: Arguments other than a weight enum or `None` for 'weights' are deprecated since 0.13 and may be removed in the future. The current behavior is equivalent to passing `weights=None`.
  warnings.warn(msg)
/projects/e32998/env/lib/python3.12/site-packages/torch/utils/data/dataloader.py:668: UserWarning: 'pin_memory' argument is set as true but no accelerator is found, then device pinned memory won't be used.
  warnings.warn(warn_msg)
[W 2026-02-13 23:16:31,743] Trial 2 failed with parameters: {'D': 1024, 'H': 128, 'p_drop': 0.1, 'eta': 0.0007713979759949324, 'lambda': 0.00013224016795005582, 'B': 8, 'E_max': 15, 'w0': 2.5, 'patience': 3, 'factor': 0.5} because of the following error: RuntimeError('mat1 and mat2 shapes cannot be multiplied (1x1024 and 4096x1024)').
Traceback (most recent call last):
  File "/projects/e32998/env/lib/python3.12/site-packages/optuna/study/_optimize.py", line 206, in _run_trial
    value_or_values = func(trial)
                      ^^^^^^^^^^^
  File "/gpfs/home/bdp1083/Code2_ModelTraining_Optuna_13Feb_Ben/optuna_training.py", line 462, in <lambda>
    lambda trial: objective(trial, data_cache, args, device),
                  ^^^^^^^^^^^^^^^^^^^^^^^^^^^^^^^^^^^^^^^^^^
  File "/gpfs/home/bdp1083/Code2_ModelTraining_Optuna_13Feb_Ben/optuna_training.py", line 415, in objective
    best_val_loss = trainer.train()
                    ^^^^^^^^^^^^^^^
  File "/gpfs/home/bdp1083/Code2_ModelTraining_Optuna_13Feb_Ben/optuna_training.py", line 231, in train
    train_loss = self.train_epoch()
                 ^^^^^^^^^^^^^^^^^^
  File "/gpfs/home/bdp1083/Code2_ModelTraining_Optuna_13Feb_Ben/optuna_training.py", line 175, in train_epoch
    outputs = self.model(stain_slices).unsqueeze(0)
              ^^^^^^^^^^^^^^^^^^^^^^^^
  File "/projects/e32998/env/lib/python3.12/site-packages/torch/nn/modules/module.py", line 1775, in _wrapped_call_impl
    return self._call_impl(*args, **kwargs)
           ^^^^^^^^^^^^^^^^^^^^^^^^^^^^^^^^
  File "/projects/e32998/env/lib/python3.12/site-packages/torch/nn/modules/module.py", line 1786, in _call_impl
    return forward_call(*args, **kwargs)
           ^^^^^^^^^^^^^^^^^^^^^^^^^^^^^
  File "/gpfs/home/bdp1083/Code2_ModelTraining_Optuna_13Feb_Ben/models.py", line 191, in forward
    stain_emb, stain_attn_info = self.process_single_stain(
                                 ^^^^^^^^^^^^^^^^^^^^^^^^^^
  File "/gpfs/home/bdp1083/Code2_ModelTraining_Optuna_13Feb_Ben/models.py", line 129, in process_single_stain
    patch_emb = self.patch_projector(pooled)  # (1, D)
                ^^^^^^^^^^^^^^^^^^^^^^^^^^^^
  File "/projects/e32998/env/lib/python3.12/site-packages/torch/nn/modules/module.py", line 1775, in _wrapped_call_impl
    return self._call_impl(*args, **kwargs)
           ^^^^^^^^^^^^^^^^^^^^^^^^^^^^^^^^
  File "/projects/e32998/env/lib/python3.12/site-packages/torch/nn/modules/module.py", line 1786, in _call_impl
    return forward_call(*args, **kwargs)
           ^^^^^^^^^^^^^^^^^^^^^^^^^^^^^
  File "/projects/e32998/env/lib/python3.12/site-packages/torch/nn/modules/container.py", line 250, in forward
    input = module(input)
            ^^^^^^^^^^^^^
  File "/projects/e32998/env/lib/python3.12/site-packages/torch/nn/modules/module.py", line 1775, in _wrapped_call_impl
    return self._call_impl(*args, **kwargs)
           ^^^^^^^^^^^^^^^^^^^^^^^^^^^^^^^^
  File "/projects/e32998/env/lib/python3.12/site-packages/torch/nn/modules/module.py", line 1786, in _call_impl
    return forward_call(*args, **kwargs)
           ^^^^^^^^^^^^^^^^^^^^^^^^^^^^^
  File "/projects/e32998/env/lib/python3.12/site-packages/torch/nn/modules/linear.py", line 134, in forward
    return F.linear(input, self.weight, self.bias)
           ^^^^^^^^^^^^^^^^^^^^^^^^^^^^^^^^^^^^^^^
RuntimeError: mat1 and mat2 shapes cannot be multiplied (1x1024 and 4096x1024)
[W 2026-02-13 23:16:31,838] Trial 2 failed with value None.
Traceback (most recent call last):
  File "/gpfs/home/bdp1083/Code2_ModelTraining_Optuna_13Feb_Ben/optuna_training.py", line 551, in <module>
    main()
  File "/gpfs/home/bdp1083/Code2_ModelTraining_Optuna_13Feb_Ben/optuna_training.py", line 461, in main
    study.optimize(
  File "/projects/e32998/env/lib/python3.12/site-packages/optuna/study/study.py", line 490, in optimize
    _optimize(
  File "/projects/e32998/env/lib/python3.12/site-packages/optuna/study/_optimize.py", line 68, in _optimize
    _optimize_sequential(
  File "/projects/e32998/env/lib/python3.12/site-packages/optuna/study/_optimize.py", line 165, in _optimize_sequential
    frozen_trial_id = _run_trial(study, func, catch)
                      ^^^^^^^^^^^^^^^^^^^^^^^^^^^^^^
  File "/projects/e32998/env/lib/python3.12/site-packages/optuna/study/_optimize.py", line 263, in _run_trial
    raise func_err
  File "/projects/e32998/env/lib/python3.12/site-packages/optuna/study/_optimize.py", line 206, in _run_trial
    value_or_values = func(trial)
                      ^^^^^^^^^^^
  File "/gpfs/home/bdp1083/Code2_ModelTraining_Optuna_13Feb_Ben/optuna_training.py", line 462, in <lambda>
    lambda trial: objective(trial, data_cache, args, device),
                  ^^^^^^^^^^^^^^^^^^^^^^^^^^^^^^^^^^^^^^^^^^
  File "/gpfs/home/bdp1083/Code2_ModelTraining_Optuna_13Feb_Ben/optuna_training.py", line 415, in objective
    best_val_loss = trainer.train()
                    ^^^^^^^^^^^^^^^
  File "/gpfs/home/bdp1083/Code2_ModelTraining_Optuna_13Feb_Ben/optuna_training.py", line 231, in train
    train_loss = self.train_epoch()
                 ^^^^^^^^^^^^^^^^^^
  File "/gpfs/home/bdp1083/Code2_ModelTraining_Optuna_13Feb_Ben/optuna_training.py", line 175, in train_epoch
    outputs = self.model(stain_slices).unsqueeze(0)
              ^^^^^^^^^^^^^^^^^^^^^^^^
  File "/projects/e32998/env/lib/python3.12/site-packages/torch/nn/modules/module.py", line 1775, in _wrapped_call_impl
    return self._call_impl(*args, **kwargs)
           ^^^^^^^^^^^^^^^^^^^^^^^^^^^^^^^^
  File "/projects/e32998/env/lib/python3.12/site-packages/torch/nn/modules/module.py", line 1786, in _call_impl
    return forward_call(*args, **kwargs)
           ^^^^^^^^^^^^^^^^^^^^^^^^^^^^^
  File "/gpfs/home/bdp1083/Code2_ModelTraining_Optuna_13Feb_Ben/models.py", line 191, in forward
    stain_emb, stain_attn_info = self.process_single_stain(
                                 ^^^^^^^^^^^^^^^^^^^^^^^^^^
  File "/gpfs/home/bdp1083/Code2_ModelTraining_Optuna_13Feb_Ben/models.py", line 129, in process_single_stain
    patch_emb = self.patch_projector(pooled)  # (1, D)
                ^^^^^^^^^^^^^^^^^^^^^^^^^^^^
  File "/projects/e32998/env/lib/python3.12/site-packages/torch/nn/modules/module.py", line 1775, in _wrapped_call_impl
    return self._call_impl(*args, **kwargs)
           ^^^^^^^^^^^^^^^^^^^^^^^^^^^^^^^^
  File "/projects/e32998/env/lib/python3.12/site-packages/torch/nn/modules/module.py", line 1786, in _call_impl
    return forward_call(*args, **kwargs)
           ^^^^^^^^^^^^^^^^^^^^^^^^^^^^^
  File "/projects/e32998/env/lib/python3.12/site-packages/torch/nn/modules/container.py", line 250, in forward
    input = module(input)
            ^^^^^^^^^^^^^
  File "/projects/e32998/env/lib/python3.12/site-packages/torch/nn/modules/module.py", line 1775, in _wrapped_call_impl
    return self._call_impl(*args, **kwargs)
           ^^^^^^^^^^^^^^^^^^^^^^^^^^^^^^^^
  File "/projects/e32998/env/lib/python3.12/site-packages/torch/nn/modules/module.py", line 1786, in _call_impl
    return forward_call(*args, **kwargs)
           ^^^^^^^^^^^^^^^^^^^^^^^^^^^^^
  File "/projects/e32998/env/lib/python3.12/site-packages/torch/nn/modules/linear.py", line 134, in forward
    return F.linear(input, self.weight, self.bias)
           ^^^^^^^^^^^^^^^^^^^^^^^^^^^^^^^^^^^^^^^
RuntimeError: mat1 and mat2 shapes cannot be multiplied (1x1024 and 4096x1024)
