[I 2026-02-14 16:21:54,892] A new study created in memory with name: mil_study
  0%|          | 0/10 [00:00<?, ?it/s]/projects/e32998/env/lib/python3.12/site-packages/torchvision/models/_utils.py:208: UserWarning: The parameter 'pretrained' is deprecated since 0.13 and may be removed in the future, please use 'weights' instead.
  warnings.warn(
/projects/e32998/env/lib/python3.12/site-packages/torchvision/models/_utils.py:223: UserWarning: Arguments other than a weight enum or `None` for 'weights' are deprecated since 0.13 and may be removed in the future. The current behavior is equivalent to passing `weights=None`.
  warnings.warn(msg)
/projects/e32998/env/lib/python3.12/site-packages/torch/utils/data/dataloader.py:668: UserWarning: 'pin_memory' argument is set as true but no accelerator is found, then device pinned memory won't be used.
  warnings.warn(warn_msg)
                                        0%|          | 0/10 [1:25:18<?, ?it/s]                                          0%|          | 0/10 [1:25:18<?, ?it/s]  0%|          | 0/10 [1:25:18<?, ?it/s]
Traceback (most recent call last):
  File "/gpfs/home/bdp1083/Code2_ModelTraining_Optuna_13Feb_Ben/optuna_training.py", line 658, in <module>
    main()
  File "/gpfs/home/bdp1083/Code2_ModelTraining_Optuna_13Feb_Ben/optuna_training.py", line 636, in main
    study.optimize(
  File "/projects/e32998/env/lib/python3.12/site-packages/optuna/study/study.py", line 490, in optimize
    _optimize(
  File "/projects/e32998/env/lib/python3.12/site-packages/optuna/study/_optimize.py", line 68, in _optimize
    _optimize_sequential(
  File "/projects/e32998/env/lib/python3.12/site-packages/optuna/study/_optimize.py", line 165, in _optimize_sequential
    frozen_trial_id = _run_trial(study, func, catch)
                      ^^^^^^^^^^^^^^^^^^^^^^^^^^^^^^
  File "/projects/e32998/env/lib/python3.12/site-packages/optuna/study/_optimize.py", line 263, in _run_trial
    raise func_err
  File "/projects/e32998/env/lib/python3.12/site-packages/optuna/study/_optimize.py", line 206, in _run_trial
    value_or_values = func(trial)
                      ^^^^^^^^^^^
  File "/gpfs/home/bdp1083/Code2_ModelTraining_Optuna_13Feb_Ben/optuna_training.py", line 622, in objective_wrapper
    return objective(
           ^^^^^^^^^^
  File "/gpfs/home/bdp1083/Code2_ModelTraining_Optuna_13Feb_Ben/optuna_training.py", line 279, in objective
    best_val_loss, best_val_accuracy = trainer.train_with_pruning(
                                       ^^^^^^^^^^^^^^^^^^^^^^^^^^^
  File "/gpfs/home/bdp1083/Code2_ModelTraining_Optuna_13Feb_Ben/optuna_training.py", line 170, in train_with_pruning
    val_loss, val_acc = self.validate(val_loader)
                        ^^^^^^^^^^^^^^^^^^^^^^^^^
  File "/gpfs/home/bdp1083/Code2_ModelTraining_Optuna_13Feb_Ben/optuna_training.py", line 130, in validate
    outputs = self.model(stain_slices)
              ^^^^^^^^^^^^^^^^^^^^^^^^
  File "/projects/e32998/env/lib/python3.12/site-packages/torch/nn/modules/module.py", line 1775, in _wrapped_call_impl
    return self._call_impl(*args, **kwargs)
           ^^^^^^^^^^^^^^^^^^^^^^^^^^^^^^^^
  File "/projects/e32998/env/lib/python3.12/site-packages/torch/nn/modules/module.py", line 1786, in _call_impl
    return forward_call(*args, **kwargs)
           ^^^^^^^^^^^^^^^^^^^^^^^^^^^^^
  File "/gpfs/home/bdp1083/Code2_ModelTraining_Optuna_13Feb_Ben/models.py", line 199, in forward
    stain_emb, stain_attn_info = self.process_single_stain(
                                 ^^^^^^^^^^^^^^^^^^^^^^^^^^
  File "/gpfs/home/bdp1083/Code2_ModelTraining_Optuna_13Feb_Ben/models.py", line 134, in process_single_stain
    patch_features = self.features(patch_tensor)  # (1, F, h, w)
                     ^^^^^^^^^^^^^^^^^^^^^^^^^^^
  File "/projects/e32998/env/lib/python3.12/site-packages/torch/nn/modules/module.py", line 1775, in _wrapped_call_impl
    return self._call_impl(*args, **kwargs)
           ^^^^^^^^^^^^^^^^^^^^^^^^^^^^^^^^
  File "/projects/e32998/env/lib/python3.12/site-packages/torch/nn/modules/module.py", line 1786, in _call_impl
    return forward_call(*args, **kwargs)
           ^^^^^^^^^^^^^^^^^^^^^^^^^^^^^
  File "/projects/e32998/env/lib/python3.12/site-packages/torch/nn/modules/container.py", line 250, in forward
    input = module(input)
            ^^^^^^^^^^^^^
  File "/projects/e32998/env/lib/python3.12/site-packages/torch/nn/modules/module.py", line 1775, in _wrapped_call_impl
    return self._call_impl(*args, **kwargs)
           ^^^^^^^^^^^^^^^^^^^^^^^^^^^^^^^^
  File "/projects/e32998/env/lib/python3.12/site-packages/torch/nn/modules/module.py", line 1786, in _call_impl
    return forward_call(*args, **kwargs)
           ^^^^^^^^^^^^^^^^^^^^^^^^^^^^^
  File "/projects/e32998/env/lib/python3.12/site-packages/torch/nn/modules/container.py", line 250, in forward
    input = module(input)
            ^^^^^^^^^^^^^
  File "/projects/e32998/env/lib/python3.12/site-packages/torch/nn/modules/module.py", line 1775, in _wrapped_call_impl
    return self._call_impl(*args, **kwargs)
           ^^^^^^^^^^^^^^^^^^^^^^^^^^^^^^^^
  File "/projects/e32998/env/lib/python3.12/site-packages/torch/nn/modules/module.py", line 1786, in _call_impl
    return forward_call(*args, **kwargs)
           ^^^^^^^^^^^^^^^^^^^^^^^^^^^^^
  File "/projects/e32998/env/lib/python3.12/site-packages/torch/nn/modules/pooling.py", line 781, in forward
    return F.avg_pool2d(
           ^^^^^^^^^^^^^
RuntimeError: Given input size: (512x2x1). Calculated output size: (512x1x0). Output size is too small
