Job ID: 481328
Start time: Sun Mar  1 19:43:55 CST 2026
Requirement already satisfied: torch>=1.9.0 in /projects/e32998/env/lib/python3.12/site-packages (from -r /home/bdp1083/Presentation_3_code/Updated_Model_code_FEB27/requirements.txt (line 2)) (2.9.0)
Requirement already satisfied: torchvision>=0.10.0 in /projects/e32998/env/lib/python3.12/site-packages (from -r /home/bdp1083/Presentation_3_code/Updated_Model_code_FEB27/requirements.txt (line 3)) (0.24.0)
Requirement already satisfied: numpy>=1.21.0 in /projects/e32998/env/lib/python3.12/site-packages (from -r /home/bdp1083/Presentation_3_code/Updated_Model_code_FEB27/requirements.txt (line 4)) (2.3.4)
Requirement already satisfied: pandas>=1.3.0 in /projects/e32998/env/lib/python3.12/site-packages (from -r /home/bdp1083/Presentation_3_code/Updated_Model_code_FEB27/requirements.txt (line 5)) (2.3.3)
Requirement already satisfied: scikit-learn>=1.0.0 in /projects/e32998/env/lib/python3.12/site-packages (from -r /home/bdp1083/Presentation_3_code/Updated_Model_code_FEB27/requirements.txt (line 6)) (1.7.2)
Requirement already satisfied: Pillow>=8.3.0 in /projects/e32998/env/lib/python3.12/site-packages (from -r /home/bdp1083/Presentation_3_code/Updated_Model_code_FEB27/requirements.txt (line 7)) (12.0.0)
Requirement already satisfied: tqdm>=4.62.0 in /projects/e32998/env/lib/python3.12/site-packages (from -r /home/bdp1083/Presentation_3_code/Updated_Model_code_FEB27/requirements.txt (line 8)) (4.67.1)
Requirement already satisfied: matplotlib>=3.5.0 in /projects/e32998/env/lib/python3.12/site-packages (from -r /home/bdp1083/Presentation_3_code/Updated_Model_code_FEB27/requirements.txt (line 11)) (3.10.7)
Requirement already satisfied: seaborn>=0.11.0 in /projects/e32998/env/lib/python3.12/site-packages (from -r /home/bdp1083/Presentation_3_code/Updated_Model_code_FEB27/requirements.txt (line 12)) (0.13.2)
Requirement already satisfied: optuna>=3.0.0 in /projects/e32998/env/lib/python3.12/site-packages (from -r /home/bdp1083/Presentation_3_code/Updated_Model_code_FEB27/requirements.txt (line 15)) (4.7.0)
Requirement already satisfied: psutil>=5.8.0 in /projects/e32998/env/lib/python3.12/site-packages (from -r /home/bdp1083/Presentation_3_code/Updated_Model_code_FEB27/requirements.txt (line 18)) (7.1.2)
Requirement already satisfied: imbalanced-learn>=0.8.0 in /projects/e32998/env/lib/python3.12/site-packages (from -r /home/bdp1083/Presentation_3_code/Updated_Model_code_FEB27/requirements.txt (line 21)) (0.14.0)
Requirement already satisfied: filelock in /projects/e32998/env/lib/python3.12/site-packages (from torch>=1.9.0->-r /home/bdp1083/Presentation_3_code/Updated_Model_code_FEB27/requirements.txt (line 2)) (3.20.0)
Requirement already satisfied: typing-extensions>=4.10.0 in /projects/e32998/env/lib/python3.12/site-packages (from torch>=1.9.0->-r /home/bdp1083/Presentation_3_code/Updated_Model_code_FEB27/requirements.txt (line 2)) (4.15.0)
Requirement already satisfied: setuptools in /projects/e32998/env/lib/python3.12/site-packages (from torch>=1.9.0->-r /home/bdp1083/Presentation_3_code/Updated_Model_code_FEB27/requirements.txt (line 2)) (80.9.0)
Requirement already satisfied: sympy>=1.13.3 in /projects/e32998/env/lib/python3.12/site-packages (from torch>=1.9.0->-r /home/bdp1083/Presentation_3_code/Updated_Model_code_FEB27/requirements.txt (line 2)) (1.14.0)
Requirement already satisfied: networkx>=2.5.1 in /projects/e32998/env/lib/python3.12/site-packages (from torch>=1.9.0->-r /home/bdp1083/Presentation_3_code/Updated_Model_code_FEB27/requirements.txt (line 2)) (3.5)
Requirement already satisfied: jinja2 in /projects/e32998/env/lib/python3.12/site-packages (from torch>=1.9.0->-r /home/bdp1083/Presentation_3_code/Updated_Model_code_FEB27/requirements.txt (line 2)) (3.1.6)
Requirement already satisfied: fsspec>=0.8.5 in /projects/e32998/env/lib/python3.12/site-packages (from torch>=1.9.0->-r /home/bdp1083/Presentation_3_code/Updated_Model_code_FEB27/requirements.txt (line 2)) (2025.9.0)
Requirement already satisfied: nvidia-cuda-nvrtc-cu12==12.8.93 in /projects/e32998/env/lib/python3.12/site-packages (from torch>=1.9.0->-r /home/bdp1083/Presentation_3_code/Updated_Model_code_FEB27/requirements.txt (line 2)) (12.8.93)
Requirement already satisfied: nvidia-cuda-runtime-cu12==12.8.90 in /projects/e32998/env/lib/python3.12/site-packages (from torch>=1.9.0->-r /home/bdp1083/Presentation_3_code/Updated_Model_code_FEB27/requirements.txt (line 2)) (12.8.90)
Requirement already satisfied: nvidia-cuda-cupti-cu12==12.8.90 in /projects/e32998/env/lib/python3.12/site-packages (from torch>=1.9.0->-r /home/bdp1083/Presentation_3_code/Updated_Model_code_FEB27/requirements.txt (line 2)) (12.8.90)
Requirement already satisfied: nvidia-cudnn-cu12==9.10.2.21 in /projects/e32998/env/lib/python3.12/site-packages (from torch>=1.9.0->-r /home/bdp1083/Presentation_3_code/Updated_Model_code_FEB27/requirements.txt (line 2)) (9.10.2.21)
Requirement already satisfied: nvidia-cublas-cu12==12.8.4.1 in /projects/e32998/env/lib/python3.12/site-packages (from torch>=1.9.0->-r /home/bdp1083/Presentation_3_code/Updated_Model_code_FEB27/requirements.txt (line 2)) (12.8.4.1)
Requirement already satisfied: nvidia-cufft-cu12==11.3.3.83 in /projects/e32998/env/lib/python3.12/site-packages (from torch>=1.9.0->-r /home/bdp1083/Presentation_3_code/Updated_Model_code_FEB27/requirements.txt (line 2)) (11.3.3.83)
Requirement already satisfied: nvidia-curand-cu12==10.3.9.90 in /projects/e32998/env/lib/python3.12/site-packages (from torch>=1.9.0->-r /home/bdp1083/Presentation_3_code/Updated_Model_code_FEB27/requirements.txt (line 2)) (10.3.9.90)
Requirement already satisfied: nvidia-cusolver-cu12==11.7.3.90 in /projects/e32998/env/lib/python3.12/site-packages (from torch>=1.9.0->-r /home/bdp1083/Presentation_3_code/Updated_Model_code_FEB27/requirements.txt (line 2)) (11.7.3.90)
Requirement already satisfied: nvidia-cusparse-cu12==12.5.8.93 in /projects/e32998/env/lib/python3.12/site-packages (from torch>=1.9.0->-r /home/bdp1083/Presentation_3_code/Updated_Model_code_FEB27/requirements.txt (line 2)) (12.5.8.93)
Requirement already satisfied: nvidia-cusparselt-cu12==0.7.1 in /projects/e32998/env/lib/python3.12/site-packages (from torch>=1.9.0->-r /home/bdp1083/Presentation_3_code/Updated_Model_code_FEB27/requirements.txt (line 2)) (0.7.1)
Requirement already satisfied: nvidia-nccl-cu12==2.27.5 in /projects/e32998/env/lib/python3.12/site-packages (from torch>=1.9.0->-r /home/bdp1083/Presentation_3_code/Updated_Model_code_FEB27/requirements.txt (line 2)) (2.27.5)
Requirement already satisfied: nvidia-nvshmem-cu12==3.3.20 in /projects/e32998/env/lib/python3.12/site-packages (from torch>=1.9.0->-r /home/bdp1083/Presentation_3_code/Updated_Model_code_FEB27/requirements.txt (line 2)) (3.3.20)
Requirement already satisfied: nvidia-nvtx-cu12==12.8.90 in /projects/e32998/env/lib/python3.12/site-packages (from torch>=1.9.0->-r /home/bdp1083/Presentation_3_code/Updated_Model_code_FEB27/requirements.txt (line 2)) (12.8.90)
Requirement already satisfied: nvidia-nvjitlink-cu12==12.8.93 in /projects/e32998/env/lib/python3.12/site-packages (from torch>=1.9.0->-r /home/bdp1083/Presentation_3_code/Updated_Model_code_FEB27/requirements.txt (line 2)) (12.8.93)
Requirement already satisfied: nvidia-cufile-cu12==1.13.1.3 in /projects/e32998/env/lib/python3.12/site-packages (from torch>=1.9.0->-r /home/bdp1083/Presentation_3_code/Updated_Model_code_FEB27/requirements.txt (line 2)) (1.13.1.3)
Requirement already satisfied: triton==3.5.0 in /projects/e32998/env/lib/python3.12/site-packages (from torch>=1.9.0->-r /home/bdp1083/Presentation_3_code/Updated_Model_code_FEB27/requirements.txt (line 2)) (3.5.0)
Requirement already satisfied: python-dateutil>=2.8.2 in /projects/e32998/env/lib/python3.12/site-packages (from pandas>=1.3.0->-r /home/bdp1083/Presentation_3_code/Updated_Model_code_FEB27/requirements.txt (line 5)) (2.9.0.post0)
Requirement already satisfied: pytz>=2020.1 in /projects/e32998/env/lib/python3.12/site-packages (from pandas>=1.3.0->-r /home/bdp1083/Presentation_3_code/Updated_Model_code_FEB27/requirements.txt (line 5)) (2025.2)
Requirement already satisfied: tzdata>=2022.7 in /projects/e32998/env/lib/python3.12/site-packages (from pandas>=1.3.0->-r /home/bdp1083/Presentation_3_code/Updated_Model_code_FEB27/requirements.txt (line 5)) (2025.2)
Requirement already satisfied: scipy>=1.8.0 in /projects/e32998/env/lib/python3.12/site-packages (from scikit-learn>=1.0.0->-r /home/bdp1083/Presentation_3_code/Updated_Model_code_FEB27/requirements.txt (line 6)) (1.16.3)
Requirement already satisfied: joblib>=1.2.0 in /projects/e32998/env/lib/python3.12/site-packages (from scikit-learn>=1.0.0->-r /home/bdp1083/Presentation_3_code/Updated_Model_code_FEB27/requirements.txt (line 6)) (1.5.2)
Requirement already satisfied: threadpoolctl>=3.1.0 in /projects/e32998/env/lib/python3.12/site-packages (from scikit-learn>=1.0.0->-r /home/bdp1083/Presentation_3_code/Updated_Model_code_FEB27/requirements.txt (line 6)) (3.6.0)
Requirement already satisfied: contourpy>=1.0.1 in /projects/e32998/env/lib/python3.12/site-packages (from matplotlib>=3.5.0->-r /home/bdp1083/Presentation_3_code/Updated_Model_code_FEB27/requirements.txt (line 11)) (1.3.3)
Requirement already satisfied: cycler>=0.10 in /projects/e32998/env/lib/python3.12/site-packages (from matplotlib>=3.5.0->-r /home/bdp1083/Presentation_3_code/Updated_Model_code_FEB27/requirements.txt (line 11)) (0.12.1)
Requirement already satisfied: fonttools>=4.22.0 in /projects/e32998/env/lib/python3.12/site-packages (from matplotlib>=3.5.0->-r /home/bdp1083/Presentation_3_code/Updated_Model_code_FEB27/requirements.txt (line 11)) (4.60.1)
Requirement already satisfied: kiwisolver>=1.3.1 in /projects/e32998/env/lib/python3.12/site-packages (from matplotlib>=3.5.0->-r /home/bdp1083/Presentation_3_code/Updated_Model_code_FEB27/requirements.txt (line 11)) (1.4.9)
Requirement already satisfied: packaging>=20.0 in /projects/e32998/env/lib/python3.12/site-packages (from matplotlib>=3.5.0->-r /home/bdp1083/Presentation_3_code/Updated_Model_code_FEB27/requirements.txt (line 11)) (25.0)
Requirement already satisfied: pyparsing>=3 in /projects/e32998/env/lib/python3.12/site-packages (from matplotlib>=3.5.0->-r /home/bdp1083/Presentation_3_code/Updated_Model_code_FEB27/requirements.txt (line 11)) (3.2.5)
Requirement already satisfied: alembic>=1.5.0 in /projects/e32998/env/lib/python3.12/site-packages (from optuna>=3.0.0->-r /home/bdp1083/Presentation_3_code/Updated_Model_code_FEB27/requirements.txt (line 15)) (1.18.3)
Requirement already satisfied: colorlog in /projects/e32998/env/lib/python3.12/site-packages (from optuna>=3.0.0->-r /home/bdp1083/Presentation_3_code/Updated_Model_code_FEB27/requirements.txt (line 15)) (6.10.1)
Requirement already satisfied: sqlalchemy>=1.4.2 in /projects/e32998/env/lib/python3.12/site-packages (from optuna>=3.0.0->-r /home/bdp1083/Presentation_3_code/Updated_Model_code_FEB27/requirements.txt (line 15)) (2.0.46)
Requirement already satisfied: PyYAML in /projects/e32998/env/lib/python3.12/site-packages (from optuna>=3.0.0->-r /home/bdp1083/Presentation_3_code/Updated_Model_code_FEB27/requirements.txt (line 15)) (6.0.3)
Requirement already satisfied: Mako in /projects/e32998/env/lib/python3.12/site-packages (from alembic>=1.5.0->optuna>=3.0.0->-r /home/bdp1083/Presentation_3_code/Updated_Model_code_FEB27/requirements.txt (line 15)) (1.3.10)
Requirement already satisfied: six>=1.5 in /projects/e32998/env/lib/python3.12/site-packages (from python-dateutil>=2.8.2->pandas>=1.3.0->-r /home/bdp1083/Presentation_3_code/Updated_Model_code_FEB27/requirements.txt (line 5)) (1.17.0)
Requirement already satisfied: greenlet>=1 in /projects/e32998/env/lib/python3.12/site-packages (from sqlalchemy>=1.4.2->optuna>=3.0.0->-r /home/bdp1083/Presentation_3_code/Updated_Model_code_FEB27/requirements.txt (line 15)) (3.3.1)
Requirement already satisfied: mpmath<1.4,>=1.1.0 in /projects/e32998/env/lib/python3.12/site-packages (from sympy>=1.13.3->torch>=1.9.0->-r /home/bdp1083/Presentation_3_code/Updated_Model_code_FEB27/requirements.txt (line 2)) (1.3.0)
Requirement already satisfied: MarkupSafe>=2.0 in /projects/e32998/env/lib/python3.12/site-packages (from jinja2->torch>=1.9.0->-r /home/bdp1083/Presentation_3_code/Updated_Model_code_FEB27/requirements.txt (line 2)) (3.0.3)
Requirement already satisfied: certifi in /projects/e32998/env/lib/python3.12/site-packages (2026.2.25)
Random seed set to 42
Using CPU
================================================================================
OPTUNA HYPERPARAMETER OPTIMIZATION FOR MIL
================================================================================
Device: cpu
Number of trials: 4
Epochs per trial: 30
Pruning warmup: 3 epochs
Per slice cap: 500
Max slices per stain: 5
Output directory: ./optuna_results_20260301_194428
============================================================
PREPARING DATA
============================================================
Loaded 118 labels
Found 83630 patch files
All 3808 non-standard file names were handled.
Grouped into 383 slices
Mapped 371 slices to classes
Class distribution: {1: 238, 0: 133}

----------------------------------------
SPLITTING DATA
----------------------------------------
Loading existing splits from: /home/bdp1083/Presentation_3_code/Updated_Model_code_FEB27/data_splits/data_splits.npz
Data splits loaded from: /home/bdp1083/Presentation_3_code/Updated_Model_code_FEB27/data_splits/data_splits.npz
Loaded splits - Train: 226, Val: 77
Cases per split: 55 19 0
Paths per split: 51023 13864 0
No leakage between train & val (cases).
No leakage between train & test (cases).
No leakage between val & test (cases).
No leakage between train & val (paths).
No leakage between train & test (paths).
No leakage between val & test (paths).

Patch count by class for Train:
  Benign (0):     15126 patches
  High-grade (1): 35897 patches

Patch count by class for Validation:
  Benign (0):     4493 patches
  High-grade (1): 9371 patches

============================================================
CREATING DATA LOADERS
============================================================
Train batches: 55
Val batches: 19

============================================================
CREATING OPTUNA STUDY
============================================================

============================================================
STARTING OPTIMIZATION
============================================================

============================================================
Trial 0
============================================================
Parameters:
  Learning rate: 5.61e-05
  Weight decay: 7.11e-03
  Classifier dropout: 0.140
  Projector dropout: 0.160
  Class weight (benign): 1.81
  Use scheduler: True
  Epoch 5/30 - Train Loss: 0.1722, Val Loss: 0.3890, Val Acc: 0.9474
  Epoch 10/30 - Train Loss: 0.0269, Val Loss: 0.5065, Val Acc: 0.8947
  Epoch 15/30 - Train Loss: 0.0056, Val Loss: 0.4767, Val Acc: 0.8947
  Epoch 20/30 - Train Loss: 0.0041, Val Loss: 0.4803, Val Acc: 0.8947
  Epoch 25/30 - Train Loss: 0.0043, Val Loss: 0.4823, Val Acc: 0.8947
  Epoch 30/30 - Train Loss: 0.0044, Val Loss: 0.4818, Val Acc: 0.8947
Trial 0 completed - Best Val Loss: 0.3890, Best Val Acc: 0.9474
[I 2026-03-01 20:20:11,441] Trial 0 finished with value: 0.3889668122987802 and parameters: {'learning_rate': 5.6115164153345e-05, 'weight_decay': 0.0071144760093434225, 'project_dropout': 0.15979909127171077, 'classifier_dropout': 0.1397987726295555, 'class_weight_benign': 1.812037280884873}. Best is trial 0 with value: 0.3889668122987802.

============================================================
Trial 1
============================================================
Parameters:
  Learning rate: 2.05e-05
  Weight decay: 1.49e-05
  Classifier dropout: 0.140
  Projector dropout: 0.180
  Class weight (benign): 2.92
  Use scheduler: True
  Epoch 5/30 - Train Loss: 0.2691, Val Loss: 0.7476, Val Acc: 0.7895
  Epoch 10/30 - Train Loss: 0.0610, Val Loss: 0.5801, Val Acc: 0.9474
  Epoch 15/30 - Train Loss: 0.0130, Val Loss: 0.6712, Val Acc: 0.8947
  Epoch 20/30 - Train Loss: 0.0096, Val Loss: 0.6789, Val Acc: 0.8947
  Epoch 25/30 - Train Loss: 0.0083, Val Loss: 0.6866, Val Acc: 0.8947
  Epoch 30/30 - Train Loss: 0.0091, Val Loss: 0.6971, Val Acc: 0.8947
Trial 1 completed - Best Val Loss: 0.4725, Best Val Acc: 0.8947
[I 2026-03-01 20:56:05,918] Trial 1 finished with value: 0.4724627789906471 and parameters: {'learning_rate': 2.0511104188433963e-05, 'weight_decay': 1.493656855461762e-05, 'project_dropout': 0.1799264218662403, 'classifier_dropout': 0.14016725176148134, 'class_weight_benign': 2.916145155592091}. Best is trial 0 with value: 0.3889668122987802.

============================================================
Trial 2
============================================================
Parameters:
  Learning rate: 1.10e-05
  Weight decay: 8.12e-03
  Classifier dropout: 0.082
  Projector dropout: 0.175
  Class weight (benign): 1.86
  Use scheduler: True
  Epoch 5/30 - Train Loss: 0.3877, Val Loss: 0.6087, Val Acc: 0.7368
  Epoch 10/30 - Train Loss: 0.1728, Val Loss: 0.4231, Val Acc: 0.9474
  Epoch 15/30 - Train Loss: 0.0822, Val Loss: 0.3603, Val Acc: 0.8947
  Epoch 20/30 - Train Loss: 0.0242, Val Loss: 0.3876, Val Acc: 0.8947
  Epoch 25/30 - Train Loss: 0.0165, Val Loss: 0.3842, Val Acc: 0.8947
  Epoch 30/30 - Train Loss: 0.0143, Val Loss: 0.3842, Val Acc: 0.8947
Trial 2 completed - Best Val Loss: 0.3603, Best Val Acc: 0.8947
[I 2026-03-01 22:46:23,668] Trial 2 finished with value: 0.36029532006317533 and parameters: {'learning_rate': 1.0994335574766187e-05, 'weight_decay': 0.008123245085588688, 'project_dropout': 0.17486639612006327, 'classifier_dropout': 0.08185086660174143, 'class_weight_benign': 1.8636499344142012}. Best is trial 2 with value: 0.36029532006317533.

============================================================
Trial 3
============================================================
Parameters:
  Learning rate: 2.33e-05
  Weight decay: 8.18e-05
  Classifier dropout: 0.115
  Projector dropout: 0.129
  Class weight (benign): 2.08
  Use scheduler: True
  Epoch 5/30 - Train Loss: 0.2733, Val Loss: 0.5243, Val Acc: 0.8947
  Epoch 10/30 - Train Loss: 0.0297, Val Loss: 0.5781, Val Acc: 0.8947
  Epoch 15/30 - Train Loss: 0.0069, Val Loss: 0.7264, Val Acc: 0.8947
  Epoch 20/30 - Train Loss: 0.0053, Val Loss: 0.7375, Val Acc: 0.8421
  Epoch 25/30 - Train Loss: 0.0053, Val Loss: 0.7434, Val Acc: 0.8421
  Epoch 30/30 - Train Loss: 0.0051, Val Loss: 0.7529, Val Acc: 0.8421
Trial 3 completed - Best Val Loss: 0.4700, Best Val Acc: 0.8947
[I 2026-03-02 04:14:56,675] Trial 3 finished with value: 0.46998599230152505 and parameters: {'learning_rate': 2.3270677083837777e-05, 'weight_decay': 8.17949947521167e-05, 'project_dropout': 0.1287134647448357, 'classifier_dropout': 0.11479175279631737, 'class_weight_benign': 2.082458280396084}. Best is trial 2 with value: 0.36029532006317533.

============================================================
SAVING RESULTS
============================================================

Best hyperparameters saved to: ./optuna_results_20260301_194428/best_hyperparameters.json
All trials saved to: ./optuna_results_20260301_194428/all_trials.csv

Generating visualizations...
  - Optimization history saved
  - Parameter importances saved
  - Parallel coordinate plot saved
  - Slice plot saved
  - Contour plot saved

============================================================
OPTIMIZATION SUMMARY
============================================================
Number of trials: 4
Number of pruned trials: 0
Number of complete trials: 4

Best trial: 2
Best validation loss: 0.3603
Best validation accuracy: 0.8947

Best hyperparameters:
  learning_rate: 1.10e-05
  weight_decay: 8.12e-03
  project_dropout: 0.1749
  classifier_dropout: 0.0819
  class_weight_benign: 1.8636

================================================================================
OPTIMIZATION COMPLETED SUCCESSFULLY
================================================================================
Results saved to: ./optuna_results_20260301_194428
View visualizations by opening the HTML files in: ./optuna_results_20260301_194428
