Job ID: 275008
Start time: Sat Feb 28 16:55:19 CST 2026
Requirement already satisfied: torch>=1.9.0 in /home/sml7045/env/lib/python3.12/site-packages (from -r /projects/e32998/STAT390_Winter2026/Team3/Code/presentation3/requirements.txt (line 2)) (2.9.0)
Requirement already satisfied: torchvision>=0.10.0 in /home/sml7045/env/lib/python3.12/site-packages (from -r /projects/e32998/STAT390_Winter2026/Team3/Code/presentation3/requirements.txt (line 3)) (0.24.0)
Requirement already satisfied: numpy>=1.21.0 in /home/sml7045/env/lib/python3.12/site-packages (from -r /projects/e32998/STAT390_Winter2026/Team3/Code/presentation3/requirements.txt (line 4)) (2.3.4)
Requirement already satisfied: pandas>=1.3.0 in /home/sml7045/env/lib/python3.12/site-packages (from -r /projects/e32998/STAT390_Winter2026/Team3/Code/presentation3/requirements.txt (line 5)) (2.3.3)
Requirement already satisfied: scikit-learn>=1.0.0 in /home/sml7045/env/lib/python3.12/site-packages (from -r /projects/e32998/STAT390_Winter2026/Team3/Code/presentation3/requirements.txt (line 6)) (1.7.2)
Requirement already satisfied: Pillow>=8.3.0 in /home/sml7045/env/lib/python3.12/site-packages (from -r /projects/e32998/STAT390_Winter2026/Team3/Code/presentation3/requirements.txt (line 7)) (12.0.0)
Requirement already satisfied: tqdm>=4.62.0 in /home/sml7045/env/lib/python3.12/site-packages (from -r /projects/e32998/STAT390_Winter2026/Team3/Code/presentation3/requirements.txt (line 8)) (4.67.1)
Requirement already satisfied: matplotlib>=3.5.0 in /home/sml7045/env/lib/python3.12/site-packages (from -r /projects/e32998/STAT390_Winter2026/Team3/Code/presentation3/requirements.txt (line 11)) (3.10.7)
Requirement already satisfied: seaborn>=0.11.0 in /home/sml7045/env/lib/python3.12/site-packages (from -r /projects/e32998/STAT390_Winter2026/Team3/Code/presentation3/requirements.txt (line 12)) (0.13.2)
Requirement already satisfied: optuna>=3.0.0 in /home/sml7045/env/lib/python3.12/site-packages (from -r /projects/e32998/STAT390_Winter2026/Team3/Code/presentation3/requirements.txt (line 15)) (4.7.0)
Requirement already satisfied: psutil>=5.8.0 in /home/sml7045/env/lib/python3.12/site-packages (from -r /projects/e32998/STAT390_Winter2026/Team3/Code/presentation3/requirements.txt (line 18)) (7.1.2)
Requirement already satisfied: imbalanced-learn>=0.8.0 in /home/sml7045/env/lib/python3.12/site-packages (from -r /projects/e32998/STAT390_Winter2026/Team3/Code/presentation3/requirements.txt (line 21)) (0.14.0)
Requirement already satisfied: filelock in /home/sml7045/env/lib/python3.12/site-packages (from torch>=1.9.0->-r /projects/e32998/STAT390_Winter2026/Team3/Code/presentation3/requirements.txt (line 2)) (3.20.0)
Requirement already satisfied: typing-extensions>=4.10.0 in /home/sml7045/env/lib/python3.12/site-packages (from torch>=1.9.0->-r /projects/e32998/STAT390_Winter2026/Team3/Code/presentation3/requirements.txt (line 2)) (4.15.0)
Requirement already satisfied: setuptools in /home/sml7045/env/lib/python3.12/site-packages (from torch>=1.9.0->-r /projects/e32998/STAT390_Winter2026/Team3/Code/presentation3/requirements.txt (line 2)) (80.9.0)
Requirement already satisfied: sympy>=1.13.3 in /home/sml7045/env/lib/python3.12/site-packages (from torch>=1.9.0->-r /projects/e32998/STAT390_Winter2026/Team3/Code/presentation3/requirements.txt (line 2)) (1.14.0)
Requirement already satisfied: networkx>=2.5.1 in /home/sml7045/env/lib/python3.12/site-packages (from torch>=1.9.0->-r /projects/e32998/STAT390_Winter2026/Team3/Code/presentation3/requirements.txt (line 2)) (3.5)
Requirement already satisfied: jinja2 in /home/sml7045/env/lib/python3.12/site-packages (from torch>=1.9.0->-r /projects/e32998/STAT390_Winter2026/Team3/Code/presentation3/requirements.txt (line 2)) (3.1.6)
Requirement already satisfied: fsspec>=0.8.5 in /home/sml7045/env/lib/python3.12/site-packages (from torch>=1.9.0->-r /projects/e32998/STAT390_Winter2026/Team3/Code/presentation3/requirements.txt (line 2)) (2025.9.0)
Requirement already satisfied: nvidia-cuda-nvrtc-cu12==12.8.93 in /home/sml7045/env/lib/python3.12/site-packages (from torch>=1.9.0->-r /projects/e32998/STAT390_Winter2026/Team3/Code/presentation3/requirements.txt (line 2)) (12.8.93)
Requirement already satisfied: nvidia-cuda-runtime-cu12==12.8.90 in /home/sml7045/env/lib/python3.12/site-packages (from torch>=1.9.0->-r /projects/e32998/STAT390_Winter2026/Team3/Code/presentation3/requirements.txt (line 2)) (12.8.90)
Requirement already satisfied: nvidia-cuda-cupti-cu12==12.8.90 in /home/sml7045/env/lib/python3.12/site-packages (from torch>=1.9.0->-r /projects/e32998/STAT390_Winter2026/Team3/Code/presentation3/requirements.txt (line 2)) (12.8.90)
Requirement already satisfied: nvidia-cudnn-cu12==9.10.2.21 in /home/sml7045/env/lib/python3.12/site-packages (from torch>=1.9.0->-r /projects/e32998/STAT390_Winter2026/Team3/Code/presentation3/requirements.txt (line 2)) (9.10.2.21)
Requirement already satisfied: nvidia-cublas-cu12==12.8.4.1 in /home/sml7045/env/lib/python3.12/site-packages (from torch>=1.9.0->-r /projects/e32998/STAT390_Winter2026/Team3/Code/presentation3/requirements.txt (line 2)) (12.8.4.1)
Requirement already satisfied: nvidia-cufft-cu12==11.3.3.83 in /home/sml7045/env/lib/python3.12/site-packages (from torch>=1.9.0->-r /projects/e32998/STAT390_Winter2026/Team3/Code/presentation3/requirements.txt (line 2)) (11.3.3.83)
Requirement already satisfied: nvidia-curand-cu12==10.3.9.90 in /home/sml7045/env/lib/python3.12/site-packages (from torch>=1.9.0->-r /projects/e32998/STAT390_Winter2026/Team3/Code/presentation3/requirements.txt (line 2)) (10.3.9.90)
Requirement already satisfied: nvidia-cusolver-cu12==11.7.3.90 in /home/sml7045/env/lib/python3.12/site-packages (from torch>=1.9.0->-r /projects/e32998/STAT390_Winter2026/Team3/Code/presentation3/requirements.txt (line 2)) (11.7.3.90)
Requirement already satisfied: nvidia-cusparse-cu12==12.5.8.93 in /home/sml7045/env/lib/python3.12/site-packages (from torch>=1.9.0->-r /projects/e32998/STAT390_Winter2026/Team3/Code/presentation3/requirements.txt (line 2)) (12.5.8.93)
Requirement already satisfied: nvidia-cusparselt-cu12==0.7.1 in /home/sml7045/env/lib/python3.12/site-packages (from torch>=1.9.0->-r /projects/e32998/STAT390_Winter2026/Team3/Code/presentation3/requirements.txt (line 2)) (0.7.1)
Requirement already satisfied: nvidia-nccl-cu12==2.27.5 in /home/sml7045/env/lib/python3.12/site-packages (from torch>=1.9.0->-r /projects/e32998/STAT390_Winter2026/Team3/Code/presentation3/requirements.txt (line 2)) (2.27.5)
Requirement already satisfied: nvidia-nvshmem-cu12==3.3.20 in /home/sml7045/env/lib/python3.12/site-packages (from torch>=1.9.0->-r /projects/e32998/STAT390_Winter2026/Team3/Code/presentation3/requirements.txt (line 2)) (3.3.20)
Requirement already satisfied: nvidia-nvtx-cu12==12.8.90 in /home/sml7045/env/lib/python3.12/site-packages (from torch>=1.9.0->-r /projects/e32998/STAT390_Winter2026/Team3/Code/presentation3/requirements.txt (line 2)) (12.8.90)
Requirement already satisfied: nvidia-nvjitlink-cu12==12.8.93 in /home/sml7045/env/lib/python3.12/site-packages (from torch>=1.9.0->-r /projects/e32998/STAT390_Winter2026/Team3/Code/presentation3/requirements.txt (line 2)) (12.8.93)
Requirement already satisfied: nvidia-cufile-cu12==1.13.1.3 in /home/sml7045/env/lib/python3.12/site-packages (from torch>=1.9.0->-r /projects/e32998/STAT390_Winter2026/Team3/Code/presentation3/requirements.txt (line 2)) (1.13.1.3)
Requirement already satisfied: triton==3.5.0 in /home/sml7045/env/lib/python3.12/site-packages (from torch>=1.9.0->-r /projects/e32998/STAT390_Winter2026/Team3/Code/presentation3/requirements.txt (line 2)) (3.5.0)
Requirement already satisfied: python-dateutil>=2.8.2 in /home/sml7045/env/lib/python3.12/site-packages (from pandas>=1.3.0->-r /projects/e32998/STAT390_Winter2026/Team3/Code/presentation3/requirements.txt (line 5)) (2.9.0.post0)
Requirement already satisfied: pytz>=2020.1 in /home/sml7045/env/lib/python3.12/site-packages (from pandas>=1.3.0->-r /projects/e32998/STAT390_Winter2026/Team3/Code/presentation3/requirements.txt (line 5)) (2025.2)
Requirement already satisfied: tzdata>=2022.7 in /home/sml7045/env/lib/python3.12/site-packages (from pandas>=1.3.0->-r /projects/e32998/STAT390_Winter2026/Team3/Code/presentation3/requirements.txt (line 5)) (2025.2)
Requirement already satisfied: scipy>=1.8.0 in /home/sml7045/env/lib/python3.12/site-packages (from scikit-learn>=1.0.0->-r /projects/e32998/STAT390_Winter2026/Team3/Code/presentation3/requirements.txt (line 6)) (1.16.3)
Requirement already satisfied: joblib>=1.2.0 in /home/sml7045/env/lib/python3.12/site-packages (from scikit-learn>=1.0.0->-r /projects/e32998/STAT390_Winter2026/Team3/Code/presentation3/requirements.txt (line 6)) (1.5.2)
Requirement already satisfied: threadpoolctl>=3.1.0 in /home/sml7045/env/lib/python3.12/site-packages (from scikit-learn>=1.0.0->-r /projects/e32998/STAT390_Winter2026/Team3/Code/presentation3/requirements.txt (line 6)) (3.6.0)
Requirement already satisfied: contourpy>=1.0.1 in /home/sml7045/env/lib/python3.12/site-packages (from matplotlib>=3.5.0->-r /projects/e32998/STAT390_Winter2026/Team3/Code/presentation3/requirements.txt (line 11)) (1.3.3)
Requirement already satisfied: cycler>=0.10 in /home/sml7045/env/lib/python3.12/site-packages (from matplotlib>=3.5.0->-r /projects/e32998/STAT390_Winter2026/Team3/Code/presentation3/requirements.txt (line 11)) (0.12.1)
Requirement already satisfied: fonttools>=4.22.0 in /home/sml7045/env/lib/python3.12/site-packages (from matplotlib>=3.5.0->-r /projects/e32998/STAT390_Winter2026/Team3/Code/presentation3/requirements.txt (line 11)) (4.60.1)
Requirement already satisfied: kiwisolver>=1.3.1 in /home/sml7045/env/lib/python3.12/site-packages (from matplotlib>=3.5.0->-r /projects/e32998/STAT390_Winter2026/Team3/Code/presentation3/requirements.txt (line 11)) (1.4.9)
Requirement already satisfied: packaging>=20.0 in /home/sml7045/env/lib/python3.12/site-packages (from matplotlib>=3.5.0->-r /projects/e32998/STAT390_Winter2026/Team3/Code/presentation3/requirements.txt (line 11)) (25.0)
Requirement already satisfied: pyparsing>=3 in /home/sml7045/env/lib/python3.12/site-packages (from matplotlib>=3.5.0->-r /projects/e32998/STAT390_Winter2026/Team3/Code/presentation3/requirements.txt (line 11)) (3.2.5)
Requirement already satisfied: alembic>=1.5.0 in /home/sml7045/env/lib/python3.12/site-packages (from optuna>=3.0.0->-r /projects/e32998/STAT390_Winter2026/Team3/Code/presentation3/requirements.txt (line 15)) (1.18.3)
Requirement already satisfied: colorlog in /home/sml7045/env/lib/python3.12/site-packages (from optuna>=3.0.0->-r /projects/e32998/STAT390_Winter2026/Team3/Code/presentation3/requirements.txt (line 15)) (6.10.1)
Requirement already satisfied: sqlalchemy>=1.4.2 in /home/sml7045/env/lib/python3.12/site-packages (from optuna>=3.0.0->-r /projects/e32998/STAT390_Winter2026/Team3/Code/presentation3/requirements.txt (line 15)) (2.0.46)
Requirement already satisfied: PyYAML in /home/sml7045/env/lib/python3.12/site-packages (from optuna>=3.0.0->-r /projects/e32998/STAT390_Winter2026/Team3/Code/presentation3/requirements.txt (line 15)) (6.0.3)
Requirement already satisfied: Mako in /home/sml7045/env/lib/python3.12/site-packages (from alembic>=1.5.0->optuna>=3.0.0->-r /projects/e32998/STAT390_Winter2026/Team3/Code/presentation3/requirements.txt (line 15)) (1.3.10)
Requirement already satisfied: six>=1.5 in /home/sml7045/env/lib/python3.12/site-packages (from python-dateutil>=2.8.2->pandas>=1.3.0->-r /projects/e32998/STAT390_Winter2026/Team3/Code/presentation3/requirements.txt (line 5)) (1.17.0)
Requirement already satisfied: greenlet>=1 in /home/sml7045/env/lib/python3.12/site-packages (from sqlalchemy>=1.4.2->optuna>=3.0.0->-r /projects/e32998/STAT390_Winter2026/Team3/Code/presentation3/requirements.txt (line 15)) (3.3.1)
Requirement already satisfied: mpmath<1.4,>=1.1.0 in /home/sml7045/env/lib/python3.12/site-packages (from sympy>=1.13.3->torch>=1.9.0->-r /projects/e32998/STAT390_Winter2026/Team3/Code/presentation3/requirements.txt (line 2)) (1.3.0)
Requirement already satisfied: MarkupSafe>=2.0 in /home/sml7045/env/lib/python3.12/site-packages (from jinja2->torch>=1.9.0->-r /projects/e32998/STAT390_Winter2026/Team3/Code/presentation3/requirements.txt (line 2)) (3.0.3)
Requirement already satisfied: certifi in /home/sml7045/env/lib/python3.12/site-packages (2026.2.25)
Random seed set to 42
Using CPU
Created run directory: /projects/e32998/MIL_training/final_runs/run_20260228_165553
================================================================================
HIERARCHICAL ATTENTION MIL TRAINING
================================================================================
Arguments: {'labels_csv': '/home/sml7045/presentation3/extra_benign_case_grade_match.csv', 'patches_dir': '/projects/e32998/patches_benign_split', 'epochs': 30, 'lr': 0.00024106495902171608, 'batch_size': 1, 'num_workers': 2, 'embed_dim': 512, 'per_slice_cap': 500, 'max_slices_per_stain': 5, 'seed': 42, 'resume': None, 'eval_only': False, 'analyze_attention': True, 'attention_top_n': 8, 'load_splits': '/home/sml7045/presentation3/data_splits/data_splits.npz', 'checkpoint_dir': '/projects/e32998/MIL_training/final_runs/run_20260228_165553/checkpoints'}
Training config (may be overridden by arguments): {'epochs': 30, 'batch_size': 1, 'learning_rate': 0.00024106495902171608, 'weight_decay': 7.652872182750095e-05, 'num_workers': 2, 'pin_memory': True, 'random_state': 42, 'class_weights': [3.3789978831283785, 1.0], 'patch_proj_dropout': 0.49087538832936756, 'classifier_dropout': 0.43253984700833437, 'entropy_lambda': 0.006161049539380964, 'use_scheduler': True, 'scheduler_type': 'reduce_on_plateau', 'scheduler_patience': 4, 'scheduler_factor': 0.2139, 'scheduler_min_lr': 1e-06, 'early_stopping': False, 'early_stopping_patience': 8, 'early_stopping_min_delta': 0.001, 'early_stopping_min_epochs': 10}
============================================================
PREPARING DATA
============================================================
Loaded 118 labels
Found 83630 patch files
All 3808 non-standard file names were handled.
Grouped into 383 slices
Mapped 371 slices to classes
Class distribution: {1: 238, 0: 133}

----------------------------------------
SPLITTING DATA
----------------------------------------
Loading existing splits from: /home/sml7045/presentation3/data_splits/data_splits.npz
Data splits loaded from: /home/sml7045/presentation3/data_splits/data_splits.npz
Loaded splits - Train: 226, Val: 77, Test: 68
Cases per split: 55 19 19
Paths per split: 51023 13864 15154
No leakage between train & val (cases).
No leakage between train & test (cases).
No leakage between val & test (cases).
No leakage between train & val (paths).
No leakage between train & test (paths).
No leakage between val & test (paths).

Data Summary:
==================================================

Label distribution per split:
label   0   1
split        
test    7  12
train  21  34
val     7  12

Mean patches per stain per split:
       h&e_patches  melan_patches  sox10_patches
split                                           
test         389.1          233.2          175.4
train        458.5          251.3          218.0
val          372.7          198.5          158.5

Median patches per stain per split:
       h&e_patches  melan_patches  sox10_patches
split                                           
test         322.0          226.0          126.0
train        331.0          182.0          162.0
val          273.0          183.0          146.0

Missing stain proportion:
       h&e_missing  melan_missing  sox10_missing
split                                           
test           0.0          0.000          0.053
train          0.0          0.036          0.018
val            0.0          0.000          0.000

Total cases: 93
Total patches: 80,041
==================================================

Patch count by class for Train:
  Benign (0):     15126 patches
  High-grade (1): 35897 patches

Patch count by class for Validation:
  Benign (0):     4493 patches
  High-grade (1): 9371 patches

Patch count by class for Test:
  Benign (0):     6161 patches
  High-grade (1): 8993 patches

Data Integrity Check for Train:
Stain coverage:
  h&e: 55/55 (100.0%)
  melan: 53/55 (96.4%)
  sox10: 54/55 (98.2%)
No issues found

Data Integrity Check for Validation:
Stain coverage:
  h&e: 19/19 (100.0%)
  melan: 19/19 (100.0%)
  sox10: 19/19 (100.0%)
No issues found

Data Integrity Check for Test:
Stain coverage:
  h&e: 19/19 (100.0%)
  melan: 19/19 (100.0%)
  sox10: 18/19 (94.7%)
No issues found
Using existing splits from: /home/sml7045/presentation3/data_splits/data_splits.npz

============================================================
CREATING DATA LOADERS (POOLED FEATURES)
============================================================
Created data loaders - Train: 55, Val: 19, Test: 19

============================================================
CREATING MODEL
============================================================

Model Summary:
==================================================
Total parameters: 2,493,061
Trainable parameters: 2,493,061
Model size: 9.51 MB
==================================================

============================================================
TRAINING MODEL
============================================================
Starting training from epoch 1 to 30
Device: cpu
Model parameters: 2,493,061
LR scheduler: ReduceLROnPlateau

Epoch 1/30 (LR: 2.41e-04)

[EntropyReg DEBUG — first batch only]
  entropy_lambda (lam): 6.161e-03
  base_loss (CE):        0.642341
  entropy_term (mean H): 2.783751
  lam * entropy_term:    0.017151
  (lam*H)/CE ratio:      0.026701
Train Loss: 1.1806 | Val Loss: 0.6065 | Val Acc: 0.6842
Epoch Time: 610.02s
New best validation loss: 0.6065
Checkpoint saved: /projects/e32998/MIL_training/final_runs/run_20260228_165553/checkpoints/20260228_170613_HierarchicalAttnMIL_epoch1.pth
Best checkpoint updated: /projects/e32998/MIL_training/final_runs/run_20260228_165553/checkpoints/best.pth

Epoch 2/30 (LR: 2.41e-04)
Train Loss: 0.5724 | Val Loss: 0.3362 | Val Acc: 0.8947
Epoch Time: 443.55s
New best validation loss: 0.3362
Checkpoint saved: /projects/e32998/MIL_training/final_runs/run_20260228_165553/checkpoints/20260228_171336_HierarchicalAttnMIL_epoch2.pth
Best checkpoint updated: /projects/e32998/MIL_training/final_runs/run_20260228_165553/checkpoints/best.pth

Epoch 3/30 (LR: 2.41e-04)
Train Loss: 0.3899 | Val Loss: 0.5635 | Val Acc: 0.7895
Epoch Time: 344.78s
No improvement for 1 epoch(s)
Checkpoint saved: /projects/e32998/MIL_training/final_runs/run_20260228_165553/checkpoints/20260228_171921_HierarchicalAttnMIL_epoch3.pth

Epoch 4/30 (LR: 2.41e-04)
Train Loss: 0.1348 | Val Loss: 0.8034 | Val Acc: 0.7895
Epoch Time: 157.48s
No improvement for 2 epoch(s)
Checkpoint saved: /projects/e32998/MIL_training/final_runs/run_20260228_165553/checkpoints/20260228_172159_HierarchicalAttnMIL_epoch4.pth

Epoch 5/30 (LR: 2.41e-04)
Train Loss: 0.1843 | Val Loss: 0.5349 | Val Acc: 0.7368
Epoch Time: 99.43s
No improvement for 3 epoch(s)
Checkpoint saved: /projects/e32998/MIL_training/final_runs/run_20260228_165553/checkpoints/20260228_172338_HierarchicalAttnMIL_epoch5.pth

Epoch 6/30 (LR: 2.41e-04)
Train Loss: 0.0711 | Val Loss: 0.8360 | Val Acc: 0.8421
Epoch Time: 108.99s
No improvement for 4 epoch(s)
Checkpoint saved: /projects/e32998/MIL_training/final_runs/run_20260228_165553/checkpoints/20260228_172527_HierarchicalAttnMIL_epoch6.pth

Epoch 7/30 (LR: 2.41e-04)
Train Loss: 0.0340 | Val Loss: 1.0221 | Val Acc: 0.7895
Epoch Time: 85.61s
No improvement for 5 epoch(s)
Checkpoint saved: /projects/e32998/MIL_training/final_runs/run_20260228_165553/checkpoints/20260228_172653_HierarchicalAttnMIL_epoch7.pth

Epoch 8/30 (LR: 5.16e-05)
Train Loss: 0.0438 | Val Loss: 0.7706 | Val Acc: 0.7368
Epoch Time: 87.20s
No improvement for 6 epoch(s)
Checkpoint saved: /projects/e32998/MIL_training/final_runs/run_20260228_165553/checkpoints/20260228_172820_HierarchicalAttnMIL_epoch8.pth

Epoch 9/30 (LR: 5.16e-05)
Train Loss: -0.0023 | Val Loss: 0.7127 | Val Acc: 0.7368
Epoch Time: 113.94s
No improvement for 7 epoch(s)
Checkpoint saved: /projects/e32998/MIL_training/final_runs/run_20260228_165553/checkpoints/20260228_173014_HierarchicalAttnMIL_epoch9.pth

Epoch 10/30 (LR: 5.16e-05)
Train Loss: 0.0217 | Val Loss: 0.8036 | Val Acc: 0.7368
Epoch Time: 111.26s
No improvement for 8 epoch(s)
Checkpoint saved: /projects/e32998/MIL_training/final_runs/run_20260228_165553/checkpoints/20260228_173205_HierarchicalAttnMIL_epoch10.pth

Epoch 11/30 (LR: 5.16e-05)
Train Loss: 0.0031 | Val Loss: 0.7011 | Val Acc: 0.7895
Epoch Time: 89.76s
No improvement for 9 epoch(s)
Checkpoint saved: /projects/e32998/MIL_training/final_runs/run_20260228_165553/checkpoints/20260228_173335_HierarchicalAttnMIL_epoch11.pth

Epoch 12/30 (LR: 5.16e-05)
Train Loss: -0.0060 | Val Loss: 0.7262 | Val Acc: 0.7368
Epoch Time: 84.86s
No improvement for 10 epoch(s)
Checkpoint saved: /projects/e32998/MIL_training/final_runs/run_20260228_165553/checkpoints/20260228_173500_HierarchicalAttnMIL_epoch12.pth

Epoch 13/30 (LR: 1.10e-05)
Train Loss: -0.0073 | Val Loss: 0.7208 | Val Acc: 0.7368
Epoch Time: 81.19s
No improvement for 11 epoch(s)
Checkpoint saved: /projects/e32998/MIL_training/final_runs/run_20260228_165553/checkpoints/20260228_173621_HierarchicalAttnMIL_epoch13.pth

Epoch 14/30 (LR: 1.10e-05)
Train Loss: -0.0061 | Val Loss: 0.7205 | Val Acc: 0.7368
Epoch Time: 83.15s
No improvement for 12 epoch(s)
Checkpoint saved: /projects/e32998/MIL_training/final_runs/run_20260228_165553/checkpoints/20260228_173745_HierarchicalAttnMIL_epoch14.pth

Epoch 15/30 (LR: 1.10e-05)
Train Loss: -0.0060 | Val Loss: 0.7187 | Val Acc: 0.7368
Epoch Time: 93.72s
No improvement for 13 epoch(s)
Checkpoint saved: /projects/e32998/MIL_training/final_runs/run_20260228_165553/checkpoints/20260228_173918_HierarchicalAttnMIL_epoch15.pth

Epoch 16/30 (LR: 1.10e-05)
Train Loss: -0.0072 | Val Loss: 0.7140 | Val Acc: 0.7895
Epoch Time: 102.74s
No improvement for 14 epoch(s)
Checkpoint saved: /projects/e32998/MIL_training/final_runs/run_20260228_165553/checkpoints/20260228_174101_HierarchicalAttnMIL_epoch16.pth

Epoch 17/30 (LR: 1.10e-05)
Train Loss: -0.0062 | Val Loss: 0.7149 | Val Acc: 0.7895
Epoch Time: 107.32s
No improvement for 15 epoch(s)
Checkpoint saved: /projects/e32998/MIL_training/final_runs/run_20260228_165553/checkpoints/20260228_174249_HierarchicalAttnMIL_epoch17.pth

Epoch 18/30 (LR: 2.36e-06)
Train Loss: -0.0082 | Val Loss: 0.7175 | Val Acc: 0.7895
Epoch Time: 108.98s
No improvement for 16 epoch(s)
Checkpoint saved: /projects/e32998/MIL_training/final_runs/run_20260228_165553/checkpoints/20260228_174438_HierarchicalAttnMIL_epoch18.pth

Epoch 19/30 (LR: 2.36e-06)
Train Loss: -0.0095 | Val Loss: 0.7177 | Val Acc: 0.7895
Epoch Time: 93.29s
No improvement for 17 epoch(s)
Checkpoint saved: /projects/e32998/MIL_training/final_runs/run_20260228_165553/checkpoints/20260228_174611_HierarchicalAttnMIL_epoch19.pth

Epoch 20/30 (LR: 2.36e-06)
Train Loss: 0.0060 | Val Loss: 0.7236 | Val Acc: 0.7895
Epoch Time: 87.08s
No improvement for 18 epoch(s)
Checkpoint saved: /projects/e32998/MIL_training/final_runs/run_20260228_165553/checkpoints/20260228_174738_HierarchicalAttnMIL_epoch20.pth

Epoch 21/30 (LR: 2.36e-06)
Train Loss: -0.0098 | Val Loss: 0.7235 | Val Acc: 0.7895
Epoch Time: 86.58s
No improvement for 19 epoch(s)
Checkpoint saved: /projects/e32998/MIL_training/final_runs/run_20260228_165553/checkpoints/20260228_174905_HierarchicalAttnMIL_epoch21.pth

Epoch 22/30 (LR: 2.36e-06)
Train Loss: -0.0004 | Val Loss: 0.7203 | Val Acc: 0.7368
Epoch Time: 94.32s
No improvement for 20 epoch(s)
Checkpoint saved: /projects/e32998/MIL_training/final_runs/run_20260228_165553/checkpoints/20260228_175039_HierarchicalAttnMIL_epoch22.pth

Epoch 23/30 (LR: 1.00e-06)
Train Loss: -0.0052 | Val Loss: 0.7199 | Val Acc: 0.7368
Epoch Time: 91.82s
No improvement for 21 epoch(s)
Checkpoint saved: /projects/e32998/MIL_training/final_runs/run_20260228_165553/checkpoints/20260228_175211_HierarchicalAttnMIL_epoch23.pth

Epoch 24/30 (LR: 1.00e-06)
Train Loss: -0.0029 | Val Loss: 0.7197 | Val Acc: 0.7368
Epoch Time: 97.02s
No improvement for 22 epoch(s)
Checkpoint saved: /projects/e32998/MIL_training/final_runs/run_20260228_165553/checkpoints/20260228_175348_HierarchicalAttnMIL_epoch24.pth

Epoch 25/30 (LR: 1.00e-06)
Train Loss: -0.0069 | Val Loss: 0.7199 | Val Acc: 0.7368
Epoch Time: 88.04s
No improvement for 23 epoch(s)
Checkpoint saved: /projects/e32998/MIL_training/final_runs/run_20260228_165553/checkpoints/20260228_175516_HierarchicalAttnMIL_epoch25.pth

Epoch 26/30 (LR: 1.00e-06)
Train Loss: -0.0029 | Val Loss: 0.7199 | Val Acc: 0.7368
Epoch Time: 113.38s
No improvement for 24 epoch(s)
Checkpoint saved: /projects/e32998/MIL_training/final_runs/run_20260228_165553/checkpoints/20260228_175709_HierarchicalAttnMIL_epoch26.pth

Epoch 27/30 (LR: 1.00e-06)
Train Loss: -0.0111 | Val Loss: 0.7197 | Val Acc: 0.7368
Epoch Time: 89.23s
No improvement for 25 epoch(s)
Checkpoint saved: /projects/e32998/MIL_training/final_runs/run_20260228_165553/checkpoints/20260228_175839_HierarchicalAttnMIL_epoch27.pth

Epoch 28/30 (LR: 1.00e-06)
Train Loss: -0.0061 | Val Loss: 0.7201 | Val Acc: 0.7368
Epoch Time: 94.26s
No improvement for 26 epoch(s)
Checkpoint saved: /projects/e32998/MIL_training/final_runs/run_20260228_165553/checkpoints/20260228_180013_HierarchicalAttnMIL_epoch28.pth

Epoch 29/30 (LR: 1.00e-06)
Train Loss: 0.0020 | Val Loss: 0.7172 | Val Acc: 0.7895
Epoch Time: 94.07s
No improvement for 27 epoch(s)
Checkpoint saved: /projects/e32998/MIL_training/final_runs/run_20260228_165553/checkpoints/20260228_180147_HierarchicalAttnMIL_epoch29.pth

Epoch 30/30 (LR: 1.00e-06)
Train Loss: -0.0039 | Val Loss: 0.7168 | Val Acc: 0.7895
Epoch Time: 83.48s
No improvement for 28 epoch(s)
Checkpoint saved: /projects/e32998/MIL_training/final_runs/run_20260228_165553/checkpoints/20260228_180311_HierarchicalAttnMIL_epoch30.pth

Training completed!

============================================================
EVALUATING MODEL
============================================================

Test Results:
  Test Loss: 0.3148
  Test Acc:  0.8947
  Samples:   19
Predictions saved to: /projects/e32998/MIL_training/final_runs/run_20260228_165553/predictions.csv
Confusion matrix saved to: /projects/e32998/MIL_training/final_runs/run_20260228_165553/confusion_matrix.png

============================================================
ATTENTION ANALYSIS
============================================================
Attention summary saved to: /projects/e32998/MIL_training/final_runs/run_20260228_165553/attention_analysis/attention_summary.txt
Per-case effective patch attention distributions saved.
Per-case & per-stain slice attention rank plots saved to: /projects/e32998/MIL_training/final_runs/run_20260228_165553/attention_analysis/slice_attention
Per-case top 5.0% effective patches CSV saved to: /projects/e32998/MIL_training/final_runs/run_20260228_165553/attention_analysis/top_effective_patches_per_case_5.0pct.csv
Per-case top 5.0% summary saved to: /projects/e32998/MIL_training/final_runs/run_20260228_165553/attention_analysis/top_effective_patches_per_case_summary_5.0pct.txt
Attention analysis saved to: /projects/e32998/MIL_training/final_runs/run_20260228_165553/attention_analysis

Results saved to: /projects/e32998/MIL_training/final_runs/run_20260228_165553

Total execution time: 4327.27s (1.20 hours)
Training completed successfully!
