Job ID: 289787
Start time: Sat Feb 28 18:37:18 CST 2026
Requirement already satisfied: torch>=1.9.0 in /home/sml7045/env/lib/python3.12/site-packages (from -r /projects/e32998/STAT390_Winter2026/Team3/Code/presentation3/requirements.txt (line 2)) (2.9.0)
Requirement already satisfied: torchvision>=0.10.0 in /home/sml7045/env/lib/python3.12/site-packages (from -r /projects/e32998/STAT390_Winter2026/Team3/Code/presentation3/requirements.txt (line 3)) (0.24.0)
Requirement already satisfied: numpy>=1.21.0 in /home/sml7045/env/lib/python3.12/site-packages (from -r /projects/e32998/STAT390_Winter2026/Team3/Code/presentation3/requirements.txt (line 4)) (2.3.4)
Requirement already satisfied: pandas>=1.3.0 in /home/sml7045/env/lib/python3.12/site-packages (from -r /projects/e32998/STAT390_Winter2026/Team3/Code/presentation3/requirements.txt (line 5)) (2.3.3)
Requirement already satisfied: scikit-learn>=1.0.0 in /home/sml7045/env/lib/python3.12/site-packages (from -r /projects/e32998/STAT390_Winter2026/Team3/Code/presentation3/requirements.txt (line 6)) (1.7.2)
Requirement already satisfied: Pillow>=8.3.0 in /home/sml7045/env/lib/python3.12/site-packages (from -r /projects/e32998/STAT390_Winter2026/Team3/Code/presentation3/requirements.txt (line 7)) (12.0.0)
Requirement already satisfied: tqdm>=4.62.0 in /home/sml7045/env/lib/python3.12/site-packages (from -r /projects/e32998/STAT390_Winter2026/Team3/Code/presentation3/requirements.txt (line 8)) (4.67.1)
Requirement already satisfied: matplotlib>=3.5.0 in /home/sml7045/env/lib/python3.12/site-packages (from -r /projects/e32998/STAT390_Winter2026/Team3/Code/presentation3/requirements.txt (line 11)) (3.10.7)
Requirement already satisfied: seaborn>=0.11.0 in /home/sml7045/env/lib/python3.12/site-packages (from -r /projects/e32998/STAT390_Winter2026/Team3/Code/presentation3/requirements.txt (line 12)) (0.13.2)
Requirement already satisfied: optuna>=3.0.0 in /home/sml7045/env/lib/python3.12/site-packages (from -r /projects/e32998/STAT390_Winter2026/Team3/Code/presentation3/requirements.txt (line 15)) (4.7.0)
Requirement already satisfied: psutil>=5.8.0 in /home/sml7045/env/lib/python3.12/site-packages (from -r /projects/e32998/STAT390_Winter2026/Team3/Code/presentation3/requirements.txt (line 18)) (7.1.2)
Requirement already satisfied: imbalanced-learn>=0.8.0 in /home/sml7045/env/lib/python3.12/site-packages (from -r /projects/e32998/STAT390_Winter2026/Team3/Code/presentation3/requirements.txt (line 21)) (0.14.0)
Requirement already satisfied: filelock in /home/sml7045/env/lib/python3.12/site-packages (from torch>=1.9.0->-r /projects/e32998/STAT390_Winter2026/Team3/Code/presentation3/requirements.txt (line 2)) (3.20.0)
Requirement already satisfied: typing-extensions>=4.10.0 in /home/sml7045/env/lib/python3.12/site-packages (from torch>=1.9.0->-r /projects/e32998/STAT390_Winter2026/Team3/Code/presentation3/requirements.txt (line 2)) (4.15.0)
Requirement already satisfied: setuptools in /home/sml7045/env/lib/python3.12/site-packages (from torch>=1.9.0->-r /projects/e32998/STAT390_Winter2026/Team3/Code/presentation3/requirements.txt (line 2)) (80.9.0)
Requirement already satisfied: sympy>=1.13.3 in /home/sml7045/env/lib/python3.12/site-packages (from torch>=1.9.0->-r /projects/e32998/STAT390_Winter2026/Team3/Code/presentation3/requirements.txt (line 2)) (1.14.0)
Requirement already satisfied: networkx>=2.5.1 in /home/sml7045/env/lib/python3.12/site-packages (from torch>=1.9.0->-r /projects/e32998/STAT390_Winter2026/Team3/Code/presentation3/requirements.txt (line 2)) (3.5)
Requirement already satisfied: jinja2 in /home/sml7045/env/lib/python3.12/site-packages (from torch>=1.9.0->-r /projects/e32998/STAT390_Winter2026/Team3/Code/presentation3/requirements.txt (line 2)) (3.1.6)
Requirement already satisfied: fsspec>=0.8.5 in /home/sml7045/env/lib/python3.12/site-packages (from torch>=1.9.0->-r /projects/e32998/STAT390_Winter2026/Team3/Code/presentation3/requirements.txt (line 2)) (2025.9.0)
Requirement already satisfied: nvidia-cuda-nvrtc-cu12==12.8.93 in /home/sml7045/env/lib/python3.12/site-packages (from torch>=1.9.0->-r /projects/e32998/STAT390_Winter2026/Team3/Code/presentation3/requirements.txt (line 2)) (12.8.93)
Requirement already satisfied: nvidia-cuda-runtime-cu12==12.8.90 in /home/sml7045/env/lib/python3.12/site-packages (from torch>=1.9.0->-r /projects/e32998/STAT390_Winter2026/Team3/Code/presentation3/requirements.txt (line 2)) (12.8.90)
Requirement already satisfied: nvidia-cuda-cupti-cu12==12.8.90 in /home/sml7045/env/lib/python3.12/site-packages (from torch>=1.9.0->-r /projects/e32998/STAT390_Winter2026/Team3/Code/presentation3/requirements.txt (line 2)) (12.8.90)
Requirement already satisfied: nvidia-cudnn-cu12==9.10.2.21 in /home/sml7045/env/lib/python3.12/site-packages (from torch>=1.9.0->-r /projects/e32998/STAT390_Winter2026/Team3/Code/presentation3/requirements.txt (line 2)) (9.10.2.21)
Requirement already satisfied: nvidia-cublas-cu12==12.8.4.1 in /home/sml7045/env/lib/python3.12/site-packages (from torch>=1.9.0->-r /projects/e32998/STAT390_Winter2026/Team3/Code/presentation3/requirements.txt (line 2)) (12.8.4.1)
Requirement already satisfied: nvidia-cufft-cu12==11.3.3.83 in /home/sml7045/env/lib/python3.12/site-packages (from torch>=1.9.0->-r /projects/e32998/STAT390_Winter2026/Team3/Code/presentation3/requirements.txt (line 2)) (11.3.3.83)
Requirement already satisfied: nvidia-curand-cu12==10.3.9.90 in /home/sml7045/env/lib/python3.12/site-packages (from torch>=1.9.0->-r /projects/e32998/STAT390_Winter2026/Team3/Code/presentation3/requirements.txt (line 2)) (10.3.9.90)
Requirement already satisfied: nvidia-cusolver-cu12==11.7.3.90 in /home/sml7045/env/lib/python3.12/site-packages (from torch>=1.9.0->-r /projects/e32998/STAT390_Winter2026/Team3/Code/presentation3/requirements.txt (line 2)) (11.7.3.90)
Requirement already satisfied: nvidia-cusparse-cu12==12.5.8.93 in /home/sml7045/env/lib/python3.12/site-packages (from torch>=1.9.0->-r /projects/e32998/STAT390_Winter2026/Team3/Code/presentation3/requirements.txt (line 2)) (12.5.8.93)
Requirement already satisfied: nvidia-cusparselt-cu12==0.7.1 in /home/sml7045/env/lib/python3.12/site-packages (from torch>=1.9.0->-r /projects/e32998/STAT390_Winter2026/Team3/Code/presentation3/requirements.txt (line 2)) (0.7.1)
Requirement already satisfied: nvidia-nccl-cu12==2.27.5 in /home/sml7045/env/lib/python3.12/site-packages (from torch>=1.9.0->-r /projects/e32998/STAT390_Winter2026/Team3/Code/presentation3/requirements.txt (line 2)) (2.27.5)
Requirement already satisfied: nvidia-nvshmem-cu12==3.3.20 in /home/sml7045/env/lib/python3.12/site-packages (from torch>=1.9.0->-r /projects/e32998/STAT390_Winter2026/Team3/Code/presentation3/requirements.txt (line 2)) (3.3.20)
Requirement already satisfied: nvidia-nvtx-cu12==12.8.90 in /home/sml7045/env/lib/python3.12/site-packages (from torch>=1.9.0->-r /projects/e32998/STAT390_Winter2026/Team3/Code/presentation3/requirements.txt (line 2)) (12.8.90)
Requirement already satisfied: nvidia-nvjitlink-cu12==12.8.93 in /home/sml7045/env/lib/python3.12/site-packages (from torch>=1.9.0->-r /projects/e32998/STAT390_Winter2026/Team3/Code/presentation3/requirements.txt (line 2)) (12.8.93)
Requirement already satisfied: nvidia-cufile-cu12==1.13.1.3 in /home/sml7045/env/lib/python3.12/site-packages (from torch>=1.9.0->-r /projects/e32998/STAT390_Winter2026/Team3/Code/presentation3/requirements.txt (line 2)) (1.13.1.3)
Requirement already satisfied: triton==3.5.0 in /home/sml7045/env/lib/python3.12/site-packages (from torch>=1.9.0->-r /projects/e32998/STAT390_Winter2026/Team3/Code/presentation3/requirements.txt (line 2)) (3.5.0)
Requirement already satisfied: python-dateutil>=2.8.2 in /home/sml7045/env/lib/python3.12/site-packages (from pandas>=1.3.0->-r /projects/e32998/STAT390_Winter2026/Team3/Code/presentation3/requirements.txt (line 5)) (2.9.0.post0)
Requirement already satisfied: pytz>=2020.1 in /home/sml7045/env/lib/python3.12/site-packages (from pandas>=1.3.0->-r /projects/e32998/STAT390_Winter2026/Team3/Code/presentation3/requirements.txt (line 5)) (2025.2)
Requirement already satisfied: tzdata>=2022.7 in /home/sml7045/env/lib/python3.12/site-packages (from pandas>=1.3.0->-r /projects/e32998/STAT390_Winter2026/Team3/Code/presentation3/requirements.txt (line 5)) (2025.2)
Requirement already satisfied: scipy>=1.8.0 in /home/sml7045/env/lib/python3.12/site-packages (from scikit-learn>=1.0.0->-r /projects/e32998/STAT390_Winter2026/Team3/Code/presentation3/requirements.txt (line 6)) (1.16.3)
Requirement already satisfied: joblib>=1.2.0 in /home/sml7045/env/lib/python3.12/site-packages (from scikit-learn>=1.0.0->-r /projects/e32998/STAT390_Winter2026/Team3/Code/presentation3/requirements.txt (line 6)) (1.5.2)
Requirement already satisfied: threadpoolctl>=3.1.0 in /home/sml7045/env/lib/python3.12/site-packages (from scikit-learn>=1.0.0->-r /projects/e32998/STAT390_Winter2026/Team3/Code/presentation3/requirements.txt (line 6)) (3.6.0)
Requirement already satisfied: contourpy>=1.0.1 in /home/sml7045/env/lib/python3.12/site-packages (from matplotlib>=3.5.0->-r /projects/e32998/STAT390_Winter2026/Team3/Code/presentation3/requirements.txt (line 11)) (1.3.3)
Requirement already satisfied: cycler>=0.10 in /home/sml7045/env/lib/python3.12/site-packages (from matplotlib>=3.5.0->-r /projects/e32998/STAT390_Winter2026/Team3/Code/presentation3/requirements.txt (line 11)) (0.12.1)
Requirement already satisfied: fonttools>=4.22.0 in /home/sml7045/env/lib/python3.12/site-packages (from matplotlib>=3.5.0->-r /projects/e32998/STAT390_Winter2026/Team3/Code/presentation3/requirements.txt (line 11)) (4.60.1)
Requirement already satisfied: kiwisolver>=1.3.1 in /home/sml7045/env/lib/python3.12/site-packages (from matplotlib>=3.5.0->-r /projects/e32998/STAT390_Winter2026/Team3/Code/presentation3/requirements.txt (line 11)) (1.4.9)
Requirement already satisfied: packaging>=20.0 in /home/sml7045/env/lib/python3.12/site-packages (from matplotlib>=3.5.0->-r /projects/e32998/STAT390_Winter2026/Team3/Code/presentation3/requirements.txt (line 11)) (25.0)
Requirement already satisfied: pyparsing>=3 in /home/sml7045/env/lib/python3.12/site-packages (from matplotlib>=3.5.0->-r /projects/e32998/STAT390_Winter2026/Team3/Code/presentation3/requirements.txt (line 11)) (3.2.5)
Requirement already satisfied: alembic>=1.5.0 in /home/sml7045/env/lib/python3.12/site-packages (from optuna>=3.0.0->-r /projects/e32998/STAT390_Winter2026/Team3/Code/presentation3/requirements.txt (line 15)) (1.18.3)
Requirement already satisfied: colorlog in /home/sml7045/env/lib/python3.12/site-packages (from optuna>=3.0.0->-r /projects/e32998/STAT390_Winter2026/Team3/Code/presentation3/requirements.txt (line 15)) (6.10.1)
Requirement already satisfied: sqlalchemy>=1.4.2 in /home/sml7045/env/lib/python3.12/site-packages (from optuna>=3.0.0->-r /projects/e32998/STAT390_Winter2026/Team3/Code/presentation3/requirements.txt (line 15)) (2.0.46)
Requirement already satisfied: PyYAML in /home/sml7045/env/lib/python3.12/site-packages (from optuna>=3.0.0->-r /projects/e32998/STAT390_Winter2026/Team3/Code/presentation3/requirements.txt (line 15)) (6.0.3)
Requirement already satisfied: Mako in /home/sml7045/env/lib/python3.12/site-packages (from alembic>=1.5.0->optuna>=3.0.0->-r /projects/e32998/STAT390_Winter2026/Team3/Code/presentation3/requirements.txt (line 15)) (1.3.10)
Requirement already satisfied: six>=1.5 in /home/sml7045/env/lib/python3.12/site-packages (from python-dateutil>=2.8.2->pandas>=1.3.0->-r /projects/e32998/STAT390_Winter2026/Team3/Code/presentation3/requirements.txt (line 5)) (1.17.0)
Requirement already satisfied: greenlet>=1 in /home/sml7045/env/lib/python3.12/site-packages (from sqlalchemy>=1.4.2->optuna>=3.0.0->-r /projects/e32998/STAT390_Winter2026/Team3/Code/presentation3/requirements.txt (line 15)) (3.3.1)
Requirement already satisfied: mpmath<1.4,>=1.1.0 in /home/sml7045/env/lib/python3.12/site-packages (from sympy>=1.13.3->torch>=1.9.0->-r /projects/e32998/STAT390_Winter2026/Team3/Code/presentation3/requirements.txt (line 2)) (1.3.0)
Requirement already satisfied: MarkupSafe>=2.0 in /home/sml7045/env/lib/python3.12/site-packages (from jinja2->torch>=1.9.0->-r /projects/e32998/STAT390_Winter2026/Team3/Code/presentation3/requirements.txt (line 2)) (3.0.3)
Requirement already satisfied: certifi in /home/sml7045/env/lib/python3.12/site-packages (2026.2.25)
Random seed set to 42
Using CPU
Created run directory: /projects/e32998/MIL_training/final_runs/run_20260228_183748
================================================================================
HIERARCHICAL ATTENTION MIL TRAINING
================================================================================
Arguments: {'labels_csv': '/home/sml7045/presentation3/extra_benign_case_grade_match.csv', 'patches_dir': '/projects/e32998/patches_benign_split', 'epochs': 30, 'lr': 0.00024106495902171608, 'batch_size': 1, 'num_workers': 2, 'embed_dim': 512, 'per_slice_cap': 500, 'max_slices_per_stain': 5, 'seed': 42, 'resume': None, 'eval_only': False, 'analyze_attention': True, 'attention_top_n': 8, 'load_splits': '/home/sml7045/presentation3/data_splits/xiaolin_split2.npz', 'checkpoint_dir': '/projects/e32998/MIL_training/final_runs/run_20260228_183748/checkpoints'}
Training config (may be overridden by arguments): {'epochs': 30, 'batch_size': 1, 'learning_rate': 0.00024106495902171608, 'weight_decay': 7.652872182750095e-05, 'num_workers': 2, 'pin_memory': True, 'random_state': 42, 'class_weights': [3.3789978831283785, 1.0], 'patch_proj_dropout': 0.49087538832936756, 'classifier_dropout': 0.43253984700833437, 'entropy_lambda': 0.006161049539380964, 'use_scheduler': True, 'scheduler_type': 'reduce_on_plateau', 'scheduler_patience': 4, 'scheduler_factor': 0.2139, 'scheduler_min_lr': 1e-06, 'early_stopping': False, 'early_stopping_patience': 8, 'early_stopping_min_delta': 0.001, 'early_stopping_min_epochs': 10}
============================================================
PREPARING DATA
============================================================
Loaded 118 labels
Found 83630 patch files
All 3808 non-standard file names were handled.
Grouped into 383 slices
Mapped 371 slices to classes
Class distribution: {1: 238, 0: 133}

----------------------------------------
SPLITTING DATA
----------------------------------------
Loading existing splits from: /home/sml7045/presentation3/data_splits/xiaolin_split2.npz
Data splits loaded from: /home/sml7045/presentation3/data_splits/xiaolin_split2.npz
Loaded splits - Train: 202, Val: 56, Test: 113
Cases per split: 55 19 19
Paths per split: 41661 14616 23764
No leakage between train & val (cases).
No leakage between train & test (cases).
No leakage between val & test (cases).
No leakage between train & val (paths).
No leakage between train & test (paths).
No leakage between val & test (paths).

Data Summary:
==================================================

Label distribution per split:
label   0   1
split        
test    7  12
train  21  34
val     7  12

Mean patches per stain per split:
       h&e_patches  melan_patches  sox10_patches
split                                           
test         687.1          320.3          243.3
train        365.8          213.9          177.8
val          342.8          219.5          206.9

Median patches per stain per split:
       h&e_patches  melan_patches  sox10_patches
split                                           
test         545.0          236.0          172.0
train        295.0          175.0          130.0
val          326.0          175.0          163.0

Missing stain proportion:
       h&e_missing  melan_missing  sox10_missing
split                                           
test           0.0          0.053          0.000
train          0.0          0.018          0.036
val            0.0          0.000          0.000

Total cases: 93
Total patches: 80,041
==================================================

Patch count by class for Train:
  Benign (0):     14835 patches
  High-grade (1): 26826 patches

Patch count by class for Validation:
  Benign (0):     5230 patches
  High-grade (1): 9386 patches

Patch count by class for Test:
  Benign (0):     5715 patches
  High-grade (1): 18049 patches

Data Integrity Check for Train:
Stain coverage:
  h&e: 55/55 (100.0%)
  melan: 54/55 (98.2%)
  sox10: 53/55 (96.4%)
No issues found

Data Integrity Check for Validation:
Stain coverage:
  h&e: 19/19 (100.0%)
  melan: 19/19 (100.0%)
  sox10: 19/19 (100.0%)
No issues found

Data Integrity Check for Test:
Stain coverage:
  h&e: 19/19 (100.0%)
  melan: 18/19 (94.7%)
  sox10: 19/19 (100.0%)
No issues found
Using existing splits from: /home/sml7045/presentation3/data_splits/xiaolin_split2.npz

============================================================
CREATING DATA LOADERS (POOLED FEATURES)
============================================================
Created data loaders - Train: 55, Val: 19, Test: 19

============================================================
CREATING MODEL
============================================================

Model Summary:
==================================================
Total parameters: 2,493,061
Trainable parameters: 2,493,061
Model size: 9.51 MB
==================================================

============================================================
TRAINING MODEL
============================================================
Starting training from epoch 1 to 30
Device: cpu
Model parameters: 2,493,061
LR scheduler: ReduceLROnPlateau

Epoch 1/30 (LR: 2.41e-04)

[EntropyReg DEBUG — first batch only]
  entropy_lambda (lam): 6.161e-03
  base_loss (CE):        0.986964
  entropy_term (mean H): 2.445477
  lam * entropy_term:    0.015067
  (lam*H)/CE ratio:      0.015266
Train Loss: 1.0389 | Val Loss: 0.4924 | Val Acc: 0.7895
Epoch Time: 99.29s
New best validation loss: 0.4924
Checkpoint saved: /projects/e32998/MIL_training/final_runs/run_20260228_183748/checkpoints/20260228_183937_HierarchicalAttnMIL_epoch1.pth
Best checkpoint updated: /projects/e32998/MIL_training/final_runs/run_20260228_183748/checkpoints/best.pth

Epoch 2/30 (LR: 2.41e-04)
Train Loss: 0.3599 | Val Loss: 0.4224 | Val Acc: 0.8421
Epoch Time: 51.36s
New best validation loss: 0.4224
Checkpoint saved: /projects/e32998/MIL_training/final_runs/run_20260228_183748/checkpoints/20260228_184028_HierarchicalAttnMIL_epoch2.pth
Best checkpoint updated: /projects/e32998/MIL_training/final_runs/run_20260228_183748/checkpoints/best.pth

Epoch 3/30 (LR: 2.41e-04)
Train Loss: 0.3680 | Val Loss: 0.4681 | Val Acc: 0.7895
Epoch Time: 46.96s
No improvement for 1 epoch(s)
Checkpoint saved: /projects/e32998/MIL_training/final_runs/run_20260228_183748/checkpoints/20260228_184115_HierarchicalAttnMIL_epoch3.pth

Epoch 4/30 (LR: 2.41e-04)
Train Loss: 0.2629 | Val Loss: 0.4344 | Val Acc: 0.7895
Epoch Time: 47.63s
No improvement for 2 epoch(s)
Checkpoint saved: /projects/e32998/MIL_training/final_runs/run_20260228_183748/checkpoints/20260228_184203_HierarchicalAttnMIL_epoch4.pth

Epoch 5/30 (LR: 2.41e-04)
Train Loss: 0.2358 | Val Loss: 0.6828 | Val Acc: 0.7895
Epoch Time: 45.71s
No improvement for 3 epoch(s)
Checkpoint saved: /projects/e32998/MIL_training/final_runs/run_20260228_183748/checkpoints/20260228_184249_HierarchicalAttnMIL_epoch5.pth

Epoch 6/30 (LR: 2.41e-04)
Train Loss: 0.3294 | Val Loss: 0.6200 | Val Acc: 0.7895
Epoch Time: 46.94s
No improvement for 4 epoch(s)
Checkpoint saved: /projects/e32998/MIL_training/final_runs/run_20260228_183748/checkpoints/20260228_184336_HierarchicalAttnMIL_epoch6.pth

Epoch 7/30 (LR: 2.41e-04)
Train Loss: 0.2502 | Val Loss: 1.1927 | Val Acc: 0.7368
Epoch Time: 46.56s
No improvement for 5 epoch(s)
Checkpoint saved: /projects/e32998/MIL_training/final_runs/run_20260228_183748/checkpoints/20260228_184422_HierarchicalAttnMIL_epoch7.pth

Epoch 8/30 (LR: 5.16e-05)
Train Loss: 0.1279 | Val Loss: 0.8258 | Val Acc: 0.6842
Epoch Time: 51.26s
No improvement for 6 epoch(s)
Checkpoint saved: /projects/e32998/MIL_training/final_runs/run_20260228_183748/checkpoints/20260228_184513_HierarchicalAttnMIL_epoch8.pth

Epoch 9/30 (LR: 5.16e-05)
Train Loss: 0.0546 | Val Loss: 0.8139 | Val Acc: 0.7368
Epoch Time: 52.94s
No improvement for 7 epoch(s)
Checkpoint saved: /projects/e32998/MIL_training/final_runs/run_20260228_183748/checkpoints/20260228_184606_HierarchicalAttnMIL_epoch9.pth

Epoch 10/30 (LR: 5.16e-05)
Train Loss: 0.0097 | Val Loss: 0.8862 | Val Acc: 0.7368
Epoch Time: 44.09s
No improvement for 8 epoch(s)
Checkpoint saved: /projects/e32998/MIL_training/final_runs/run_20260228_183748/checkpoints/20260228_184651_HierarchicalAttnMIL_epoch10.pth

Epoch 11/30 (LR: 5.16e-05)
Train Loss: 0.0063 | Val Loss: 0.9247 | Val Acc: 0.7368
Epoch Time: 52.76s
No improvement for 9 epoch(s)
Checkpoint saved: /projects/e32998/MIL_training/final_runs/run_20260228_183748/checkpoints/20260228_184743_HierarchicalAttnMIL_epoch11.pth

Epoch 12/30 (LR: 5.16e-05)
Train Loss: 0.0163 | Val Loss: 0.9615 | Val Acc: 0.7895
Epoch Time: 57.42s
No improvement for 10 epoch(s)
Checkpoint saved: /projects/e32998/MIL_training/final_runs/run_20260228_183748/checkpoints/20260228_184841_HierarchicalAttnMIL_epoch12.pth

Epoch 13/30 (LR: 1.10e-05)
Train Loss: 0.0051 | Val Loss: 0.9755 | Val Acc: 0.7895
Epoch Time: 60.57s
No improvement for 11 epoch(s)
Checkpoint saved: /projects/e32998/MIL_training/final_runs/run_20260228_183748/checkpoints/20260228_184941_HierarchicalAttnMIL_epoch13.pth

Epoch 14/30 (LR: 1.10e-05)
Train Loss: -0.0042 | Val Loss: 0.9697 | Val Acc: 0.7895
Epoch Time: 47.10s
No improvement for 12 epoch(s)
Checkpoint saved: /projects/e32998/MIL_training/final_runs/run_20260228_183748/checkpoints/20260228_185029_HierarchicalAttnMIL_epoch14.pth

Epoch 15/30 (LR: 1.10e-05)
Train Loss: -0.0106 | Val Loss: 0.9705 | Val Acc: 0.7895
Epoch Time: 51.80s
No improvement for 13 epoch(s)
Checkpoint saved: /projects/e32998/MIL_training/final_runs/run_20260228_183748/checkpoints/20260228_185120_HierarchicalAttnMIL_epoch15.pth

Epoch 16/30 (LR: 1.10e-05)
Train Loss: 0.0016 | Val Loss: 0.9609 | Val Acc: 0.7895
Epoch Time: 52.89s
No improvement for 14 epoch(s)
Checkpoint saved: /projects/e32998/MIL_training/final_runs/run_20260228_183748/checkpoints/20260228_185213_HierarchicalAttnMIL_epoch16.pth

Epoch 17/30 (LR: 1.10e-05)
Train Loss: -0.0070 | Val Loss: 0.9663 | Val Acc: 0.7895
Epoch Time: 57.33s
No improvement for 15 epoch(s)
Checkpoint saved: /projects/e32998/MIL_training/final_runs/run_20260228_183748/checkpoints/20260228_185311_HierarchicalAttnMIL_epoch17.pth

Epoch 18/30 (LR: 2.36e-06)
Train Loss: 0.0122 | Val Loss: 0.9715 | Val Acc: 0.7895
Epoch Time: 46.75s
No improvement for 16 epoch(s)
Checkpoint saved: /projects/e32998/MIL_training/final_runs/run_20260228_183748/checkpoints/20260228_185357_HierarchicalAttnMIL_epoch18.pth

Epoch 19/30 (LR: 2.36e-06)
Train Loss: -0.0094 | Val Loss: 0.9752 | Val Acc: 0.7895
Epoch Time: 55.39s
No improvement for 17 epoch(s)
Checkpoint saved: /projects/e32998/MIL_training/final_runs/run_20260228_183748/checkpoints/20260228_185453_HierarchicalAttnMIL_epoch19.pth

Epoch 20/30 (LR: 2.36e-06)
Train Loss: -0.0008 | Val Loss: 0.9687 | Val Acc: 0.7895
Epoch Time: 60.00s
No improvement for 18 epoch(s)
Checkpoint saved: /projects/e32998/MIL_training/final_runs/run_20260228_183748/checkpoints/20260228_185553_HierarchicalAttnMIL_epoch20.pth

Epoch 21/30 (LR: 2.36e-06)
Train Loss: -0.0076 | Val Loss: 0.9687 | Val Acc: 0.7895
Epoch Time: 65.81s
No improvement for 19 epoch(s)
Checkpoint saved: /projects/e32998/MIL_training/final_runs/run_20260228_183748/checkpoints/20260228_185659_HierarchicalAttnMIL_epoch21.pth

Epoch 22/30 (LR: 2.36e-06)
Train Loss: -0.0054 | Val Loss: 0.9686 | Val Acc: 0.7895
Epoch Time: 60.27s
No improvement for 20 epoch(s)
Checkpoint saved: /projects/e32998/MIL_training/final_runs/run_20260228_183748/checkpoints/20260228_185759_HierarchicalAttnMIL_epoch22.pth

Epoch 23/30 (LR: 1.00e-06)
Train Loss: -0.0064 | Val Loss: 0.9670 | Val Acc: 0.7895
Epoch Time: 90.76s
No improvement for 21 epoch(s)
Checkpoint saved: /projects/e32998/MIL_training/final_runs/run_20260228_183748/checkpoints/20260228_185930_HierarchicalAttnMIL_epoch23.pth

Epoch 24/30 (LR: 1.00e-06)
Train Loss: -0.0053 | Val Loss: 0.9667 | Val Acc: 0.7895
Epoch Time: 59.82s
No improvement for 22 epoch(s)
Checkpoint saved: /projects/e32998/MIL_training/final_runs/run_20260228_183748/checkpoints/20260228_190030_HierarchicalAttnMIL_epoch24.pth

Epoch 25/30 (LR: 1.00e-06)
Train Loss: 0.0064 | Val Loss: 0.9682 | Val Acc: 0.7895
Epoch Time: 53.63s
No improvement for 23 epoch(s)
Checkpoint saved: /projects/e32998/MIL_training/final_runs/run_20260228_183748/checkpoints/20260228_190123_HierarchicalAttnMIL_epoch25.pth

Epoch 26/30 (LR: 1.00e-06)
Train Loss: -0.0049 | Val Loss: 0.9689 | Val Acc: 0.7895
Epoch Time: 56.72s
No improvement for 24 epoch(s)
Checkpoint saved: /projects/e32998/MIL_training/final_runs/run_20260228_183748/checkpoints/20260228_190220_HierarchicalAttnMIL_epoch26.pth

Epoch 27/30 (LR: 1.00e-06)
Train Loss: -0.0059 | Val Loss: 0.9695 | Val Acc: 0.7895
Epoch Time: 57.76s
No improvement for 25 epoch(s)
Checkpoint saved: /projects/e32998/MIL_training/final_runs/run_20260228_183748/checkpoints/20260228_190318_HierarchicalAttnMIL_epoch27.pth

Epoch 28/30 (LR: 1.00e-06)
Train Loss: 0.0020 | Val Loss: 0.9664 | Val Acc: 0.7895
Epoch Time: 64.80s
No improvement for 26 epoch(s)
Checkpoint saved: /projects/e32998/MIL_training/final_runs/run_20260228_183748/checkpoints/20260228_190423_HierarchicalAttnMIL_epoch28.pth

Epoch 29/30 (LR: 1.00e-06)
Train Loss: -0.0079 | Val Loss: 0.9672 | Val Acc: 0.7895
Epoch Time: 80.13s
No improvement for 27 epoch(s)
Checkpoint saved: /projects/e32998/MIL_training/final_runs/run_20260228_183748/checkpoints/20260228_190543_HierarchicalAttnMIL_epoch29.pth

Epoch 30/30 (LR: 1.00e-06)
Train Loss: -0.0032 | Val Loss: 0.9705 | Val Acc: 0.7895
Epoch Time: 58.44s
No improvement for 28 epoch(s)
Checkpoint saved: /projects/e32998/MIL_training/final_runs/run_20260228_183748/checkpoints/20260228_190641_HierarchicalAttnMIL_epoch30.pth

Training completed!

============================================================
EVALUATING MODEL
============================================================

Test Results:
  Test Loss: 0.0583
  Test Acc:  1.0000
  Samples:   19
Predictions saved to: /projects/e32998/MIL_training/final_runs/run_20260228_183748/predictions.csv
Confusion matrix saved to: /projects/e32998/MIL_training/final_runs/run_20260228_183748/confusion_matrix.png

============================================================
ATTENTION ANALYSIS
============================================================
Attention summary saved to: /projects/e32998/MIL_training/final_runs/run_20260228_183748/attention_analysis/attention_summary.txt
Per-case effective patch attention distributions saved.
Per-case & per-stain slice attention rank plots saved to: /projects/e32998/MIL_training/final_runs/run_20260228_183748/attention_analysis/slice_attention
Per-case top 5.0% effective patches CSV saved to: /projects/e32998/MIL_training/final_runs/run_20260228_183748/attention_analysis/top_effective_patches_per_case_5.0pct.csv
Per-case top 5.0% summary saved to: /projects/e32998/MIL_training/final_runs/run_20260228_183748/attention_analysis/top_effective_patches_per_case_summary_5.0pct.txt
Attention analysis saved to: /projects/e32998/MIL_training/final_runs/run_20260228_183748/attention_analysis

Results saved to: /projects/e32998/MIL_training/final_runs/run_20260228_183748

Total execution time: 1959.39s (0.54 hours)
Training completed successfully!
