Job ID: 467002
Start time: Sun Mar  1 16:57:33 CST 2026
Running on host: qnode0467
Project dir: /home/zel9906/Code4_ER_and_GA
Using python: /home/zel9906/env/bin/python
Python 3.12.12
Using splits: /home/zel9906/Code4_ER_and_GA/data_splits/data_splits.npz
main.py path: /gpfs/home/zel9906/Code4_ER_and_GA/main.py
Random seed set to 42
Using CPU
Created run directory: /projects/e32998/MIL_training/final_runs/run_20260301_165821_customsplit
================================================================================
HIERARCHICAL ATTENTION MIL TRAINING
================================================================================
Arguments: {'labels_csv': '/projects/e32998/STAT390_Krish/Code/Code4_reduce_runtime/extra_benign_case_grade_match.csv', 'patches_dir': '/projects/e32998/patches_benign_split', 'epochs': 30, 'lr': 0.000208, 'batch_size': 1, 'num_workers': 2, 'run_tag': 'customsplit', 'embed_dim': 512, 'per_slice_cap': 500, 'max_slices_per_stain': 5, 'seed': 42, 'resume': None, 'eval_only': False, 'analyze_attention': True, 'attention_top_n': 8, 'load_splits': '/home/zel9906/Code4_ER_and_GA/data_splits/data_splits.npz', 'checkpoint_dir': '/projects/e32998/MIL_training/final_runs/run_20260301_165821_customsplit/checkpoints'}
Training config (may be overridden by arguments): {'epochs': 30, 'batch_size': 1, 'learning_rate': 0.000208, 'weight_decay': 0.000305, 'num_workers': 2, 'pin_memory': True, 'random_state': 42, 'class_weights': [2.5285, 1.0], 'dropout': 0.2599, 'entropy_lambda': 0.001, 'use_scheduler': True, 'scheduler_type': 'reduce_on_plateau', 'scheduler_patience': 4, 'scheduler_factor': 0.2139, 'scheduler_min_lr': 1e-06, 'early_stopping': True, 'early_stopping_patience': 8, 'early_stopping_min_delta': 0.001, 'early_stopping_min_epochs': 10}
============================================================
PREPARING DATA
============================================================
Loaded 118 labels
Found 83630 patch files
All 3808 non-standard file names were handled.
Grouped into 383 slices
Mapped 371 slices to classes
Class distribution: {0: 133, 1: 238}

----------------------------------------
SPLITTING DATA
----------------------------------------
Loading existing splits from: /home/zel9906/Code4_ER_and_GA/data_splits/data_splits.npz
Data splits loaded from: /home/zel9906/Code4_ER_and_GA/data_splits/data_splits.npz
Loaded splits - Train: 226, Val: 77, Test: 68
Cases per split: 55 19 19
Paths per split: 51023 13864 15154
No leakage between train & val (cases).
No leakage between train & test (cases).
No leakage between val & test (cases).
No leakage between train & val (paths).
No leakage between train & test (paths).
No leakage between val & test (paths).

Data Summary:
==================================================

Label distribution per split:
label   0   1
split        
test    7  12
train  21  34
val     7  12

Mean patches per stain per split:
       h&e_patches  melan_patches  sox10_patches
split                                           
test         389.1          233.2          175.4
train        458.5          251.3          218.0
val          372.7          198.5          158.5

Median patches per stain per split:
       h&e_patches  melan_patches  sox10_patches
split                                           
test         322.0          226.0          126.0
train        331.0          182.0          162.0
val          273.0          183.0          146.0

Missing stain proportion:
       h&e_missing  melan_missing  sox10_missing
split                                           
test           0.0          0.000          0.053
train          0.0          0.036          0.018
val            0.0          0.000          0.000

Total cases: 93
Total patches: 80,041
==================================================

Patch count by class for Train:
  Benign (0):     15126 patches
  High-grade (1): 35897 patches

Patch count by class for Validation:
  Benign (0):     4493 patches
  High-grade (1): 9371 patches

Patch count by class for Test:
  Benign (0):     6161 patches
  High-grade (1): 8993 patches

Data Integrity Check for Train:
Stain coverage:
  h&e: 55/55 (100.0%)
  melan: 53/55 (96.4%)
  sox10: 54/55 (98.2%)
No issues found

Data Integrity Check for Validation:
Stain coverage:
  h&e: 19/19 (100.0%)
  melan: 19/19 (100.0%)
  sox10: 19/19 (100.0%)
No issues found

Data Integrity Check for Test:
Stain coverage:
  h&e: 19/19 (100.0%)
  melan: 19/19 (100.0%)
  sox10: 18/19 (94.7%)
No issues found
Using existing splits from: /home/zel9906/Code4_ER_and_GA/data_splits/data_splits.npz

============================================================
CREATING DATA LOADERS (POOLED FEATURES)
============================================================
Created data loaders - Train: 55, Val: 19, Test: 19

============================================================
CREATING MODEL
============================================================

Model Summary:
==================================================
Total parameters: 2,493,061
Trainable parameters: 2,493,061
Model size: 9.51 MB
==================================================

============================================================
TRAINING MODEL
============================================================
Starting training from epoch 1 to 30
Device: cpu
Model parameters: 2,493,061
LR scheduler: ReduceLROnPlateau
Early stopping enabled (patience=8, min_delta=0.001, min_epochs=10)

Epoch 1/30 (LR: 2.08e-04)
[ER DEBUG] lam=1.000e-03 base_loss=0.381918 entropy=3.213710 lam*H=0.003214
Train Loss: 0.7712 | Val Loss: 0.6606 | Val Acc: 0.7895
Epoch Time: 230.75s
New best validation loss: 0.6606
Checkpoint saved: /projects/e32998/MIL_training/final_runs/run_20260301_165821_customsplit/checkpoints/20260301_170225_HierarchicalAttnMIL_epoch1.pth
Best checkpoint updated: /projects/e32998/MIL_training/final_runs/run_20260301_165821_customsplit/checkpoints/best.pth

Epoch 2/30 (LR: 2.08e-04)
[ER DEBUG] lam=1.000e-03 base_loss=0.000187 entropy=2.118065 lam*H=0.002118
Train Loss: 0.5062 | Val Loss: 1.1493 | Val Acc: 0.5263
Epoch Time: 127.24s
No improvement for 1 epoch(s)
Checkpoint saved: /projects/e32998/MIL_training/final_runs/run_20260301_165821_customsplit/checkpoints/20260301_170432_HierarchicalAttnMIL_epoch2.pth

Epoch 3/30 (LR: 2.08e-04)
[ER DEBUG] lam=1.000e-03 base_loss=2.210777 entropy=2.280155 lam*H=0.002280
Train Loss: 0.7890 | Val Loss: 0.4264 | Val Acc: 0.8421
Epoch Time: 80.12s
New best validation loss: 0.4264
Checkpoint saved: /projects/e32998/MIL_training/final_runs/run_20260301_165821_customsplit/checkpoints/20260301_170552_HierarchicalAttnMIL_epoch3.pth
Best checkpoint updated: /projects/e32998/MIL_training/final_runs/run_20260301_165821_customsplit/checkpoints/best.pth

Epoch 4/30 (LR: 2.08e-04)
[ER DEBUG] lam=1.000e-03 base_loss=0.144746 entropy=2.642637 lam*H=0.002643
Train Loss: 0.3169 | Val Loss: 0.3471 | Val Acc: 0.9474
Epoch Time: 72.94s
New best validation loss: 0.3471
Checkpoint saved: /projects/e32998/MIL_training/final_runs/run_20260301_165821_customsplit/checkpoints/20260301_170705_HierarchicalAttnMIL_epoch4.pth
Best checkpoint updated: /projects/e32998/MIL_training/final_runs/run_20260301_165821_customsplit/checkpoints/best.pth

Epoch 5/30 (LR: 2.08e-04)
[ER DEBUG] lam=1.000e-03 base_loss=0.001509 entropy=1.996085 lam*H=0.001996
Train Loss: 0.1440 | Val Loss: 0.3381 | Val Acc: 0.8947
Epoch Time: 75.61s
New best validation loss: 0.3381
Checkpoint saved: /projects/e32998/MIL_training/final_runs/run_20260301_165821_customsplit/checkpoints/20260301_170821_HierarchicalAttnMIL_epoch5.pth
Best checkpoint updated: /projects/e32998/MIL_training/final_runs/run_20260301_165821_customsplit/checkpoints/best.pth

Epoch 6/30 (LR: 2.08e-04)
[ER DEBUG] lam=1.000e-03 base_loss=0.093146 entropy=2.509778 lam*H=0.002510
Train Loss: 0.0731 | Val Loss: 0.3522 | Val Acc: 0.8947
Epoch Time: 96.75s
No improvement for 1 epoch(s)
Checkpoint saved: /projects/e32998/MIL_training/final_runs/run_20260301_165821_customsplit/checkpoints/20260301_170958_HierarchicalAttnMIL_epoch6.pth

Epoch 7/30 (LR: 2.08e-04)
[ER DEBUG] lam=1.000e-03 base_loss=0.013186 entropy=2.766525 lam*H=0.002767
Train Loss: 0.0825 | Val Loss: 0.6386 | Val Acc: 0.8947
Epoch Time: 78.99s
No improvement for 2 epoch(s)
Checkpoint saved: /projects/e32998/MIL_training/final_runs/run_20260301_165821_customsplit/checkpoints/20260301_171117_HierarchicalAttnMIL_epoch7.pth

Epoch 8/30 (LR: 2.08e-04)
[ER DEBUG] lam=1.000e-03 base_loss=0.085537 entropy=2.331805 lam*H=0.002332
Train Loss: 0.0256 | Val Loss: 0.6582 | Val Acc: 0.8421
Epoch Time: 73.34s
No improvement for 3 epoch(s)
Checkpoint saved: /projects/e32998/MIL_training/final_runs/run_20260301_165821_customsplit/checkpoints/20260301_171230_HierarchicalAttnMIL_epoch8.pth

Epoch 9/30 (LR: 2.08e-04)
[ER DEBUG] lam=1.000e-03 base_loss=0.000825 entropy=2.962147 lam*H=0.002962
Train Loss: 0.0109 | Val Loss: 0.7428 | Val Acc: 0.8947
Epoch Time: 78.21s
No improvement for 4 epoch(s)
Checkpoint saved: /projects/e32998/MIL_training/final_runs/run_20260301_165821_customsplit/checkpoints/20260301_171348_HierarchicalAttnMIL_epoch9.pth

Epoch 10/30 (LR: 2.08e-04)
[ER DEBUG] lam=1.000e-03 base_loss=0.027985 entropy=2.470444 lam*H=0.002470
Train Loss: 0.0012 | Val Loss: 0.6029 | Val Acc: 0.8947
Epoch Time: 98.37s
No improvement for 5 epoch(s)
Checkpoint saved: /projects/e32998/MIL_training/final_runs/run_20260301_165821_customsplit/checkpoints/20260301_171527_HierarchicalAttnMIL_epoch10.pth

Epoch 11/30 (LR: 4.45e-05)
[ER DEBUG] lam=1.000e-03 base_loss=0.000032 entropy=2.514634 lam*H=0.002515
Train Loss: 0.0018 | Val Loss: 0.5107 | Val Acc: 0.8947
Epoch Time: 86.83s
No improvement for 6 epoch(s)
Checkpoint saved: /projects/e32998/MIL_training/final_runs/run_20260301_165821_customsplit/checkpoints/20260301_171654_HierarchicalAttnMIL_epoch11.pth

Epoch 12/30 (LR: 4.45e-05)
[ER DEBUG] lam=1.000e-03 base_loss=0.000063 entropy=2.877916 lam*H=0.002878
Train Loss: -0.0009 | Val Loss: 0.5209 | Val Acc: 0.8947
Epoch Time: 73.14s
No improvement for 7 epoch(s)
Checkpoint saved: /projects/e32998/MIL_training/final_runs/run_20260301_165821_customsplit/checkpoints/20260301_171807_HierarchicalAttnMIL_epoch12.pth

Epoch 13/30 (LR: 4.45e-05)
[ER DEBUG] lam=1.000e-03 base_loss=0.000354 entropy=2.222131 lam*H=0.002222
Train Loss: -0.0011 | Val Loss: 0.5319 | Val Acc: 0.8947
Epoch Time: 93.96s
No improvement for 8 epoch(s)
Checkpoint saved: /projects/e32998/MIL_training/final_runs/run_20260301_165821_customsplit/checkpoints/20260301_171941_HierarchicalAttnMIL_epoch13.pth

Early stopping triggered at epoch 13. Best val loss: 0.3381

Training completed!

============================================================
EVALUATING MODEL
============================================================

Test Results:
  Test Loss: 0.8496
  Test Acc:  0.8421
  Samples:   19
Predictions saved to: /projects/e32998/MIL_training/final_runs/run_20260301_165821_customsplit/predictions.csv
Confusion matrix saved to: /projects/e32998/MIL_training/final_runs/run_20260301_165821_customsplit/confusion_matrix.png

============================================================
ATTENTION ANALYSIS
============================================================
End time: Sun Mar  1 17:20:08 CST 2026
