Job ID: 143345
Start time: Fri Feb 27 18:13:33 CST 2026
Running on host: qnode1171
Project dir: /home/zel9906/Code4_reduce_runtime_ER
Using python: /home/zel9906/env/bin/python
Python 3.12.12
Using splits: /home/zel9906/Code4_reduce_runtime_ER/data_splits/data_splits.npz
main.py path: /gpfs/home/zel9906/Code4_reduce_runtime_ER/main.py
Random seed set to 42
Using CPU
Created run directory: /projects/e32998/MIL_training/final_runs/run_20260227_181419_customsplit
================================================================================
HIERARCHICAL ATTENTION MIL TRAINING
================================================================================
Arguments: {'labels_csv': '/projects/e32998/STAT390_Krish/Code/Code4_reduce_runtime/extra_benign_case_grade_match.csv', 'patches_dir': '/projects/e32998/patches_benign_split', 'epochs': 30, 'lr': 0.000208, 'batch_size': 1, 'num_workers': 2, 'run_tag': 'customsplit', 'embed_dim': 512, 'per_slice_cap': 500, 'max_slices_per_stain': 5, 'seed': 42, 'resume': None, 'eval_only': False, 'analyze_attention': True, 'attention_top_n': 8, 'load_splits': '/home/zel9906/Code4_reduce_runtime_ER/data_splits/data_splits.npz', 'checkpoint_dir': '/projects/e32998/MIL_training/final_runs/run_20260227_181419_customsplit/checkpoints'}
Training config (may be overridden by arguments): {'epochs': 30, 'batch_size': 1, 'learning_rate': 0.000208, 'weight_decay': 0.000305, 'num_workers': 2, 'pin_memory': True, 'random_state': 42, 'class_weights': [2.5285, 1.0], 'dropout': 0.2599, 'entropy_lambda': 0.001, 'use_scheduler': True, 'scheduler_type': 'reduce_on_plateau', 'scheduler_patience': 4, 'scheduler_factor': 0.2139, 'scheduler_min_lr': 1e-06, 'early_stopping': True, 'early_stopping_patience': 8, 'early_stopping_min_delta': 0.001, 'early_stopping_min_epochs': 10}
============================================================
PREPARING DATA
============================================================
Loaded 118 labels
Found 83630 patch files
All 3808 non-standard file names were handled.
Grouped into 383 slices
Mapped 371 slices to classes
Class distribution: {0: 133, 1: 238}

----------------------------------------
SPLITTING DATA
----------------------------------------
Loading existing splits from: /home/zel9906/Code4_reduce_runtime_ER/data_splits/data_splits.npz
Data splits loaded from: /home/zel9906/Code4_reduce_runtime_ER/data_splits/data_splits.npz
Loaded splits - Train: 226, Val: 77, Test: 68
Cases per split: 55 19 19
Paths per split: 51023 13864 15154
No leakage between train & val (cases).
No leakage between train & test (cases).
No leakage between val & test (cases).
No leakage between train & val (paths).
No leakage between train & test (paths).
No leakage between val & test (paths).

Data Summary:
==================================================

Label distribution per split:
label   0   1
split        
test    7  12
train  21  34
val     7  12

Mean patches per stain per split:
       h&e_patches  melan_patches  sox10_patches
split                                           
test         389.1          233.2          175.4
train        458.5          251.3          218.0
val          372.7          198.5          158.5

Median patches per stain per split:
       h&e_patches  melan_patches  sox10_patches
split                                           
test         322.0          226.0          126.0
train        331.0          182.0          162.0
val          273.0          183.0          146.0

Missing stain proportion:
       h&e_missing  melan_missing  sox10_missing
split                                           
test           0.0          0.000          0.053
train          0.0          0.036          0.018
val            0.0          0.000          0.000

Total cases: 93
Total patches: 80,041
==================================================

Patch count by class for Train:
  Benign (0):     15126 patches
  High-grade (1): 35897 patches

Patch count by class for Validation:
  Benign (0):     4493 patches
  High-grade (1): 9371 patches

Patch count by class for Test:
  Benign (0):     6161 patches
  High-grade (1): 8993 patches

Data Integrity Check for Train:
Stain coverage:
  h&e: 55/55 (100.0%)
  melan: 53/55 (96.4%)
  sox10: 54/55 (98.2%)
No issues found

Data Integrity Check for Validation:
Stain coverage:
  h&e: 19/19 (100.0%)
  melan: 19/19 (100.0%)
  sox10: 19/19 (100.0%)
No issues found

Data Integrity Check for Test:
Stain coverage:
  h&e: 19/19 (100.0%)
  melan: 19/19 (100.0%)
  sox10: 18/19 (94.7%)
No issues found
Using existing splits from: /home/zel9906/Code4_reduce_runtime_ER/data_splits/data_splits.npz

============================================================
CREATING DATA LOADERS (POOLED FEATURES)
============================================================
Created data loaders - Train: 55, Val: 19, Test: 19

============================================================
CREATING MODEL
============================================================

Model Summary:
==================================================
Total parameters: 2,296,069
Trainable parameters: 2,296,069
Model size: 8.76 MB
==================================================

============================================================
TRAINING MODEL
============================================================
Starting training from epoch 1 to 30
Device: cpu
Model parameters: 2,296,069
LR scheduler: ReduceLROnPlateau
Early stopping enabled (patience=8, min_delta=0.001, min_epochs=10)

Epoch 1/30 (LR: 2.08e-04)
[ER DEBUG] lam=1.000e-03 base_loss=1.001949 entropy=3.281441 lam*H=0.003281
Train Loss: 0.9588 | Val Loss: 0.8537 | Val Acc: 0.5263
Epoch Time: 278.42s
New best validation loss: 0.8537
Checkpoint saved: /projects/e32998/MIL_training/final_runs/run_20260227_181419_customsplit/checkpoints/20260227_181915_HierarchicalAttnMIL_epoch1.pth
Best checkpoint updated: /projects/e32998/MIL_training/final_runs/run_20260227_181419_customsplit/checkpoints/best.pth

Epoch 2/30 (LR: 2.08e-04)
[ER DEBUG] lam=1.000e-03 base_loss=0.053943 entropy=3.015120 lam*H=0.003015
Train Loss: 0.5110 | Val Loss: 0.4213 | Val Acc: 0.7895
Epoch Time: 255.22s
New best validation loss: 0.4213
Checkpoint saved: /projects/e32998/MIL_training/final_runs/run_20260227_181419_customsplit/checkpoints/20260227_182330_HierarchicalAttnMIL_epoch2.pth
Best checkpoint updated: /projects/e32998/MIL_training/final_runs/run_20260227_181419_customsplit/checkpoints/best.pth

Epoch 3/30 (LR: 2.08e-04)
[ER DEBUG] lam=1.000e-03 base_loss=0.046768 entropy=2.488940 lam*H=0.002489
Train Loss: 0.3369 | Val Loss: 0.3483 | Val Acc: 0.9474
Epoch Time: 274.30s
New best validation loss: 0.3483
Checkpoint saved: /projects/e32998/MIL_training/final_runs/run_20260227_181419_customsplit/checkpoints/20260227_182804_HierarchicalAttnMIL_epoch3.pth
Best checkpoint updated: /projects/e32998/MIL_training/final_runs/run_20260227_181419_customsplit/checkpoints/best.pth

Epoch 4/30 (LR: 2.08e-04)
[ER DEBUG] lam=1.000e-03 base_loss=0.076439 entropy=2.436090 lam*H=0.002436
Train Loss: 0.1952 | Val Loss: 0.3977 | Val Acc: 0.9474
Epoch Time: 256.54s
No improvement for 1 epoch(s)
Checkpoint saved: /projects/e32998/MIL_training/final_runs/run_20260227_181419_customsplit/checkpoints/20260227_183221_HierarchicalAttnMIL_epoch4.pth

Epoch 5/30 (LR: 2.08e-04)
[ER DEBUG] lam=1.000e-03 base_loss=0.147146 entropy=2.219303 lam*H=0.002219
Train Loss: 0.2173 | Val Loss: 0.3838 | Val Acc: 0.8947
Epoch Time: 247.35s
No improvement for 2 epoch(s)
Checkpoint saved: /projects/e32998/MIL_training/final_runs/run_20260227_181419_customsplit/checkpoints/20260227_183628_HierarchicalAttnMIL_epoch5.pth

Epoch 6/30 (LR: 2.08e-04)
[ER DEBUG] lam=1.000e-03 base_loss=0.000659 entropy=2.125867 lam*H=0.002126
Train Loss: 0.0599 | Val Loss: 0.4404 | Val Acc: 0.8421
Epoch Time: 250.24s
No improvement for 3 epoch(s)
Checkpoint saved: /projects/e32998/MIL_training/final_runs/run_20260227_181419_customsplit/checkpoints/20260227_184039_HierarchicalAttnMIL_epoch6.pth

Epoch 7/30 (LR: 2.08e-04)
[ER DEBUG] lam=1.000e-03 base_loss=0.210156 entropy=1.605522 lam*H=0.001606
Train Loss: 0.0237 | Val Loss: 0.6316 | Val Acc: 0.8421
Epoch Time: 280.58s
No improvement for 4 epoch(s)
Checkpoint saved: /projects/e32998/MIL_training/final_runs/run_20260227_181419_customsplit/checkpoints/20260227_184519_HierarchicalAttnMIL_epoch7.pth

Epoch 8/30 (LR: 2.08e-04)
[ER DEBUG] lam=1.000e-03 base_loss=0.095047 entropy=2.260956 lam*H=0.002261
Train Loss: 0.0093 | Val Loss: 0.5595 | Val Acc: 0.8947
Epoch Time: 263.43s
No improvement for 5 epoch(s)
Checkpoint saved: /projects/e32998/MIL_training/final_runs/run_20260227_181419_customsplit/checkpoints/20260227_184943_HierarchicalAttnMIL_epoch8.pth

Epoch 9/30 (LR: 4.45e-05)
[ER DEBUG] lam=1.000e-03 base_loss=0.000263 entropy=2.475794 lam*H=0.002476
Train Loss: 0.0055 | Val Loss: 0.5791 | Val Acc: 0.8947
Epoch Time: 264.70s
No improvement for 6 epoch(s)
Checkpoint saved: /projects/e32998/MIL_training/final_runs/run_20260227_181419_customsplit/checkpoints/20260227_185407_HierarchicalAttnMIL_epoch9.pth

Epoch 10/30 (LR: 4.45e-05)
[ER DEBUG] lam=1.000e-03 base_loss=0.000279 entropy=2.151695 lam*H=0.002152
Train Loss: 0.0022 | Val Loss: 0.5795 | Val Acc: 0.8947
Epoch Time: 295.21s
No improvement for 7 epoch(s)
Checkpoint saved: /projects/e32998/MIL_training/final_runs/run_20260227_181419_customsplit/checkpoints/20260227_185903_HierarchicalAttnMIL_epoch10.pth

Epoch 11/30 (LR: 4.45e-05)
[ER DEBUG] lam=1.000e-03 base_loss=0.000169 entropy=2.523867 lam*H=0.002524
Train Loss: 0.0005 | Val Loss: 0.5803 | Val Acc: 0.8947
Epoch Time: 397.05s
No improvement for 8 epoch(s)
Checkpoint saved: /projects/e32998/MIL_training/final_runs/run_20260227_181419_customsplit/checkpoints/20260227_190540_HierarchicalAttnMIL_epoch11.pth

Early stopping triggered at epoch 11. Best val loss: 0.3483

Training completed!

============================================================
EVALUATING MODEL
============================================================

Test Results:
  Test Loss: 0.2239
  Test Acc:  0.8947
  Samples:   19
Predictions saved to: /projects/e32998/MIL_training/final_runs/run_20260227_181419_customsplit/predictions.csv
Confusion matrix saved to: /projects/e32998/MIL_training/final_runs/run_20260227_181419_customsplit/confusion_matrix.png

============================================================
ATTENTION ANALYSIS
============================================================
Attention summary saved to: /projects/e32998/MIL_training/final_runs/run_20260227_181419_customsplit/attention_analysis/attention_summary.txt
Per-case effective patch attention distributions saved.
Per-case & per-stain slice attention rank plots saved to: /projects/e32998/MIL_training/final_runs/run_20260227_181419_customsplit/attention_analysis/slice_attention
Per-case top 5.0% effective patches CSV saved to: /projects/e32998/MIL_training/final_runs/run_20260227_181419_customsplit/attention_analysis/top_effective_patches_per_case_5.0pct.csv
Per-case top 5.0% summary saved to: /projects/e32998/MIL_training/final_runs/run_20260227_181419_customsplit/attention_analysis/top_effective_patches_per_case_summary_5.0pct.txt
Attention analysis saved to: /projects/e32998/MIL_training/final_runs/run_20260227_181419_customsplit/attention_analysis

Results saved to: /projects/e32998/MIL_training/final_runs/run_20260227_181419_customsplit

Total execution time: 3554.72s (0.99 hours)
Training completed successfully!
End time: Fri Feb 27 19:13:36 CST 2026
