Job ID: 682910
Start time: Mon Mar  2 16:22:44 CST 2026
Running on host: qnode3088
Project dir: /home/zel9906/Code4_reduce_runtime_ER
Using python: /home/zel9906/env/bin/python
Python 3.12.12
Using splits: /home/zel9906/Code4_reduce_runtime_ER/data_splits/data_splits.npz
main.py path: /gpfs/home/zel9906/Code4_reduce_runtime_ER/main.py
Random seed set to 42
Using CPU
Created run directory: /projects/e32998/MIL_training/final_runs/run_20260302_162303_customsplit
================================================================================
HIERARCHICAL ATTENTION MIL TRAINING
================================================================================
Arguments: {'labels_csv': '/projects/e32998/STAT390_Krish/Code/Code4_reduce_runtime/extra_benign_case_grade_match.csv', 'patches_dir': '/projects/e32998/patches_benign_split', 'epochs': 30, 'lr': 0.000208, 'batch_size': 1, 'num_workers': 2, 'run_tag': 'customsplit', 'embed_dim': 512, 'per_slice_cap': 500, 'max_slices_per_stain': 5, 'seed': 42, 'resume': None, 'eval_only': False, 'analyze_attention': True, 'attention_top_n': 8, 'load_splits': '/home/zel9906/Code4_reduce_runtime_ER/data_splits/data_splits.npz', 'checkpoint_dir': '/projects/e32998/MIL_training/final_runs/run_20260302_162303_customsplit/checkpoints'}
Training config (may be overridden by arguments): {'epochs': 30, 'batch_size': 1, 'learning_rate': 0.000208, 'weight_decay': 0.000305, 'num_workers': 2, 'pin_memory': True, 'random_state': 42, 'class_weights': [2.5285, 1.0], 'dropout': 0.2599, 'entropy_lambda': 0.001, 'use_scheduler': True, 'scheduler_type': 'reduce_on_plateau', 'scheduler_patience': 4, 'scheduler_factor': 0.2139, 'scheduler_min_lr': 1e-06, 'early_stopping': True, 'early_stopping_patience': 8, 'early_stopping_min_delta': 0.001, 'early_stopping_min_epochs': 10}
============================================================
PREPARING DATA
============================================================
Loaded 118 labels
Found 83630 patch files
All 3808 non-standard file names were handled.
Grouped into 383 slices
Mapped 371 slices to classes
Class distribution: {1: 238, 0: 133}

----------------------------------------
SPLITTING DATA
----------------------------------------
Loading existing splits from: /home/zel9906/Code4_reduce_runtime_ER/data_splits/data_splits.npz
Data splits loaded from: /home/zel9906/Code4_reduce_runtime_ER/data_splits/data_splits.npz
Loaded splits - Train: 226, Val: 77, Test: 68
Cases per split: 55 19 19
Paths per split: 51023 13864 15154
No leakage between train & val (cases).
No leakage between train & test (cases).
No leakage between val & test (cases).
No leakage between train & val (paths).
No leakage between train & test (paths).
No leakage between val & test (paths).

Data Summary:
==================================================

Label distribution per split:
label   0   1
split        
test    7  12
train  21  34
val     7  12

Mean patches per stain per split:
       h&e_patches  melan_patches  sox10_patches
split                                           
test         389.1          233.2          175.4
train        458.5          251.3          218.0
val          372.7          198.5          158.5

Median patches per stain per split:
       h&e_patches  melan_patches  sox10_patches
split                                           
test         322.0          226.0          126.0
train        331.0          182.0          162.0
val          273.0          183.0          146.0

Missing stain proportion:
       h&e_missing  melan_missing  sox10_missing
split                                           
test           0.0          0.000          0.053
train          0.0          0.036          0.018
val            0.0          0.000          0.000

Total cases: 93
Total patches: 80,041
==================================================

Patch count by class for Train:
  Benign (0):     15126 patches
  High-grade (1): 35897 patches

Patch count by class for Validation:
  Benign (0):     4493 patches
  High-grade (1): 9371 patches

Patch count by class for Test:
  Benign (0):     6161 patches
  High-grade (1): 8993 patches

Data Integrity Check for Train:
Stain coverage:
  h&e: 55/55 (100.0%)
  melan: 53/55 (96.4%)
  sox10: 54/55 (98.2%)
No issues found

Data Integrity Check for Validation:
Stain coverage:
  h&e: 19/19 (100.0%)
  melan: 19/19 (100.0%)
  sox10: 19/19 (100.0%)
No issues found

Data Integrity Check for Test:
Stain coverage:
  h&e: 19/19 (100.0%)
  melan: 19/19 (100.0%)
  sox10: 18/19 (94.7%)
No issues found
Using existing splits from: /home/zel9906/Code4_reduce_runtime_ER/data_splits/data_splits.npz

============================================================
CREATING DATA LOADERS (POOLED FEATURES)
============================================================
Created data loaders - Train: 55, Val: 19, Test: 19

============================================================
CREATING MODEL
============================================================

Model Summary:
==================================================
Total parameters: 2,296,069
Trainable parameters: 2,296,069
Model size: 8.76 MB
==================================================

============================================================
TRAINING MODEL
============================================================
Starting training from epoch 1 to 30
Device: cpu
Model parameters: 2,296,069
LR scheduler: ReduceLROnPlateau
Early stopping enabled (patience=8, min_delta=0.001, min_epochs=10)

Epoch 1/30 (LR: 2.08e-04)
[ER DEBUG] lam=1.000e-03 base_loss=0.350715 entropy=2.881721 lam*H=0.002882
Train Loss: 0.9141 | Val Loss: 0.8486 | Val Acc: 0.6316
Epoch Time: 528.57s
New best validation loss: 0.8486
Checkpoint saved: /projects/e32998/MIL_training/final_runs/run_20260302_162303_customsplit/checkpoints/20260302_163156_HierarchicalAttnMIL_epoch1.pth
Best checkpoint updated: /projects/e32998/MIL_training/final_runs/run_20260302_162303_customsplit/checkpoints/best.pth

Epoch 2/30 (LR: 2.08e-04)
[ER DEBUG] lam=1.000e-03 base_loss=0.185514 entropy=2.249758 lam*H=0.002250
Train Loss: 0.5157 | Val Loss: 0.4220 | Val Acc: 0.8947
Epoch Time: 668.02s
New best validation loss: 0.4220
Checkpoint saved: /projects/e32998/MIL_training/final_runs/run_20260302_162303_customsplit/checkpoints/20260302_164304_HierarchicalAttnMIL_epoch2.pth
Best checkpoint updated: /projects/e32998/MIL_training/final_runs/run_20260302_162303_customsplit/checkpoints/best.pth

Epoch 3/30 (LR: 2.08e-04)
[ER DEBUG] lam=1.000e-03 base_loss=0.000152 entropy=2.990571 lam*H=0.002991
Train Loss: 0.3504 | Val Loss: 0.7670 | Val Acc: 0.7368
Epoch Time: 718.30s
No improvement for 1 epoch(s)
Checkpoint saved: /projects/e32998/MIL_training/final_runs/run_20260302_162303_customsplit/checkpoints/20260302_165502_HierarchicalAttnMIL_epoch3.pth

Epoch 4/30 (LR: 2.08e-04)
[ER DEBUG] lam=1.000e-03 base_loss=2.467188 entropy=2.892401 lam*H=0.002892
Train Loss: 0.3407 | Val Loss: 0.6547 | Val Acc: 0.7368
Epoch Time: 682.77s
No improvement for 2 epoch(s)
Checkpoint saved: /projects/e32998/MIL_training/final_runs/run_20260302_162303_customsplit/checkpoints/20260302_170625_HierarchicalAttnMIL_epoch4.pth

Epoch 5/30 (LR: 2.08e-04)
[ER DEBUG] lam=1.000e-03 base_loss=3.941964 entropy=3.070473 lam*H=0.003070
Train Loss: 0.2860 | Val Loss: 0.4445 | Val Acc: 0.8421
Epoch Time: 632.13s
No improvement for 3 epoch(s)
Checkpoint saved: /projects/e32998/MIL_training/final_runs/run_20260302_162303_customsplit/checkpoints/20260302_171657_HierarchicalAttnMIL_epoch5.pth

Epoch 6/30 (LR: 2.08e-04)
[ER DEBUG] lam=1.000e-03 base_loss=0.039578 entropy=2.323326 lam*H=0.002323
Train Loss: 0.0683 | Val Loss: 0.6770 | Val Acc: 0.8947
Epoch Time: 725.40s
No improvement for 4 epoch(s)
Checkpoint saved: /projects/e32998/MIL_training/final_runs/run_20260302_162303_customsplit/checkpoints/20260302_172903_HierarchicalAttnMIL_epoch6.pth

Epoch 7/30 (LR: 2.08e-04)
[ER DEBUG] lam=1.000e-03 base_loss=0.000579 entropy=2.319350 lam*H=0.002319
Train Loss: 0.0086 | Val Loss: 0.7678 | Val Acc: 0.8947
Epoch Time: 669.95s
No improvement for 5 epoch(s)
Checkpoint saved: /projects/e32998/MIL_training/final_runs/run_20260302_162303_customsplit/checkpoints/20260302_174013_HierarchicalAttnMIL_epoch7.pth

Epoch 8/30 (LR: 4.45e-05)
[ER DEBUG] lam=1.000e-03 base_loss=0.000011 entropy=2.045972 lam*H=0.002046
Train Loss: 0.0012 | Val Loss: 0.7830 | Val Acc: 0.8947
Epoch Time: 632.12s
No improvement for 6 epoch(s)
Checkpoint saved: /projects/e32998/MIL_training/final_runs/run_20260302_162303_customsplit/checkpoints/20260302_175045_HierarchicalAttnMIL_epoch8.pth

Epoch 9/30 (LR: 4.45e-05)
[ER DEBUG] lam=1.000e-03 base_loss=0.006503 entropy=2.309409 lam*H=0.002309
Train Loss: 0.0020 | Val Loss: 0.7960 | Val Acc: 0.8947
Epoch Time: 636.27s
No improvement for 7 epoch(s)
Checkpoint saved: /projects/e32998/MIL_training/final_runs/run_20260302_162303_customsplit/checkpoints/20260302_180121_HierarchicalAttnMIL_epoch9.pth

Epoch 10/30 (LR: 4.45e-05)
[ER DEBUG] lam=1.000e-03 base_loss=0.002753 entropy=2.111619 lam*H=0.002112
Train Loss: 0.0022 | Val Loss: 0.7943 | Val Acc: 0.8947
Epoch Time: 636.28s
No improvement for 8 epoch(s)
Checkpoint saved: /projects/e32998/MIL_training/final_runs/run_20260302_162303_customsplit/checkpoints/20260302_181157_HierarchicalAttnMIL_epoch10.pth

Early stopping triggered at epoch 10. Best val loss: 0.4220

Training completed!

============================================================
EVALUATING MODEL
============================================================

Test Results:
  Test Loss: 0.6903
  Test Acc:  0.6842
  Samples:   19
Predictions saved to: /projects/e32998/MIL_training/final_runs/run_20260302_162303_customsplit/predictions.csv
Confusion matrix saved to: /projects/e32998/MIL_training/final_runs/run_20260302_162303_customsplit/confusion_matrix.png

============================================================
ATTENTION ANALYSIS
============================================================
Attention summary saved to: /projects/e32998/MIL_training/final_runs/run_20260302_162303_customsplit/attention_analysis/attention_summary.txt
Per-case effective patch attention distributions saved.
Per-case & per-stain slice attention rank plots saved to: /projects/e32998/MIL_training/final_runs/run_20260302_162303_customsplit/attention_analysis/slice_attention
Per-case top 5.0% effective patches CSV saved to: /projects/e32998/MIL_training/final_runs/run_20260302_162303_customsplit/attention_analysis/top_effective_patches_per_case_5.0pct.csv
Per-case top 5.0% summary saved to: /projects/e32998/MIL_training/final_runs/run_20260302_162303_customsplit/attention_analysis/top_effective_patches_per_case_summary_5.0pct.txt
Attention analysis saved to: /projects/e32998/MIL_training/final_runs/run_20260302_162303_customsplit/attention_analysis

Results saved to: /projects/e32998/MIL_training/final_runs/run_20260302_162303_customsplit

Total execution time: 6934.78s (1.93 hours)
Training completed successfully!
End time: Mon Mar  2 18:18:40 CST 2026
