Job ID: 9002786
Start time: Tue Feb 17 23:48:17 CST 2026
Requirement already satisfied: torch>=1.9.0 in /projects/e32998/env/lib/python3.12/site-packages (from -r /gpfs/projects/e32998/STAT390_Winter2026/Team5/Code/Code3.5_RedoOptuna_17Feb_Paris/requirements.txt (line 2)) (2.9.0)
Requirement already satisfied: torchvision>=0.10.0 in /projects/e32998/env/lib/python3.12/site-packages (from -r /gpfs/projects/e32998/STAT390_Winter2026/Team5/Code/Code3.5_RedoOptuna_17Feb_Paris/requirements.txt (line 3)) (0.24.0)
Requirement already satisfied: numpy>=1.21.0 in /projects/e32998/env/lib/python3.12/site-packages (from -r /gpfs/projects/e32998/STAT390_Winter2026/Team5/Code/Code3.5_RedoOptuna_17Feb_Paris/requirements.txt (line 4)) (2.3.4)
Requirement already satisfied: pandas>=1.3.0 in /projects/e32998/env/lib/python3.12/site-packages (from -r /gpfs/projects/e32998/STAT390_Winter2026/Team5/Code/Code3.5_RedoOptuna_17Feb_Paris/requirements.txt (line 5)) (2.3.3)
Requirement already satisfied: scikit-learn>=1.0.0 in /projects/e32998/env/lib/python3.12/site-packages (from -r /gpfs/projects/e32998/STAT390_Winter2026/Team5/Code/Code3.5_RedoOptuna_17Feb_Paris/requirements.txt (line 6)) (1.7.2)
Requirement already satisfied: Pillow>=8.3.0 in /projects/e32998/env/lib/python3.12/site-packages (from -r /gpfs/projects/e32998/STAT390_Winter2026/Team5/Code/Code3.5_RedoOptuna_17Feb_Paris/requirements.txt (line 7)) (12.0.0)
Requirement already satisfied: tqdm>=4.62.0 in /projects/e32998/env/lib/python3.12/site-packages (from -r /gpfs/projects/e32998/STAT390_Winter2026/Team5/Code/Code3.5_RedoOptuna_17Feb_Paris/requirements.txt (line 8)) (4.67.1)
Requirement already satisfied: matplotlib>=3.5.0 in /projects/e32998/env/lib/python3.12/site-packages (from -r /gpfs/projects/e32998/STAT390_Winter2026/Team5/Code/Code3.5_RedoOptuna_17Feb_Paris/requirements.txt (line 11)) (3.10.7)
Requirement already satisfied: seaborn>=0.11.0 in /projects/e32998/env/lib/python3.12/site-packages (from -r /gpfs/projects/e32998/STAT390_Winter2026/Team5/Code/Code3.5_RedoOptuna_17Feb_Paris/requirements.txt (line 12)) (0.13.2)
Requirement already satisfied: psutil>=5.8.0 in /projects/e32998/env/lib/python3.12/site-packages (from -r /gpfs/projects/e32998/STAT390_Winter2026/Team5/Code/Code3.5_RedoOptuna_17Feb_Paris/requirements.txt (line 15)) (7.1.2)
Requirement already satisfied: imbalanced-learn>=0.8.0 in /projects/e32998/env/lib/python3.12/site-packages (from -r /gpfs/projects/e32998/STAT390_Winter2026/Team5/Code/Code3.5_RedoOptuna_17Feb_Paris/requirements.txt (line 18)) (0.14.0)
Requirement already satisfied: optuna>=3.0.0 in /projects/e32998/env/lib/python3.12/site-packages (from -r /gpfs/projects/e32998/STAT390_Winter2026/Team5/Code/Code3.5_RedoOptuna_17Feb_Paris/requirements.txt (line 21)) (4.7.0)
Requirement already satisfied: optuna-dashboard>=0.12.0 in /home/pab1998/.local/lib/python3.12/site-packages (from -r /gpfs/projects/e32998/STAT390_Winter2026/Team5/Code/Code3.5_RedoOptuna_17Feb_Paris/requirements.txt (line 22)) (0.20.0)
Requirement already satisfied: filelock in /projects/e32998/env/lib/python3.12/site-packages (from torch>=1.9.0->-r /gpfs/projects/e32998/STAT390_Winter2026/Team5/Code/Code3.5_RedoOptuna_17Feb_Paris/requirements.txt (line 2)) (3.20.0)
Requirement already satisfied: typing-extensions>=4.10.0 in /projects/e32998/env/lib/python3.12/site-packages (from torch>=1.9.0->-r /gpfs/projects/e32998/STAT390_Winter2026/Team5/Code/Code3.5_RedoOptuna_17Feb_Paris/requirements.txt (line 2)) (4.15.0)
Requirement already satisfied: setuptools in /projects/e32998/env/lib/python3.12/site-packages (from torch>=1.9.0->-r /gpfs/projects/e32998/STAT390_Winter2026/Team5/Code/Code3.5_RedoOptuna_17Feb_Paris/requirements.txt (line 2)) (80.9.0)
Requirement already satisfied: sympy>=1.13.3 in /projects/e32998/env/lib/python3.12/site-packages (from torch>=1.9.0->-r /gpfs/projects/e32998/STAT390_Winter2026/Team5/Code/Code3.5_RedoOptuna_17Feb_Paris/requirements.txt (line 2)) (1.14.0)
Requirement already satisfied: networkx>=2.5.1 in /projects/e32998/env/lib/python3.12/site-packages (from torch>=1.9.0->-r /gpfs/projects/e32998/STAT390_Winter2026/Team5/Code/Code3.5_RedoOptuna_17Feb_Paris/requirements.txt (line 2)) (3.5)
Requirement already satisfied: jinja2 in /projects/e32998/env/lib/python3.12/site-packages (from torch>=1.9.0->-r /gpfs/projects/e32998/STAT390_Winter2026/Team5/Code/Code3.5_RedoOptuna_17Feb_Paris/requirements.txt (line 2)) (3.1.6)
Requirement already satisfied: fsspec>=0.8.5 in /projects/e32998/env/lib/python3.12/site-packages (from torch>=1.9.0->-r /gpfs/projects/e32998/STAT390_Winter2026/Team5/Code/Code3.5_RedoOptuna_17Feb_Paris/requirements.txt (line 2)) (2025.9.0)
Requirement already satisfied: nvidia-cuda-nvrtc-cu12==12.8.93 in /projects/e32998/env/lib/python3.12/site-packages (from torch>=1.9.0->-r /gpfs/projects/e32998/STAT390_Winter2026/Team5/Code/Code3.5_RedoOptuna_17Feb_Paris/requirements.txt (line 2)) (12.8.93)
Requirement already satisfied: nvidia-cuda-runtime-cu12==12.8.90 in /projects/e32998/env/lib/python3.12/site-packages (from torch>=1.9.0->-r /gpfs/projects/e32998/STAT390_Winter2026/Team5/Code/Code3.5_RedoOptuna_17Feb_Paris/requirements.txt (line 2)) (12.8.90)
Requirement already satisfied: nvidia-cuda-cupti-cu12==12.8.90 in /projects/e32998/env/lib/python3.12/site-packages (from torch>=1.9.0->-r /gpfs/projects/e32998/STAT390_Winter2026/Team5/Code/Code3.5_RedoOptuna_17Feb_Paris/requirements.txt (line 2)) (12.8.90)
Requirement already satisfied: nvidia-cudnn-cu12==9.10.2.21 in /projects/e32998/env/lib/python3.12/site-packages (from torch>=1.9.0->-r /gpfs/projects/e32998/STAT390_Winter2026/Team5/Code/Code3.5_RedoOptuna_17Feb_Paris/requirements.txt (line 2)) (9.10.2.21)
Requirement already satisfied: nvidia-cublas-cu12==12.8.4.1 in /projects/e32998/env/lib/python3.12/site-packages (from torch>=1.9.0->-r /gpfs/projects/e32998/STAT390_Winter2026/Team5/Code/Code3.5_RedoOptuna_17Feb_Paris/requirements.txt (line 2)) (12.8.4.1)
Requirement already satisfied: nvidia-cufft-cu12==11.3.3.83 in /projects/e32998/env/lib/python3.12/site-packages (from torch>=1.9.0->-r /gpfs/projects/e32998/STAT390_Winter2026/Team5/Code/Code3.5_RedoOptuna_17Feb_Paris/requirements.txt (line 2)) (11.3.3.83)
Requirement already satisfied: nvidia-curand-cu12==10.3.9.90 in /projects/e32998/env/lib/python3.12/site-packages (from torch>=1.9.0->-r /gpfs/projects/e32998/STAT390_Winter2026/Team5/Code/Code3.5_RedoOptuna_17Feb_Paris/requirements.txt (line 2)) (10.3.9.90)
Requirement already satisfied: nvidia-cusolver-cu12==11.7.3.90 in /projects/e32998/env/lib/python3.12/site-packages (from torch>=1.9.0->-r /gpfs/projects/e32998/STAT390_Winter2026/Team5/Code/Code3.5_RedoOptuna_17Feb_Paris/requirements.txt (line 2)) (11.7.3.90)
Requirement already satisfied: nvidia-cusparse-cu12==12.5.8.93 in /projects/e32998/env/lib/python3.12/site-packages (from torch>=1.9.0->-r /gpfs/projects/e32998/STAT390_Winter2026/Team5/Code/Code3.5_RedoOptuna_17Feb_Paris/requirements.txt (line 2)) (12.5.8.93)
Requirement already satisfied: nvidia-cusparselt-cu12==0.7.1 in /projects/e32998/env/lib/python3.12/site-packages (from torch>=1.9.0->-r /gpfs/projects/e32998/STAT390_Winter2026/Team5/Code/Code3.5_RedoOptuna_17Feb_Paris/requirements.txt (line 2)) (0.7.1)
Requirement already satisfied: nvidia-nccl-cu12==2.27.5 in /projects/e32998/env/lib/python3.12/site-packages (from torch>=1.9.0->-r /gpfs/projects/e32998/STAT390_Winter2026/Team5/Code/Code3.5_RedoOptuna_17Feb_Paris/requirements.txt (line 2)) (2.27.5)
Requirement already satisfied: nvidia-nvshmem-cu12==3.3.20 in /projects/e32998/env/lib/python3.12/site-packages (from torch>=1.9.0->-r /gpfs/projects/e32998/STAT390_Winter2026/Team5/Code/Code3.5_RedoOptuna_17Feb_Paris/requirements.txt (line 2)) (3.3.20)
Requirement already satisfied: nvidia-nvtx-cu12==12.8.90 in /projects/e32998/env/lib/python3.12/site-packages (from torch>=1.9.0->-r /gpfs/projects/e32998/STAT390_Winter2026/Team5/Code/Code3.5_RedoOptuna_17Feb_Paris/requirements.txt (line 2)) (12.8.90)
Requirement already satisfied: nvidia-nvjitlink-cu12==12.8.93 in /projects/e32998/env/lib/python3.12/site-packages (from torch>=1.9.0->-r /gpfs/projects/e32998/STAT390_Winter2026/Team5/Code/Code3.5_RedoOptuna_17Feb_Paris/requirements.txt (line 2)) (12.8.93)
Requirement already satisfied: nvidia-cufile-cu12==1.13.1.3 in /projects/e32998/env/lib/python3.12/site-packages (from torch>=1.9.0->-r /gpfs/projects/e32998/STAT390_Winter2026/Team5/Code/Code3.5_RedoOptuna_17Feb_Paris/requirements.txt (line 2)) (1.13.1.3)
Requirement already satisfied: triton==3.5.0 in /projects/e32998/env/lib/python3.12/site-packages (from torch>=1.9.0->-r /gpfs/projects/e32998/STAT390_Winter2026/Team5/Code/Code3.5_RedoOptuna_17Feb_Paris/requirements.txt (line 2)) (3.5.0)
Requirement already satisfied: python-dateutil>=2.8.2 in /projects/e32998/env/lib/python3.12/site-packages (from pandas>=1.3.0->-r /gpfs/projects/e32998/STAT390_Winter2026/Team5/Code/Code3.5_RedoOptuna_17Feb_Paris/requirements.txt (line 5)) (2.9.0.post0)
Requirement already satisfied: pytz>=2020.1 in /projects/e32998/env/lib/python3.12/site-packages (from pandas>=1.3.0->-r /gpfs/projects/e32998/STAT390_Winter2026/Team5/Code/Code3.5_RedoOptuna_17Feb_Paris/requirements.txt (line 5)) (2025.2)
Requirement already satisfied: tzdata>=2022.7 in /projects/e32998/env/lib/python3.12/site-packages (from pandas>=1.3.0->-r /gpfs/projects/e32998/STAT390_Winter2026/Team5/Code/Code3.5_RedoOptuna_17Feb_Paris/requirements.txt (line 5)) (2025.2)
Requirement already satisfied: scipy>=1.8.0 in /projects/e32998/env/lib/python3.12/site-packages (from scikit-learn>=1.0.0->-r /gpfs/projects/e32998/STAT390_Winter2026/Team5/Code/Code3.5_RedoOptuna_17Feb_Paris/requirements.txt (line 6)) (1.16.3)
Requirement already satisfied: joblib>=1.2.0 in /projects/e32998/env/lib/python3.12/site-packages (from scikit-learn>=1.0.0->-r /gpfs/projects/e32998/STAT390_Winter2026/Team5/Code/Code3.5_RedoOptuna_17Feb_Paris/requirements.txt (line 6)) (1.5.2)
Requirement already satisfied: threadpoolctl>=3.1.0 in /projects/e32998/env/lib/python3.12/site-packages (from scikit-learn>=1.0.0->-r /gpfs/projects/e32998/STAT390_Winter2026/Team5/Code/Code3.5_RedoOptuna_17Feb_Paris/requirements.txt (line 6)) (3.6.0)
Requirement already satisfied: contourpy>=1.0.1 in /projects/e32998/env/lib/python3.12/site-packages (from matplotlib>=3.5.0->-r /gpfs/projects/e32998/STAT390_Winter2026/Team5/Code/Code3.5_RedoOptuna_17Feb_Paris/requirements.txt (line 11)) (1.3.3)
Requirement already satisfied: cycler>=0.10 in /projects/e32998/env/lib/python3.12/site-packages (from matplotlib>=3.5.0->-r /gpfs/projects/e32998/STAT390_Winter2026/Team5/Code/Code3.5_RedoOptuna_17Feb_Paris/requirements.txt (line 11)) (0.12.1)
Requirement already satisfied: fonttools>=4.22.0 in /projects/e32998/env/lib/python3.12/site-packages (from matplotlib>=3.5.0->-r /gpfs/projects/e32998/STAT390_Winter2026/Team5/Code/Code3.5_RedoOptuna_17Feb_Paris/requirements.txt (line 11)) (4.60.1)
Requirement already satisfied: kiwisolver>=1.3.1 in /projects/e32998/env/lib/python3.12/site-packages (from matplotlib>=3.5.0->-r /gpfs/projects/e32998/STAT390_Winter2026/Team5/Code/Code3.5_RedoOptuna_17Feb_Paris/requirements.txt (line 11)) (1.4.9)
Requirement already satisfied: packaging>=20.0 in /projects/e32998/env/lib/python3.12/site-packages (from matplotlib>=3.5.0->-r /gpfs/projects/e32998/STAT390_Winter2026/Team5/Code/Code3.5_RedoOptuna_17Feb_Paris/requirements.txt (line 11)) (25.0)
Requirement already satisfied: pyparsing>=3 in /projects/e32998/env/lib/python3.12/site-packages (from matplotlib>=3.5.0->-r /gpfs/projects/e32998/STAT390_Winter2026/Team5/Code/Code3.5_RedoOptuna_17Feb_Paris/requirements.txt (line 11)) (3.2.5)
Requirement already satisfied: alembic>=1.5.0 in /projects/e32998/env/lib/python3.12/site-packages (from optuna>=3.0.0->-r /gpfs/projects/e32998/STAT390_Winter2026/Team5/Code/Code3.5_RedoOptuna_17Feb_Paris/requirements.txt (line 21)) (1.18.3)
Requirement already satisfied: colorlog in /projects/e32998/env/lib/python3.12/site-packages (from optuna>=3.0.0->-r /gpfs/projects/e32998/STAT390_Winter2026/Team5/Code/Code3.5_RedoOptuna_17Feb_Paris/requirements.txt (line 21)) (6.10.1)
Requirement already satisfied: sqlalchemy>=1.4.2 in /projects/e32998/env/lib/python3.12/site-packages (from optuna>=3.0.0->-r /gpfs/projects/e32998/STAT390_Winter2026/Team5/Code/Code3.5_RedoOptuna_17Feb_Paris/requirements.txt (line 21)) (2.0.46)
Requirement already satisfied: PyYAML in /projects/e32998/env/lib/python3.12/site-packages (from optuna>=3.0.0->-r /gpfs/projects/e32998/STAT390_Winter2026/Team5/Code/Code3.5_RedoOptuna_17Feb_Paris/requirements.txt (line 21)) (6.0.3)
Requirement already satisfied: bottle>=0.13.0 in /home/pab1998/.local/lib/python3.12/site-packages (from optuna-dashboard>=0.12.0->-r /gpfs/projects/e32998/STAT390_Winter2026/Team5/Code/Code3.5_RedoOptuna_17Feb_Paris/requirements.txt (line 22)) (0.13.4)
Requirement already satisfied: Mako in /projects/e32998/env/lib/python3.12/site-packages (from alembic>=1.5.0->optuna>=3.0.0->-r /gpfs/projects/e32998/STAT390_Winter2026/Team5/Code/Code3.5_RedoOptuna_17Feb_Paris/requirements.txt (line 21)) (1.3.10)
Requirement already satisfied: six>=1.5 in /projects/e32998/env/lib/python3.12/site-packages (from python-dateutil>=2.8.2->pandas>=1.3.0->-r /gpfs/projects/e32998/STAT390_Winter2026/Team5/Code/Code3.5_RedoOptuna_17Feb_Paris/requirements.txt (line 5)) (1.17.0)
Requirement already satisfied: greenlet>=1 in /projects/e32998/env/lib/python3.12/site-packages (from sqlalchemy>=1.4.2->optuna>=3.0.0->-r /gpfs/projects/e32998/STAT390_Winter2026/Team5/Code/Code3.5_RedoOptuna_17Feb_Paris/requirements.txt (line 21)) (3.3.1)
Requirement already satisfied: mpmath<1.4,>=1.1.0 in /projects/e32998/env/lib/python3.12/site-packages (from sympy>=1.13.3->torch>=1.9.0->-r /gpfs/projects/e32998/STAT390_Winter2026/Team5/Code/Code3.5_RedoOptuna_17Feb_Paris/requirements.txt (line 2)) (1.3.0)
Requirement already satisfied: MarkupSafe>=2.0 in /projects/e32998/env/lib/python3.12/site-packages (from jinja2->torch>=1.9.0->-r /gpfs/projects/e32998/STAT390_Winter2026/Team5/Code/Code3.5_RedoOptuna_17Feb_Paris/requirements.txt (line 2)) (3.0.3)
Random seed set to 42
================================================================================
OPTUNA HYPERPARAMETER TUNING FOR HIERARCHICAL ATTENTION MIL
================================================================================
Study name: mil_study
Number of trials: 7
Epochs per trial: 7
============================================================
PREPARING DATA FOR OPTUNA TUNING
============================================================
Loaded 105 labels
Found 83595 patch files
All 3808 non-standard file names were handled.
Grouped into 378 slices
Mapped 366 slices to classes
Loading existing splits from: ./data_splits/data_splits_01.npz
Data splits loaded from: ./data_splits/data_splits_01.npz
Split sizes - Train: 222, Val: 72

Checking for data leakage...
Train cases: 50
Val cases: 17

Results will be saved to: /projects/e32998/MIL_training/final_runs/optuna_20260217_234932

============================================================
STARTING HYPERPARAMETER OPTIMIZATION
============================================================
Using GPU: NVIDIA A100-SXM4-80GB
[I 2026-02-18 01:05:16,134] Trial 0 finished with value: 0.5797184723265031 and parameters: {'learning_rate': 4.7762337214932635e-05, 'weight_decay': 2.069483365737952e-05, 'dropout': 0.3954977356402628}. Best is trial 0 with value: 0.5797184723265031.
Using GPU: NVIDIA A100-SXM4-80GB
[I 2026-02-18 02:19:58,969] Trial 1 finished with value: 0.528317806103801 and parameters: {'learning_rate': 0.0001159707411386879, 'weight_decay': 0.0002450557724986098, 'dropout': 0.23962811614116078}. Best is trial 1 with value: 0.528317806103801.
Using GPU: NVIDIA A100-SXM4-80GB
[I 2026-02-18 03:30:51,063] Trial 2 finished with value: 0.5227480762336841 and parameters: {'learning_rate': 8.213578392492903e-05, 'weight_decay': 0.0002402472524358043, 'dropout': 0.40332511350513556}. Best is trial 2 with value: 0.5227480762336841.
Using GPU: NVIDIA A100-SXM4-80GB
[I 2026-02-18 04:41:15,614] Trial 3 finished with value: 0.5488251167185166 and parameters: {'learning_rate': 4.681205095132226e-05, 'weight_decay': 2.8175657614202775e-05, 'dropout': 0.1777806566795217}. Best is trial 2 with value: 0.5227480762336841.
Using GPU: NVIDIA A100-SXM4-80GB
[I 2026-02-18 05:52:18,019] Trial 4 finished with value: 0.49550553890602556 and parameters: {'learning_rate': 0.0003028788640423086, 'weight_decay': 2.3258278124940196e-05, 'dropout': 0.18821840115026403}. Best is trial 4 with value: 0.49550553890602556.
Using GPU: NVIDIA A100-SXM4-80GB
[I 2026-02-18 07:05:17,392] Trial 5 finished with value: 0.5617408629725961 and parameters: {'learning_rate': 7.531965671594477e-05, 'weight_decay': 0.0006055442616809262, 'dropout': 0.3702131209924051}. Best is trial 4 with value: 0.49550553890602556.
Using GPU: NVIDIA A100-SXM4-80GB
[I 2026-02-18 08:14:10,981] Trial 6 finished with value: 0.6007554601220524 and parameters: {'learning_rate': 3.552568288153967e-05, 'weight_decay': 4.695089628892656e-05, 'dropout': 0.21593885916304245}. Best is trial 4 with value: 0.49550553890602556.

Best hyperparameters saved to: /projects/e32998/MIL_training/final_runs/optuna_20260217_234932/best_hyperparameters.json
All trials saved to: /projects/e32998/MIL_training/final_runs/optuna_20260217_234932/all_trials.csv

============================================================
OPTUNA STUDY COMPLETED
============================================================
Best trial: 4
Best validation loss: 0.4955

Best hyperparameters:
  learning_rate: 0.0003028788640423086
  weight_decay: 2.3258278124940196e-05
  dropout: 0.18821840115026403

Completed trials: 7
Pruned trials: 0

Config template saved to: /projects/e32998/MIL_training/final_runs/optuna_20260217_234932/best_config.py

You can now use these hyperparameters in your main training!
