Job ID: 497285
Start time: Sun Mar  1 21:33:47 CST 2026
Requirement already satisfied: torch>=1.9.0 in /projects/e32998/env/lib/python3.12/site-packages (from -r /home/bdp1083/Presentation_3_code/ER_GA_DO_FEB27/requirements.txt (line 2)) (2.9.0)
Requirement already satisfied: torchvision>=0.10.0 in /projects/e32998/env/lib/python3.12/site-packages (from -r /home/bdp1083/Presentation_3_code/ER_GA_DO_FEB27/requirements.txt (line 3)) (0.24.0)
Requirement already satisfied: numpy>=1.21.0 in /projects/e32998/env/lib/python3.12/site-packages (from -r /home/bdp1083/Presentation_3_code/ER_GA_DO_FEB27/requirements.txt (line 4)) (2.3.4)
Requirement already satisfied: pandas>=1.3.0 in /projects/e32998/env/lib/python3.12/site-packages (from -r /home/bdp1083/Presentation_3_code/ER_GA_DO_FEB27/requirements.txt (line 5)) (2.3.3)
Requirement already satisfied: scikit-learn>=1.0.0 in /projects/e32998/env/lib/python3.12/site-packages (from -r /home/bdp1083/Presentation_3_code/ER_GA_DO_FEB27/requirements.txt (line 6)) (1.7.2)
Requirement already satisfied: Pillow>=8.3.0 in /projects/e32998/env/lib/python3.12/site-packages (from -r /home/bdp1083/Presentation_3_code/ER_GA_DO_FEB27/requirements.txt (line 7)) (12.0.0)
Requirement already satisfied: tqdm>=4.62.0 in /projects/e32998/env/lib/python3.12/site-packages (from -r /home/bdp1083/Presentation_3_code/ER_GA_DO_FEB27/requirements.txt (line 8)) (4.67.1)
Requirement already satisfied: matplotlib>=3.5.0 in /projects/e32998/env/lib/python3.12/site-packages (from -r /home/bdp1083/Presentation_3_code/ER_GA_DO_FEB27/requirements.txt (line 11)) (3.10.7)
Requirement already satisfied: seaborn>=0.11.0 in /projects/e32998/env/lib/python3.12/site-packages (from -r /home/bdp1083/Presentation_3_code/ER_GA_DO_FEB27/requirements.txt (line 12)) (0.13.2)
Requirement already satisfied: optuna>=3.0.0 in /projects/e32998/env/lib/python3.12/site-packages (from -r /home/bdp1083/Presentation_3_code/ER_GA_DO_FEB27/requirements.txt (line 15)) (4.7.0)
Requirement already satisfied: psutil>=5.8.0 in /projects/e32998/env/lib/python3.12/site-packages (from -r /home/bdp1083/Presentation_3_code/ER_GA_DO_FEB27/requirements.txt (line 18)) (7.1.2)
Requirement already satisfied: imbalanced-learn>=0.8.0 in /projects/e32998/env/lib/python3.12/site-packages (from -r /home/bdp1083/Presentation_3_code/ER_GA_DO_FEB27/requirements.txt (line 21)) (0.14.0)
Requirement already satisfied: filelock in /projects/e32998/env/lib/python3.12/site-packages (from torch>=1.9.0->-r /home/bdp1083/Presentation_3_code/ER_GA_DO_FEB27/requirements.txt (line 2)) (3.20.0)
Requirement already satisfied: typing-extensions>=4.10.0 in /projects/e32998/env/lib/python3.12/site-packages (from torch>=1.9.0->-r /home/bdp1083/Presentation_3_code/ER_GA_DO_FEB27/requirements.txt (line 2)) (4.15.0)
Requirement already satisfied: setuptools in /projects/e32998/env/lib/python3.12/site-packages (from torch>=1.9.0->-r /home/bdp1083/Presentation_3_code/ER_GA_DO_FEB27/requirements.txt (line 2)) (80.9.0)
Requirement already satisfied: sympy>=1.13.3 in /projects/e32998/env/lib/python3.12/site-packages (from torch>=1.9.0->-r /home/bdp1083/Presentation_3_code/ER_GA_DO_FEB27/requirements.txt (line 2)) (1.14.0)
Requirement already satisfied: networkx>=2.5.1 in /projects/e32998/env/lib/python3.12/site-packages (from torch>=1.9.0->-r /home/bdp1083/Presentation_3_code/ER_GA_DO_FEB27/requirements.txt (line 2)) (3.5)
Requirement already satisfied: jinja2 in /projects/e32998/env/lib/python3.12/site-packages (from torch>=1.9.0->-r /home/bdp1083/Presentation_3_code/ER_GA_DO_FEB27/requirements.txt (line 2)) (3.1.6)
Requirement already satisfied: fsspec>=0.8.5 in /projects/e32998/env/lib/python3.12/site-packages (from torch>=1.9.0->-r /home/bdp1083/Presentation_3_code/ER_GA_DO_FEB27/requirements.txt (line 2)) (2025.9.0)
Requirement already satisfied: nvidia-cuda-nvrtc-cu12==12.8.93 in /projects/e32998/env/lib/python3.12/site-packages (from torch>=1.9.0->-r /home/bdp1083/Presentation_3_code/ER_GA_DO_FEB27/requirements.txt (line 2)) (12.8.93)
Requirement already satisfied: nvidia-cuda-runtime-cu12==12.8.90 in /projects/e32998/env/lib/python3.12/site-packages (from torch>=1.9.0->-r /home/bdp1083/Presentation_3_code/ER_GA_DO_FEB27/requirements.txt (line 2)) (12.8.90)
Requirement already satisfied: nvidia-cuda-cupti-cu12==12.8.90 in /projects/e32998/env/lib/python3.12/site-packages (from torch>=1.9.0->-r /home/bdp1083/Presentation_3_code/ER_GA_DO_FEB27/requirements.txt (line 2)) (12.8.90)
Requirement already satisfied: nvidia-cudnn-cu12==9.10.2.21 in /projects/e32998/env/lib/python3.12/site-packages (from torch>=1.9.0->-r /home/bdp1083/Presentation_3_code/ER_GA_DO_FEB27/requirements.txt (line 2)) (9.10.2.21)
Requirement already satisfied: nvidia-cublas-cu12==12.8.4.1 in /projects/e32998/env/lib/python3.12/site-packages (from torch>=1.9.0->-r /home/bdp1083/Presentation_3_code/ER_GA_DO_FEB27/requirements.txt (line 2)) (12.8.4.1)
Requirement already satisfied: nvidia-cufft-cu12==11.3.3.83 in /projects/e32998/env/lib/python3.12/site-packages (from torch>=1.9.0->-r /home/bdp1083/Presentation_3_code/ER_GA_DO_FEB27/requirements.txt (line 2)) (11.3.3.83)
Requirement already satisfied: nvidia-curand-cu12==10.3.9.90 in /projects/e32998/env/lib/python3.12/site-packages (from torch>=1.9.0->-r /home/bdp1083/Presentation_3_code/ER_GA_DO_FEB27/requirements.txt (line 2)) (10.3.9.90)
Requirement already satisfied: nvidia-cusolver-cu12==11.7.3.90 in /projects/e32998/env/lib/python3.12/site-packages (from torch>=1.9.0->-r /home/bdp1083/Presentation_3_code/ER_GA_DO_FEB27/requirements.txt (line 2)) (11.7.3.90)
Requirement already satisfied: nvidia-cusparse-cu12==12.5.8.93 in /projects/e32998/env/lib/python3.12/site-packages (from torch>=1.9.0->-r /home/bdp1083/Presentation_3_code/ER_GA_DO_FEB27/requirements.txt (line 2)) (12.5.8.93)
Requirement already satisfied: nvidia-cusparselt-cu12==0.7.1 in /projects/e32998/env/lib/python3.12/site-packages (from torch>=1.9.0->-r /home/bdp1083/Presentation_3_code/ER_GA_DO_FEB27/requirements.txt (line 2)) (0.7.1)
Requirement already satisfied: nvidia-nccl-cu12==2.27.5 in /projects/e32998/env/lib/python3.12/site-packages (from torch>=1.9.0->-r /home/bdp1083/Presentation_3_code/ER_GA_DO_FEB27/requirements.txt (line 2)) (2.27.5)
Requirement already satisfied: nvidia-nvshmem-cu12==3.3.20 in /projects/e32998/env/lib/python3.12/site-packages (from torch>=1.9.0->-r /home/bdp1083/Presentation_3_code/ER_GA_DO_FEB27/requirements.txt (line 2)) (3.3.20)
Requirement already satisfied: nvidia-nvtx-cu12==12.8.90 in /projects/e32998/env/lib/python3.12/site-packages (from torch>=1.9.0->-r /home/bdp1083/Presentation_3_code/ER_GA_DO_FEB27/requirements.txt (line 2)) (12.8.90)
Requirement already satisfied: nvidia-nvjitlink-cu12==12.8.93 in /projects/e32998/env/lib/python3.12/site-packages (from torch>=1.9.0->-r /home/bdp1083/Presentation_3_code/ER_GA_DO_FEB27/requirements.txt (line 2)) (12.8.93)
Requirement already satisfied: nvidia-cufile-cu12==1.13.1.3 in /projects/e32998/env/lib/python3.12/site-packages (from torch>=1.9.0->-r /home/bdp1083/Presentation_3_code/ER_GA_DO_FEB27/requirements.txt (line 2)) (1.13.1.3)
Requirement already satisfied: triton==3.5.0 in /projects/e32998/env/lib/python3.12/site-packages (from torch>=1.9.0->-r /home/bdp1083/Presentation_3_code/ER_GA_DO_FEB27/requirements.txt (line 2)) (3.5.0)
Requirement already satisfied: python-dateutil>=2.8.2 in /projects/e32998/env/lib/python3.12/site-packages (from pandas>=1.3.0->-r /home/bdp1083/Presentation_3_code/ER_GA_DO_FEB27/requirements.txt (line 5)) (2.9.0.post0)
Requirement already satisfied: pytz>=2020.1 in /projects/e32998/env/lib/python3.12/site-packages (from pandas>=1.3.0->-r /home/bdp1083/Presentation_3_code/ER_GA_DO_FEB27/requirements.txt (line 5)) (2025.2)
Requirement already satisfied: tzdata>=2022.7 in /projects/e32998/env/lib/python3.12/site-packages (from pandas>=1.3.0->-r /home/bdp1083/Presentation_3_code/ER_GA_DO_FEB27/requirements.txt (line 5)) (2025.2)
Requirement already satisfied: scipy>=1.8.0 in /projects/e32998/env/lib/python3.12/site-packages (from scikit-learn>=1.0.0->-r /home/bdp1083/Presentation_3_code/ER_GA_DO_FEB27/requirements.txt (line 6)) (1.16.3)
Requirement already satisfied: joblib>=1.2.0 in /projects/e32998/env/lib/python3.12/site-packages (from scikit-learn>=1.0.0->-r /home/bdp1083/Presentation_3_code/ER_GA_DO_FEB27/requirements.txt (line 6)) (1.5.2)
Requirement already satisfied: threadpoolctl>=3.1.0 in /projects/e32998/env/lib/python3.12/site-packages (from scikit-learn>=1.0.0->-r /home/bdp1083/Presentation_3_code/ER_GA_DO_FEB27/requirements.txt (line 6)) (3.6.0)
Requirement already satisfied: contourpy>=1.0.1 in /projects/e32998/env/lib/python3.12/site-packages (from matplotlib>=3.5.0->-r /home/bdp1083/Presentation_3_code/ER_GA_DO_FEB27/requirements.txt (line 11)) (1.3.3)
Requirement already satisfied: cycler>=0.10 in /projects/e32998/env/lib/python3.12/site-packages (from matplotlib>=3.5.0->-r /home/bdp1083/Presentation_3_code/ER_GA_DO_FEB27/requirements.txt (line 11)) (0.12.1)
Requirement already satisfied: fonttools>=4.22.0 in /projects/e32998/env/lib/python3.12/site-packages (from matplotlib>=3.5.0->-r /home/bdp1083/Presentation_3_code/ER_GA_DO_FEB27/requirements.txt (line 11)) (4.60.1)
Requirement already satisfied: kiwisolver>=1.3.1 in /projects/e32998/env/lib/python3.12/site-packages (from matplotlib>=3.5.0->-r /home/bdp1083/Presentation_3_code/ER_GA_DO_FEB27/requirements.txt (line 11)) (1.4.9)
Requirement already satisfied: packaging>=20.0 in /projects/e32998/env/lib/python3.12/site-packages (from matplotlib>=3.5.0->-r /home/bdp1083/Presentation_3_code/ER_GA_DO_FEB27/requirements.txt (line 11)) (25.0)
Requirement already satisfied: pyparsing>=3 in /projects/e32998/env/lib/python3.12/site-packages (from matplotlib>=3.5.0->-r /home/bdp1083/Presentation_3_code/ER_GA_DO_FEB27/requirements.txt (line 11)) (3.2.5)
Requirement already satisfied: alembic>=1.5.0 in /projects/e32998/env/lib/python3.12/site-packages (from optuna>=3.0.0->-r /home/bdp1083/Presentation_3_code/ER_GA_DO_FEB27/requirements.txt (line 15)) (1.18.3)
Requirement already satisfied: colorlog in /projects/e32998/env/lib/python3.12/site-packages (from optuna>=3.0.0->-r /home/bdp1083/Presentation_3_code/ER_GA_DO_FEB27/requirements.txt (line 15)) (6.10.1)
Requirement already satisfied: sqlalchemy>=1.4.2 in /projects/e32998/env/lib/python3.12/site-packages (from optuna>=3.0.0->-r /home/bdp1083/Presentation_3_code/ER_GA_DO_FEB27/requirements.txt (line 15)) (2.0.46)
Requirement already satisfied: PyYAML in /projects/e32998/env/lib/python3.12/site-packages (from optuna>=3.0.0->-r /home/bdp1083/Presentation_3_code/ER_GA_DO_FEB27/requirements.txt (line 15)) (6.0.3)
Requirement already satisfied: Mako in /projects/e32998/env/lib/python3.12/site-packages (from alembic>=1.5.0->optuna>=3.0.0->-r /home/bdp1083/Presentation_3_code/ER_GA_DO_FEB27/requirements.txt (line 15)) (1.3.10)
Requirement already satisfied: six>=1.5 in /projects/e32998/env/lib/python3.12/site-packages (from python-dateutil>=2.8.2->pandas>=1.3.0->-r /home/bdp1083/Presentation_3_code/ER_GA_DO_FEB27/requirements.txt (line 5)) (1.17.0)
Requirement already satisfied: greenlet>=1 in /projects/e32998/env/lib/python3.12/site-packages (from sqlalchemy>=1.4.2->optuna>=3.0.0->-r /home/bdp1083/Presentation_3_code/ER_GA_DO_FEB27/requirements.txt (line 15)) (3.3.1)
Requirement already satisfied: mpmath<1.4,>=1.1.0 in /projects/e32998/env/lib/python3.12/site-packages (from sympy>=1.13.3->torch>=1.9.0->-r /home/bdp1083/Presentation_3_code/ER_GA_DO_FEB27/requirements.txt (line 2)) (1.3.0)
Requirement already satisfied: MarkupSafe>=2.0 in /projects/e32998/env/lib/python3.12/site-packages (from jinja2->torch>=1.9.0->-r /home/bdp1083/Presentation_3_code/ER_GA_DO_FEB27/requirements.txt (line 2)) (3.0.3)
Requirement already satisfied: certifi in /projects/e32998/env/lib/python3.12/site-packages (2026.2.25)
Random seed set to 42
Using CPU
================================================================================
OPTUNA HYPERPARAMETER OPTIMIZATION FOR MIL
================================================================================
Device: cpu
Number of trials: 4
Epochs per trial: 30
Pruning warmup: 3 epochs
Per slice cap: 500
Max slices per stain: 5
Output directory: ./optuna_results_20260301_213448
============================================================
PREPARING DATA
============================================================
Loaded 118 labels
Found 83630 patch files
All 3808 non-standard file names were handled.
Grouped into 383 slices
Mapped 371 slices to classes
Class distribution: {1: 238, 0: 133}

----------------------------------------
SPLITTING DATA
----------------------------------------
Loading existing splits from: /home/bdp1083/Presentation_3_code/ER_GA_DO_FEB27/data_splits/data_splits.npz
Data splits loaded from: /home/bdp1083/Presentation_3_code/ER_GA_DO_FEB27/data_splits/data_splits.npz
Loaded splits - Train: 226, Val: 77
Cases per split: 55 19 0
Paths per split: 51023 13864 0
No leakage between train & val (cases).
No leakage between train & test (cases).
No leakage between val & test (cases).
No leakage between train & val (paths).
No leakage between train & test (paths).
No leakage between val & test (paths).

Patch count by class for Train:
  Benign (0):     15126 patches
  High-grade (1): 35897 patches

Patch count by class for Validation:
  Benign (0):     4493 patches
  High-grade (1): 9371 patches

============================================================
CREATING DATA LOADERS
============================================================
Train batches: 55
Val batches: 19

============================================================
CREATING OPTUNA STUDY
============================================================

============================================================
STARTING OPTIMIZATION
============================================================

============================================================
Trial 0
============================================================
Parameters:
  Learning rate:          5.61e-05
  Weight decay:           7.11e-03
  Classifier dropout:     0.140
  Project dropout:        0.160
  Class weight (benign):  1.81
  Entropy lambda:         0.0000
  Use scheduler:          True
[ER DEBUG] lam=2.938e-05 base_loss=0.704478 entropy=2.786296 lam*H=0.000082
[ER DEBUG] lam=2.938e-05 base_loss=0.481617 entropy=3.215515 lam*H=0.000094
[ER DEBUG] lam=2.938e-05 base_loss=0.071891 entropy=2.734745 lam*H=0.000080
[ER DEBUG] lam=2.938e-05 base_loss=0.000092 entropy=2.891547 lam*H=0.000085
[ER DEBUG] lam=2.938e-05 base_loss=0.184178 entropy=3.012338 lam*H=0.000088
  Epoch 5/30 - Train Loss: 0.1553, Val Loss: 0.3683, Val Acc: 0.8947
[ER DEBUG] lam=2.938e-05 base_loss=0.004991 entropy=3.129678 lam*H=0.000092
[ER DEBUG] lam=2.938e-05 base_loss=0.000046 entropy=2.222652 lam*H=0.000065
[ER DEBUG] lam=2.938e-05 base_loss=0.009423 entropy=3.032112 lam*H=0.000089
[ER DEBUG] lam=2.938e-05 base_loss=0.069716 entropy=2.895107 lam*H=0.000085
[ER DEBUG] lam=2.938e-05 base_loss=0.000240 entropy=2.795040 lam*H=0.000082
  Epoch 10/30 - Train Loss: 0.0077, Val Loss: 0.4063, Val Acc: 0.8947
[ER DEBUG] lam=2.938e-05 base_loss=0.000785 entropy=2.490365 lam*H=0.000073
[ER DEBUG] lam=2.938e-05 base_loss=0.000008 entropy=2.592930 lam*H=0.000076
[ER DEBUG] lam=2.938e-05 base_loss=0.014197 entropy=2.368988 lam*H=0.000070
[ER DEBUG] lam=2.938e-05 base_loss=0.000939 entropy=2.232050 lam*H=0.000066
[ER DEBUG] lam=2.938e-05 base_loss=0.000003 entropy=1.681071 lam*H=0.000049
  Epoch 15/30 - Train Loss: 0.0028, Val Loss: 0.3918, Val Acc: 0.8947
[ER DEBUG] lam=2.938e-05 base_loss=0.000033 entropy=2.639718 lam*H=0.000078
[ER DEBUG] lam=2.938e-05 base_loss=0.000188 entropy=2.575788 lam*H=0.000076
[ER DEBUG] lam=2.938e-05 base_loss=0.000037 entropy=2.259213 lam*H=0.000066
[ER DEBUG] lam=2.938e-05 base_loss=0.000036 entropy=2.287227 lam*H=0.000067
[ER DEBUG] lam=2.938e-05 base_loss=0.015602 entropy=2.334667 lam*H=0.000069
  Epoch 20/30 - Train Loss: 0.0025, Val Loss: 0.3937, Val Acc: 0.8947
[ER DEBUG] lam=2.938e-05 base_loss=0.000118 entropy=2.279683 lam*H=0.000067
[ER DEBUG] lam=2.938e-05 base_loss=0.007997 entropy=1.885550 lam*H=0.000055
[ER DEBUG] lam=2.938e-05 base_loss=0.002208 entropy=2.082859 lam*H=0.000061
[ER DEBUG] lam=2.938e-05 base_loss=0.000067 entropy=2.551740 lam*H=0.000075
[ER DEBUG] lam=2.938e-05 base_loss=0.001813 entropy=3.244735 lam*H=0.000095
  Epoch 25/30 - Train Loss: 0.0021, Val Loss: 0.3946, Val Acc: 0.8947
[ER DEBUG] lam=2.938e-05 base_loss=0.000014 entropy=2.217376 lam*H=0.000065
[ER DEBUG] lam=2.938e-05 base_loss=0.002379 entropy=1.949161 lam*H=0.000057
[ER DEBUG] lam=2.938e-05 base_loss=0.000124 entropy=2.542714 lam*H=0.000075
[ER DEBUG] lam=2.938e-05 base_loss=0.006379 entropy=2.293422 lam*H=0.000067
[ER DEBUG] lam=2.938e-05 base_loss=0.000038 entropy=2.773519 lam*H=0.000081
  Epoch 30/30 - Train Loss: 0.0022, Val Loss: 0.3954, Val Acc: 0.8947
Trial 0 completed - Best Val Loss: 0.3676, Best Val Acc: 0.8947
[I 2026-03-02 04:05:00,578] Trial 0 finished with value: 0.3675948086310152 and parameters: {'learning_rate': 5.6115164153345e-05, 'weight_decay': 0.0071144760093434225, 'project_dropout': 0.15979909127171077, 'classifier_dropout': 0.1397987726295555, 'class_weight_benign': 1.812037280884873, 'entropy_lambda': 2.9375384576328295e-05}. Best is trial 0 with value: 0.3675948086310152.

============================================================
Trial 1
============================================================
Parameters:
  Learning rate:          1.31e-05
  Weight decay:           3.97e-03
  Classifier dropout:     0.156
  Project dropout:        0.140
  Class weight (benign):  1.54
  Entropy lambda:         0.0081
  Use scheduler:          True
[ER DEBUG] lam=8.123e-03 base_loss=0.990591 entropy=3.442681 lam*H=0.027966
[ER DEBUG] lam=8.123e-03 base_loss=0.702168 entropy=4.062791 lam*H=0.033003
[ER DEBUG] lam=8.123e-03 base_loss=0.522842 entropy=3.188560 lam*H=0.025901
[ER DEBUG] lam=8.123e-03 base_loss=0.123921 entropy=3.231746 lam*H=0.026252
[ER DEBUG] lam=8.123e-03 base_loss=0.215160 entropy=3.423608 lam*H=0.027811
  Epoch 5/30 - Train Loss: 0.3813, Val Loss: 0.6443, Val Acc: 0.7368
[ER DEBUG] lam=8.123e-03 base_loss=0.070583 entropy=3.467532 lam*H=0.028168
[ER DEBUG] lam=8.123e-03 base_loss=0.035232 entropy=3.372710 lam*H=0.027397
[ER DEBUG] lam=8.123e-03 base_loss=0.567942 entropy=3.293992 lam*H=0.026758
[ER DEBUG] lam=8.123e-03 base_loss=0.401724 entropy=3.013148 lam*H=0.024477
[ER DEBUG] lam=8.123e-03 base_loss=0.000350 entropy=2.105131 lam*H=0.017100
  Epoch 10/30 - Train Loss: 0.1950, Val Loss: 0.5326, Val Acc: 0.8421
[ER DEBUG] lam=8.123e-03 base_loss=0.041963 entropy=2.671922 lam*H=0.021705
[ER DEBUG] lam=8.123e-03 base_loss=0.040607 entropy=3.132383 lam*H=0.025445
[ER DEBUG] lam=8.123e-03 base_loss=0.051037 entropy=2.898287 lam*H=0.023543
[ER DEBUG] lam=8.123e-03 base_loss=0.007873 entropy=3.040467 lam*H=0.024698
[ER DEBUG] lam=8.123e-03 base_loss=0.047213 entropy=2.603903 lam*H=0.021152
  Epoch 15/30 - Train Loss: 0.0618, Val Loss: 0.5675, Val Acc: 0.8947
[ER DEBUG] lam=8.123e-03 base_loss=0.150140 entropy=1.965806 lam*H=0.015969
[ER DEBUG] lam=8.123e-03 base_loss=0.050200 entropy=2.169788 lam*H=0.017626
[ER DEBUG] lam=8.123e-03 base_loss=0.000082 entropy=2.934113 lam*H=0.023835
[ER DEBUG] lam=8.123e-03 base_loss=0.002812 entropy=3.280760 lam*H=0.026650
[ER DEBUG] lam=8.123e-03 base_loss=0.001684 entropy=2.896059 lam*H=0.023525
  Epoch 20/30 - Train Loss: 0.0028, Val Loss: 0.5850, Val Acc: 0.9474
[ER DEBUG] lam=8.123e-03 base_loss=0.058593 entropy=2.524236 lam*H=0.020505
[ER DEBUG] lam=8.123e-03 base_loss=0.016001 entropy=3.121880 lam*H=0.025360
[ER DEBUG] lam=8.123e-03 base_loss=0.003024 entropy=2.631949 lam*H=0.021380
[ER DEBUG] lam=8.123e-03 base_loss=0.000376 entropy=2.711693 lam*H=0.022028
[ER DEBUG] lam=8.123e-03 base_loss=0.032117 entropy=2.499898 lam*H=0.020307
  Epoch 25/30 - Train Loss: -0.0111, Val Loss: 0.5818, Val Acc: 0.9474
[ER DEBUG] lam=8.123e-03 base_loss=0.001877 entropy=1.316116 lam*H=0.010691
[ER DEBUG] lam=8.123e-03 base_loss=0.000001 entropy=1.751058 lam*H=0.014224
[ER DEBUG] lam=8.123e-03 base_loss=0.000021 entropy=2.535623 lam*H=0.020597
[ER DEBUG] lam=8.123e-03 base_loss=0.000214 entropy=2.985219 lam*H=0.024250
[ER DEBUG] lam=8.123e-03 base_loss=0.000131 entropy=2.269983 lam*H=0.018440
  Epoch 30/30 - Train Loss: -0.0103, Val Loss: 0.5902, Val Acc: 0.9474
Trial 1 completed - Best Val Loss: 0.4291, Best Val Acc: 0.9474
[I 2026-03-02 11:35:23,456] Trial 1 finished with value: 0.42905847136717057 and parameters: {'learning_rate': 1.3066739238053272e-05, 'weight_decay': 0.003967605077052989, 'project_dropout': 0.14016725176148134, 'classifier_dropout': 0.15621088666940686, 'class_weight_benign': 1.541168988591605, 'entropy_lambda': 0.008123245085588688}. Best is trial 0 with value: 0.3675948086310152.

============================================================
Trial 2
============================================================
Parameters:
  Learning rate:          4.62e-04
  Weight decay:           4.34e-05
  Classifier dropout:     0.078
  Project dropout:        0.077
  Class weight (benign):  2.11
  Entropy lambda:         0.0004
  Use scheduler:          True
[ER DEBUG] lam=3.752e-04 base_loss=0.721876 entropy=2.219156 lam*H=0.000833
[ER DEBUG] lam=3.752e-04 base_loss=0.535636 entropy=3.621952 lam*H=0.001359
[ER DEBUG] lam=3.752e-04 base_loss=0.110602 entropy=3.054101 lam*H=0.001146
[ER DEBUG] lam=3.752e-04 base_loss=0.000221 entropy=2.127163 lam*H=0.000798
[ER DEBUG] lam=3.752e-04 base_loss=0.019932 entropy=3.069257 lam*H=0.001152
  Epoch 5/30 - Train Loss: 0.4616, Val Loss: 0.4712, Val Acc: 0.6842
[ER DEBUG] lam=3.752e-04 base_loss=0.084155 entropy=3.062875 lam*H=0.001149
[ER DEBUG] lam=3.752e-04 base_loss=0.000112 entropy=2.496172 lam*H=0.000937
[ER DEBUG] lam=3.752e-04 base_loss=0.000001 entropy=1.910195 lam*H=0.000717
[ER DEBUG] lam=3.752e-04 base_loss=0.001394 entropy=3.493093 lam*H=0.001311
[ER DEBUG] lam=3.752e-04 base_loss=0.000165 entropy=2.931211 lam*H=0.001100
  Epoch 10/30 - Train Loss: 0.0008, Val Loss: 0.4617, Val Acc: 0.8421
[ER DEBUG] lam=3.752e-04 base_loss=0.000272 entropy=2.427134 lam*H=0.000911
[ER DEBUG] lam=3.752e-04 base_loss=0.002848 entropy=2.308716 lam*H=0.000866
[ER DEBUG] lam=3.752e-04 base_loss=0.000009 entropy=2.202940 lam*H=0.000827
[ER DEBUG] lam=3.752e-04 base_loss=0.000000 entropy=2.847406 lam*H=0.001068
[ER DEBUG] lam=3.752e-04 base_loss=0.000470 entropy=2.240693 lam*H=0.000841
  Epoch 15/30 - Train Loss: -0.0000, Val Loss: 0.4732, Val Acc: 0.8421
[ER DEBUG] lam=3.752e-04 base_loss=0.000000 entropy=1.062047 lam*H=0.000398
[ER DEBUG] lam=3.752e-04 base_loss=0.000226 entropy=2.235099 lam*H=0.000839
[ER DEBUG] lam=3.752e-04 base_loss=0.000000 entropy=2.613170 lam*H=0.000980
[ER DEBUG] lam=3.752e-04 base_loss=0.000049 entropy=2.583049 lam*H=0.000969
[ER DEBUG] lam=3.752e-04 base_loss=0.000019 entropy=2.595302 lam*H=0.000974
  Epoch 20/30 - Train Loss: -0.0000, Val Loss: 0.4763, Val Acc: 0.8421
