ERROR: Exception:
Traceback (most recent call last):
  File "/projects/e32998/env/lib/python3.12/site-packages/pip/_internal/cli/base_command.py", line 107, in _run_wrapper
    status = _inner_run()
             ^^^^^^^^^^^^
  File "/projects/e32998/env/lib/python3.12/site-packages/pip/_internal/cli/base_command.py", line 98, in _inner_run
    return self.run(options, args)
           ^^^^^^^^^^^^^^^^^^^^^^^
  File "/projects/e32998/env/lib/python3.12/site-packages/pip/_internal/cli/req_command.py", line 71, in wrapper
    return func(self, options, args)
           ^^^^^^^^^^^^^^^^^^^^^^^^^
  File "/projects/e32998/env/lib/python3.12/site-packages/pip/_internal/commands/install.py", line 350, in run
    directory = TempDirectory(
                ^^^^^^^^^^^^^^
  File "/projects/e32998/env/lib/python3.12/site-packages/pip/_internal/utils/temp_dir.py", line 135, in __init__
    path = self._create(kind)
           ^^^^^^^^^^^^^^^^^^
  File "/projects/e32998/env/lib/python3.12/site-packages/pip/_internal/utils/temp_dir.py", line 175, in _create
    path = os.path.realpath(tempfile.mkdtemp(prefix=f"pip-{kind}-"))
                            ^^^^^^^^^^^^^^^^^^^^^^^^^^^^^^^^^^^^^^^
  File "/projects/e32998/env/lib/python3.12/tempfile.py", line 384, in mkdtemp
    _os.mkdir(file, 0o700)
OSError: [Errno 28] No space left on device: '/tmp/pip-install-ftfu1jun'
ERROR: Exception:
Traceback (most recent call last):
  File "/projects/e32998/env/lib/python3.12/site-packages/pip/_internal/cli/base_command.py", line 107, in _run_wrapper
    status = _inner_run()
             ^^^^^^^^^^^^
  File "/projects/e32998/env/lib/python3.12/site-packages/pip/_internal/cli/base_command.py", line 98, in _inner_run
    return self.run(options, args)
           ^^^^^^^^^^^^^^^^^^^^^^^
  File "/projects/e32998/env/lib/python3.12/site-packages/pip/_internal/cli/req_command.py", line 71, in wrapper
    return func(self, options, args)
           ^^^^^^^^^^^^^^^^^^^^^^^^^
  File "/projects/e32998/env/lib/python3.12/site-packages/pip/_internal/commands/install.py", line 350, in run
    directory = TempDirectory(
                ^^^^^^^^^^^^^^
  File "/projects/e32998/env/lib/python3.12/site-packages/pip/_internal/utils/temp_dir.py", line 135, in __init__
    path = self._create(kind)
           ^^^^^^^^^^^^^^^^^^
  File "/projects/e32998/env/lib/python3.12/site-packages/pip/_internal/utils/temp_dir.py", line 175, in _create
    path = os.path.realpath(tempfile.mkdtemp(prefix=f"pip-{kind}-"))
                            ^^^^^^^^^^^^^^^^^^^^^^^^^^^^^^^^^^^^^^^
  File "/projects/e32998/env/lib/python3.12/tempfile.py", line 384, in mkdtemp
    _os.mkdir(file, 0o700)
OSError: [Errno 28] No space left on device: '/tmp/pip-install-4mjn8zf8'
[I 2026-03-01 21:23:00,495] A new study created in memory with name: mil_study

  0%|          | 0/4 [00:00<?, ?it/s]
                                     

  0%|          | 0/4 [00:11<?, ?it/s]
                                     

  0%|          | 0/4 [00:11<?, ?it/s]
  0%|          | 0/4 [00:11<?, ?it/s]
OSError: [Errno 28] No space left on device

During handling of the above exception, another exception occurred:

Traceback (most recent call last):
  File "/gpfs/home/bdp1083/Presentation_3_code/ER_GA_DO_FEB27/optuna_training_3.py", line 660, in <module>
    main()
  File "/gpfs/home/bdp1083/Presentation_3_code/ER_GA_DO_FEB27/optuna_training_3.py", line 639, in main
    study.optimize(
  File "/projects/e32998/env/lib/python3.12/site-packages/optuna/study/study.py", line 490, in optimize
    _optimize(
  File "/projects/e32998/env/lib/python3.12/site-packages/optuna/study/_optimize.py", line 68, in _optimize
    _optimize_sequential(
  File "/projects/e32998/env/lib/python3.12/site-packages/optuna/study/_optimize.py", line 165, in _optimize_sequential
    frozen_trial_id = _run_trial(study, func, catch)
                      ^^^^^^^^^^^^^^^^^^^^^^^^^^^^^^
  File "/projects/e32998/env/lib/python3.12/site-packages/optuna/study/_optimize.py", line 263, in _run_trial
    raise func_err
  File "/projects/e32998/env/lib/python3.12/site-packages/optuna/study/_optimize.py", line 206, in _run_trial
    value_or_values = func(trial)
                      ^^^^^^^^^^^
  File "/gpfs/home/bdp1083/Presentation_3_code/ER_GA_DO_FEB27/optuna_training_3.py", line 626, in objective_wrapper
    return objective(
           ^^^^^^^^^^
  File "/gpfs/home/bdp1083/Presentation_3_code/ER_GA_DO_FEB27/optuna_training_3.py", line 319, in objective
    trainer = OptunaTrainer(
              ^^^^^^^^^^^^^^
  File "/gpfs/home/bdp1083/Presentation_3_code/ER_GA_DO_FEB27/optuna_training_3.py", line 60, in __init__
    self.optimizer = optim.AdamW(
                     ^^^^^^^^^^^^
  File "/projects/e32998/env/lib/python3.12/site-packages/torch/optim/adamw.py", line 37, in __init__
    super().__init__(
  File "/projects/e32998/env/lib/python3.12/site-packages/torch/optim/adam.py", line 101, in __init__
    super().__init__(params, defaults)
  File "/projects/e32998/env/lib/python3.12/site-packages/torch/optim/optimizer.py", line 401, in __init__
    self.add_param_group(cast(dict, param_group))
  File "/projects/e32998/env/lib/python3.12/site-packages/torch/_compile.py", line 46, in inner
    import torch._dynamo
  File "/projects/e32998/env/lib/python3.12/site-packages/torch/_dynamo/__init__.py", line 13, in <module>
    from . import (
  File "/projects/e32998/env/lib/python3.12/site-packages/torch/_dynamo/aot_compile.py", line 15, in <module>
    from . import convert_frame
  File "/projects/e32998/env/lib/python3.12/site-packages/torch/_dynamo/convert_frame.py", line 57, in <module>
    from torch._dynamo.symbolic_convert import TensorifyState
  File "/projects/e32998/env/lib/python3.12/site-packages/torch/_dynamo/symbolic_convert.py", line 59, in <module>
    from . import (
  File "/projects/e32998/env/lib/python3.12/site-packages/torch/_dynamo/trace_rules.py", line 58, in <module>
    from .variables import (
  File "/projects/e32998/env/lib/python3.12/site-packages/torch/_dynamo/variables/__init__.py", line 19, in <module>
    from .base import VariableTracker
  File "/projects/e32998/env/lib/python3.12/site-packages/torch/_dynamo/variables/base.py", line 650, in <module>
    from . import builder
  File "/projects/e32998/env/lib/python3.12/site-packages/torch/_dynamo/variables/builder.py", line 94, in <module>
    from ..side_effects import SideEffects
  File "/projects/e32998/env/lib/python3.12/site-packages/torch/_dynamo/side_effects.py", line 34, in <module>
    from torch._dynamo.variables.misc import AutogradFunctionContextVariable
  File "/projects/e32998/env/lib/python3.12/site-packages/torch/_dynamo/variables/misc.py", line 61, in <module>
    from .functions import NestedUserFunctionVariable, UserFunctionVariable
  File "/projects/e32998/env/lib/python3.12/site-packages/torch/_dynamo/variables/functions.py", line 88, in <module>
    from torch.distributed.fsdp._fully_shard import _fsdp_param_group
  File "/projects/e32998/env/lib/python3.12/site-packages/torch/distributed/fsdp/__init__.py", line 1, in <module>
    from ._flat_param import FlatParameter as FlatParameter
  File "/projects/e32998/env/lib/python3.12/site-packages/torch/distributed/fsdp/_flat_param.py", line 33, in <module>
    from ._fsdp_extensions import (
  File "/projects/e32998/env/lib/python3.12/site-packages/torch/distributed/fsdp/_fsdp_extensions.py", line 6, in <module>
    from torch.distributed._shard.sharded_tensor.api import ShardedTensor
  File "/projects/e32998/env/lib/python3.12/site-packages/torch/distributed/_shard/__init__.py", line 1, in <module>
    from .api import _shard_tensor, load_with_process_group, shard_module, shard_parameter
  File "/projects/e32998/env/lib/python3.12/site-packages/torch/distributed/_shard/api.py", line 9, in <module>
    from torch.distributed._shard.sharded_tensor import ShardedTensor
  File "/projects/e32998/env/lib/python3.12/site-packages/torch/distributed/_shard/sharded_tensor/__init__.py", line 8, in <module>
    from .api import (
  File "/projects/e32998/env/lib/python3.12/site-packages/torch/distributed/_shard/sharded_tensor/api.py", line 32, in <module>
    from .reshard import reshard_local_shard, reshuffle_local_shard
  File "/projects/e32998/env/lib/python3.12/site-packages/torch/distributed/_shard/sharded_tensor/reshard.py", line 13, in <module>
    from torch.distributed.nn.functional import all_to_all, all_to_all_single
  File "/projects/e32998/env/lib/python3.12/site-packages/torch/distributed/nn/__init__.py", line 7, in <module>
    from .api.remote_module import RemoteModule
  File "/projects/e32998/env/lib/python3.12/site-packages/torch/distributed/nn/api/remote_module.py", line 31, in <module>
    instantiator.instantiate_non_scriptable_remote_module_template()
  File "/projects/e32998/env/lib/python3.12/site-packages/torch/distributed/nn/jit/instantiator.py", line 156, in instantiate_non_scriptable_remote_module_template
    return _do_instantiate_remote_module_template(generated_module_name, str_dict, True)
           ^^^^^^^^^^^^^^^^^^^^^^^^^^^^^^^^^^^^^^^^^^^^^^^^^^^^^^^^^^^^^^^^^^^^^^^^^^^^^
  File "/projects/e32998/env/lib/python3.12/site-packages/torch/distributed/nn/jit/instantiator.py", line 90, in _do_instantiate_remote_module_template
    _write(out_path, generated_code_text)
  File "/projects/e32998/env/lib/python3.12/site-packages/torch/distributed/nn/jit/instantiator.py", line 74, in _write
    with open(out_path, "w") as f:
         ^^^^^^^^^^^^^^^^^^^
OSError: [Errno 28] No space left on device
