Job ID: 276512
Start time: Sat Feb 28 17:03:48 CST 2026
Requirement already satisfied: torch>=1.9.0 in /projects/e32998/env/lib/python3.12/site-packages (from -r /home/bdp1083/Presentation_3_code/Updated_Model_code_FEB27/requirements.txt (line 2)) (2.9.0)
Requirement already satisfied: torchvision>=0.10.0 in /projects/e32998/env/lib/python3.12/site-packages (from -r /home/bdp1083/Presentation_3_code/Updated_Model_code_FEB27/requirements.txt (line 3)) (0.24.0)
Requirement already satisfied: numpy>=1.21.0 in /projects/e32998/env/lib/python3.12/site-packages (from -r /home/bdp1083/Presentation_3_code/Updated_Model_code_FEB27/requirements.txt (line 4)) (2.3.4)
Requirement already satisfied: pandas>=1.3.0 in /projects/e32998/env/lib/python3.12/site-packages (from -r /home/bdp1083/Presentation_3_code/Updated_Model_code_FEB27/requirements.txt (line 5)) (2.3.3)
Requirement already satisfied: scikit-learn>=1.0.0 in /projects/e32998/env/lib/python3.12/site-packages (from -r /home/bdp1083/Presentation_3_code/Updated_Model_code_FEB27/requirements.txt (line 6)) (1.7.2)
Requirement already satisfied: Pillow>=8.3.0 in /projects/e32998/env/lib/python3.12/site-packages (from -r /home/bdp1083/Presentation_3_code/Updated_Model_code_FEB27/requirements.txt (line 7)) (12.0.0)
Requirement already satisfied: tqdm>=4.62.0 in /projects/e32998/env/lib/python3.12/site-packages (from -r /home/bdp1083/Presentation_3_code/Updated_Model_code_FEB27/requirements.txt (line 8)) (4.67.1)
Requirement already satisfied: matplotlib>=3.5.0 in /projects/e32998/env/lib/python3.12/site-packages (from -r /home/bdp1083/Presentation_3_code/Updated_Model_code_FEB27/requirements.txt (line 11)) (3.10.7)
Requirement already satisfied: seaborn>=0.11.0 in /projects/e32998/env/lib/python3.12/site-packages (from -r /home/bdp1083/Presentation_3_code/Updated_Model_code_FEB27/requirements.txt (line 12)) (0.13.2)
Requirement already satisfied: optuna>=3.0.0 in /projects/e32998/env/lib/python3.12/site-packages (from -r /home/bdp1083/Presentation_3_code/Updated_Model_code_FEB27/requirements.txt (line 15)) (4.7.0)
Requirement already satisfied: psutil>=5.8.0 in /projects/e32998/env/lib/python3.12/site-packages (from -r /home/bdp1083/Presentation_3_code/Updated_Model_code_FEB27/requirements.txt (line 18)) (7.1.2)
Requirement already satisfied: imbalanced-learn>=0.8.0 in /projects/e32998/env/lib/python3.12/site-packages (from -r /home/bdp1083/Presentation_3_code/Updated_Model_code_FEB27/requirements.txt (line 21)) (0.14.0)
Requirement already satisfied: filelock in /projects/e32998/env/lib/python3.12/site-packages (from torch>=1.9.0->-r /home/bdp1083/Presentation_3_code/Updated_Model_code_FEB27/requirements.txt (line 2)) (3.20.0)
Requirement already satisfied: typing-extensions>=4.10.0 in /projects/e32998/env/lib/python3.12/site-packages (from torch>=1.9.0->-r /home/bdp1083/Presentation_3_code/Updated_Model_code_FEB27/requirements.txt (line 2)) (4.15.0)
Requirement already satisfied: setuptools in /projects/e32998/env/lib/python3.12/site-packages (from torch>=1.9.0->-r /home/bdp1083/Presentation_3_code/Updated_Model_code_FEB27/requirements.txt (line 2)) (80.9.0)
Requirement already satisfied: sympy>=1.13.3 in /projects/e32998/env/lib/python3.12/site-packages (from torch>=1.9.0->-r /home/bdp1083/Presentation_3_code/Updated_Model_code_FEB27/requirements.txt (line 2)) (1.14.0)
Requirement already satisfied: networkx>=2.5.1 in /projects/e32998/env/lib/python3.12/site-packages (from torch>=1.9.0->-r /home/bdp1083/Presentation_3_code/Updated_Model_code_FEB27/requirements.txt (line 2)) (3.5)
Requirement already satisfied: jinja2 in /projects/e32998/env/lib/python3.12/site-packages (from torch>=1.9.0->-r /home/bdp1083/Presentation_3_code/Updated_Model_code_FEB27/requirements.txt (line 2)) (3.1.6)
Requirement already satisfied: fsspec>=0.8.5 in /projects/e32998/env/lib/python3.12/site-packages (from torch>=1.9.0->-r /home/bdp1083/Presentation_3_code/Updated_Model_code_FEB27/requirements.txt (line 2)) (2025.9.0)
Requirement already satisfied: nvidia-cuda-nvrtc-cu12==12.8.93 in /projects/e32998/env/lib/python3.12/site-packages (from torch>=1.9.0->-r /home/bdp1083/Presentation_3_code/Updated_Model_code_FEB27/requirements.txt (line 2)) (12.8.93)
Requirement already satisfied: nvidia-cuda-runtime-cu12==12.8.90 in /projects/e32998/env/lib/python3.12/site-packages (from torch>=1.9.0->-r /home/bdp1083/Presentation_3_code/Updated_Model_code_FEB27/requirements.txt (line 2)) (12.8.90)
Requirement already satisfied: nvidia-cuda-cupti-cu12==12.8.90 in /projects/e32998/env/lib/python3.12/site-packages (from torch>=1.9.0->-r /home/bdp1083/Presentation_3_code/Updated_Model_code_FEB27/requirements.txt (line 2)) (12.8.90)
Requirement already satisfied: nvidia-cudnn-cu12==9.10.2.21 in /projects/e32998/env/lib/python3.12/site-packages (from torch>=1.9.0->-r /home/bdp1083/Presentation_3_code/Updated_Model_code_FEB27/requirements.txt (line 2)) (9.10.2.21)
Requirement already satisfied: nvidia-cublas-cu12==12.8.4.1 in /projects/e32998/env/lib/python3.12/site-packages (from torch>=1.9.0->-r /home/bdp1083/Presentation_3_code/Updated_Model_code_FEB27/requirements.txt (line 2)) (12.8.4.1)
Requirement already satisfied: nvidia-cufft-cu12==11.3.3.83 in /projects/e32998/env/lib/python3.12/site-packages (from torch>=1.9.0->-r /home/bdp1083/Presentation_3_code/Updated_Model_code_FEB27/requirements.txt (line 2)) (11.3.3.83)
Requirement already satisfied: nvidia-curand-cu12==10.3.9.90 in /projects/e32998/env/lib/python3.12/site-packages (from torch>=1.9.0->-r /home/bdp1083/Presentation_3_code/Updated_Model_code_FEB27/requirements.txt (line 2)) (10.3.9.90)
Requirement already satisfied: nvidia-cusolver-cu12==11.7.3.90 in /projects/e32998/env/lib/python3.12/site-packages (from torch>=1.9.0->-r /home/bdp1083/Presentation_3_code/Updated_Model_code_FEB27/requirements.txt (line 2)) (11.7.3.90)
Requirement already satisfied: nvidia-cusparse-cu12==12.5.8.93 in /projects/e32998/env/lib/python3.12/site-packages (from torch>=1.9.0->-r /home/bdp1083/Presentation_3_code/Updated_Model_code_FEB27/requirements.txt (line 2)) (12.5.8.93)
Requirement already satisfied: nvidia-cusparselt-cu12==0.7.1 in /projects/e32998/env/lib/python3.12/site-packages (from torch>=1.9.0->-r /home/bdp1083/Presentation_3_code/Updated_Model_code_FEB27/requirements.txt (line 2)) (0.7.1)
Requirement already satisfied: nvidia-nccl-cu12==2.27.5 in /projects/e32998/env/lib/python3.12/site-packages (from torch>=1.9.0->-r /home/bdp1083/Presentation_3_code/Updated_Model_code_FEB27/requirements.txt (line 2)) (2.27.5)
Requirement already satisfied: nvidia-nvshmem-cu12==3.3.20 in /projects/e32998/env/lib/python3.12/site-packages (from torch>=1.9.0->-r /home/bdp1083/Presentation_3_code/Updated_Model_code_FEB27/requirements.txt (line 2)) (3.3.20)
Requirement already satisfied: nvidia-nvtx-cu12==12.8.90 in /projects/e32998/env/lib/python3.12/site-packages (from torch>=1.9.0->-r /home/bdp1083/Presentation_3_code/Updated_Model_code_FEB27/requirements.txt (line 2)) (12.8.90)
Requirement already satisfied: nvidia-nvjitlink-cu12==12.8.93 in /projects/e32998/env/lib/python3.12/site-packages (from torch>=1.9.0->-r /home/bdp1083/Presentation_3_code/Updated_Model_code_FEB27/requirements.txt (line 2)) (12.8.93)
Requirement already satisfied: nvidia-cufile-cu12==1.13.1.3 in /projects/e32998/env/lib/python3.12/site-packages (from torch>=1.9.0->-r /home/bdp1083/Presentation_3_code/Updated_Model_code_FEB27/requirements.txt (line 2)) (1.13.1.3)
Requirement already satisfied: triton==3.5.0 in /projects/e32998/env/lib/python3.12/site-packages (from torch>=1.9.0->-r /home/bdp1083/Presentation_3_code/Updated_Model_code_FEB27/requirements.txt (line 2)) (3.5.0)
Requirement already satisfied: python-dateutil>=2.8.2 in /projects/e32998/env/lib/python3.12/site-packages (from pandas>=1.3.0->-r /home/bdp1083/Presentation_3_code/Updated_Model_code_FEB27/requirements.txt (line 5)) (2.9.0.post0)
Requirement already satisfied: pytz>=2020.1 in /projects/e32998/env/lib/python3.12/site-packages (from pandas>=1.3.0->-r /home/bdp1083/Presentation_3_code/Updated_Model_code_FEB27/requirements.txt (line 5)) (2025.2)
Requirement already satisfied: tzdata>=2022.7 in /projects/e32998/env/lib/python3.12/site-packages (from pandas>=1.3.0->-r /home/bdp1083/Presentation_3_code/Updated_Model_code_FEB27/requirements.txt (line 5)) (2025.2)
Requirement already satisfied: scipy>=1.8.0 in /projects/e32998/env/lib/python3.12/site-packages (from scikit-learn>=1.0.0->-r /home/bdp1083/Presentation_3_code/Updated_Model_code_FEB27/requirements.txt (line 6)) (1.16.3)
Requirement already satisfied: joblib>=1.2.0 in /projects/e32998/env/lib/python3.12/site-packages (from scikit-learn>=1.0.0->-r /home/bdp1083/Presentation_3_code/Updated_Model_code_FEB27/requirements.txt (line 6)) (1.5.2)
Requirement already satisfied: threadpoolctl>=3.1.0 in /projects/e32998/env/lib/python3.12/site-packages (from scikit-learn>=1.0.0->-r /home/bdp1083/Presentation_3_code/Updated_Model_code_FEB27/requirements.txt (line 6)) (3.6.0)
Requirement already satisfied: contourpy>=1.0.1 in /projects/e32998/env/lib/python3.12/site-packages (from matplotlib>=3.5.0->-r /home/bdp1083/Presentation_3_code/Updated_Model_code_FEB27/requirements.txt (line 11)) (1.3.3)
Requirement already satisfied: cycler>=0.10 in /projects/e32998/env/lib/python3.12/site-packages (from matplotlib>=3.5.0->-r /home/bdp1083/Presentation_3_code/Updated_Model_code_FEB27/requirements.txt (line 11)) (0.12.1)
Requirement already satisfied: fonttools>=4.22.0 in /projects/e32998/env/lib/python3.12/site-packages (from matplotlib>=3.5.0->-r /home/bdp1083/Presentation_3_code/Updated_Model_code_FEB27/requirements.txt (line 11)) (4.60.1)
Requirement already satisfied: kiwisolver>=1.3.1 in /projects/e32998/env/lib/python3.12/site-packages (from matplotlib>=3.5.0->-r /home/bdp1083/Presentation_3_code/Updated_Model_code_FEB27/requirements.txt (line 11)) (1.4.9)
Requirement already satisfied: packaging>=20.0 in /projects/e32998/env/lib/python3.12/site-packages (from matplotlib>=3.5.0->-r /home/bdp1083/Presentation_3_code/Updated_Model_code_FEB27/requirements.txt (line 11)) (25.0)
Requirement already satisfied: pyparsing>=3 in /projects/e32998/env/lib/python3.12/site-packages (from matplotlib>=3.5.0->-r /home/bdp1083/Presentation_3_code/Updated_Model_code_FEB27/requirements.txt (line 11)) (3.2.5)
Requirement already satisfied: alembic>=1.5.0 in /projects/e32998/env/lib/python3.12/site-packages (from optuna>=3.0.0->-r /home/bdp1083/Presentation_3_code/Updated_Model_code_FEB27/requirements.txt (line 15)) (1.18.3)
Requirement already satisfied: colorlog in /projects/e32998/env/lib/python3.12/site-packages (from optuna>=3.0.0->-r /home/bdp1083/Presentation_3_code/Updated_Model_code_FEB27/requirements.txt (line 15)) (6.10.1)
Requirement already satisfied: sqlalchemy>=1.4.2 in /projects/e32998/env/lib/python3.12/site-packages (from optuna>=3.0.0->-r /home/bdp1083/Presentation_3_code/Updated_Model_code_FEB27/requirements.txt (line 15)) (2.0.46)
Requirement already satisfied: PyYAML in /projects/e32998/env/lib/python3.12/site-packages (from optuna>=3.0.0->-r /home/bdp1083/Presentation_3_code/Updated_Model_code_FEB27/requirements.txt (line 15)) (6.0.3)
Requirement already satisfied: Mako in /projects/e32998/env/lib/python3.12/site-packages (from alembic>=1.5.0->optuna>=3.0.0->-r /home/bdp1083/Presentation_3_code/Updated_Model_code_FEB27/requirements.txt (line 15)) (1.3.10)
Requirement already satisfied: six>=1.5 in /projects/e32998/env/lib/python3.12/site-packages (from python-dateutil>=2.8.2->pandas>=1.3.0->-r /home/bdp1083/Presentation_3_code/Updated_Model_code_FEB27/requirements.txt (line 5)) (1.17.0)
Requirement already satisfied: greenlet>=1 in /projects/e32998/env/lib/python3.12/site-packages (from sqlalchemy>=1.4.2->optuna>=3.0.0->-r /home/bdp1083/Presentation_3_code/Updated_Model_code_FEB27/requirements.txt (line 15)) (3.3.1)
Requirement already satisfied: mpmath<1.4,>=1.1.0 in /projects/e32998/env/lib/python3.12/site-packages (from sympy>=1.13.3->torch>=1.9.0->-r /home/bdp1083/Presentation_3_code/Updated_Model_code_FEB27/requirements.txt (line 2)) (1.3.0)
Requirement already satisfied: MarkupSafe>=2.0 in /projects/e32998/env/lib/python3.12/site-packages (from jinja2->torch>=1.9.0->-r /home/bdp1083/Presentation_3_code/Updated_Model_code_FEB27/requirements.txt (line 2)) (3.0.3)
Requirement already satisfied: certifi in /projects/e32998/env/lib/python3.12/site-packages (2026.2.25)
Random seed set to 42
Using CPU
================================================================================
OPTUNA HYPERPARAMETER OPTIMIZATION FOR MIL
================================================================================
Device: cpu
Number of trials: 4
Epochs per trial: 30
Pruning warmup: 3 epochs
Per slice cap: 500
Max slices per stain: 5
Output directory: ./optuna_results_20260228_170441
============================================================
PREPARING DATA
============================================================
Loaded 118 labels
Found 83630 patch files
All 3808 non-standard file names were handled.
Grouped into 383 slices
Mapped 371 slices to classes
Class distribution: {1: 238, 0: 133}

----------------------------------------
SPLITTING DATA
----------------------------------------
Loading existing splits from: /home/bdp1083/Presentation_3_code/Updated_Model_code_FEB27/data_splits/data_splits.npz
Data splits loaded from: /home/bdp1083/Presentation_3_code/Updated_Model_code_FEB27/data_splits/data_splits.npz
Loaded splits - Train: 226, Val: 77
Cases per split: 55 19 0
Paths per split: 51023 13864 0
No leakage between train & val (cases).
No leakage between train & test (cases).
No leakage between val & test (cases).
No leakage between train & val (paths).
No leakage between train & test (paths).
No leakage between val & test (paths).

Patch count by class for Train:
  Benign (0):     15126 patches
  High-grade (1): 35897 patches

Patch count by class for Validation:
  Benign (0):     4493 patches
  High-grade (1): 9371 patches

============================================================
CREATING DATA LOADERS
============================================================
Train batches: 55
Val batches: 19

============================================================
CREATING OPTUNA STUDY
============================================================

============================================================
STARTING OPTIMIZATION
============================================================

============================================================
Trial 0
============================================================
Parameters:
  Learning rate: 1.18e-05
  Weight decay: 1.82e-02
  Dropout: 0.196
  Class weight (benign): 2.40
  Use scheduler: True
  Scheduler min lr: 1.43e-07
  Epoch 5/30 - Train Loss: 0.3751, Val Loss: 0.6353, Val Acc: 0.6316
  Epoch 10/30 - Train Loss: 0.1984, Val Loss: 0.6846, Val Acc: 0.8947
  Epoch 15/30 - Train Loss: 0.0591, Val Loss: 0.6322, Val Acc: 0.8421
  Epoch 20/30 - Train Loss: 0.0220, Val Loss: 0.7509, Val Acc: 0.8421
  Epoch 25/30 - Train Loss: 0.0162, Val Loss: 0.7720, Val Acc: 0.8421
  Epoch 30/30 - Train Loss: 0.0132, Val Loss: 0.7825, Val Acc: 0.8421
Trial 0 completed - Best Val Loss: 0.5826, Best Val Acc: 0.8421
[I 2026-02-28 19:08:26,143] Trial 0 finished with value: 0.5825908982783163 and parameters: {'learning_rate': 1.1844319751820392e-05, 'weight_decay': 0.018214744423753766, 'dropout': 0.19639878836228103, 'class_weight_benign': 2.3986584841970364, 'scheduler_min_lr': 1.432249371823024e-07}. Best is trial 0 with value: 0.5825908982783163.

============================================================
Trial 1
============================================================
Parameters:
  Learning rate: 7.16e-06
  Weight decay: 3.35e-03
  Dropout: 0.223
  Class weight (benign): 2.40
  Use scheduler: True
  Scheduler min lr: 5.11e-07
  Epoch 5/30 - Train Loss: 0.4757, Val Loss: 0.6326, Val Acc: 0.7895
  Epoch 10/30 - Train Loss: 0.2753, Val Loss: 0.6738, Val Acc: 0.8947
  Epoch 15/30 - Train Loss: 0.1719, Val Loss: 0.6734, Val Acc: 0.8947
  Epoch 20/30 - Train Loss: 0.1580, Val Loss: 0.7179, Val Acc: 0.8947
  Epoch 25/30 - Train Loss: 0.1343, Val Loss: 0.7092, Val Acc: 0.8947
  Epoch 30/30 - Train Loss: 0.1264, Val Loss: 0.7181, Val Acc: 0.8947
Trial 1 completed - Best Val Loss: 0.6189, Best Val Acc: 0.8947
[I 2026-02-28 21:07:57,669] Trial 1 finished with value: 0.6188707717351223 and parameters: {'learning_rate': 7.160849144555761e-06, 'weight_decay': 0.0033494758473134414, 'dropout': 0.22323522915498706, 'class_weight_benign': 2.401115011743209, 'scheduler_min_lr': 5.105903209394757e-07}. Best is trial 0 with value: 0.5825908982783163.

============================================================
Trial 2
============================================================
Parameters:
  Learning rate: 5.24e-06
  Weight decay: 1.89e-02
  Dropout: 0.216
  Class weight (benign): 2.01
  Use scheduler: True
  Scheduler min lr: 1.52e-07
  Epoch 5/30 - Train Loss: 0.5344, Val Loss: 0.6008, Val Acc: 0.8421
  Epoch 10/30 - Train Loss: 0.3835, Val Loss: 0.5602, Val Acc: 0.8421
  Epoch 15/30 - Train Loss: 0.2433, Val Loss: 0.5430, Val Acc: 0.8421
  Epoch 20/30 - Train Loss: 0.1752, Val Loss: 0.5265, Val Acc: 0.9474
  Epoch 25/30 - Train Loss: 0.1207, Val Loss: 0.4852, Val Acc: 0.9474
  Epoch 30/30 - Train Loss: 0.0666, Val Loss: 0.5094, Val Acc: 0.8947
Trial 2 completed - Best Val Loss: 0.4648, Best Val Acc: 0.9474
[I 2026-03-01 00:09:42,078] Trial 2 finished with value: 0.4647682398472649 and parameters: {'learning_rate': 5.2426938625973105e-06, 'weight_decay': 0.018890282808631323, 'dropout': 0.21648852816008435, 'class_weight_benign': 2.012339110678276, 'scheduler_min_lr': 1.5199348301309797e-07}. Best is trial 2 with value: 0.4647682398472649.

============================================================
Trial 3
============================================================
Parameters:
  Learning rate: 7.63e-06
  Weight decay: 5.34e-03
  Dropout: 0.155
  Class weight (benign): 2.23
  Use scheduler: True
  Scheduler min lr: 1.96e-07
  Epoch 5/30 - Train Loss: 0.4691, Val Loss: 0.6298, Val Acc: 0.7368
  Epoch 10/30 - Train Loss: 0.2832, Val Loss: 0.6316, Val Acc: 0.8421
  Epoch 15/30 - Train Loss: 0.2012, Val Loss: 0.6497, Val Acc: 0.8421
  Epoch 20/30 - Train Loss: 0.1647, Val Loss: 0.6504, Val Acc: 0.8421
  Epoch 25/30 - Train Loss: 0.1644, Val Loss: 0.6550, Val Acc: 0.8421
  Epoch 30/30 - Train Loss: 0.1437, Val Loss: 0.6566, Val Acc: 0.8421
Trial 3 completed - Best Val Loss: 0.6161, Best Val Acc: 0.7895
[I 2026-03-01 05:02:10,598] Trial 3 finished with value: 0.6160773072195681 and parameters: {'learning_rate': 7.627364729026299e-06, 'weight_decay': 0.005343048274530413, 'dropout': 0.15495128632644756, 'class_weight_benign': 2.231945018642116, 'scheduler_min_lr': 1.955370866274525e-07}. Best is trial 2 with value: 0.4647682398472649.

============================================================
SAVING RESULTS
============================================================

Best hyperparameters saved to: ./optuna_results_20260228_170441/best_hyperparameters.json
All trials saved to: ./optuna_results_20260228_170441/all_trials.csv

Generating visualizations...
  - Optimization history saved
  - Parameter importances saved
  - Parallel coordinate plot saved
  - Slice plot saved
  - Contour plot saved

============================================================
OPTIMIZATION SUMMARY
============================================================
Number of trials: 4
Number of pruned trials: 0
Number of complete trials: 4

Best trial: 2
Best validation loss: 0.4648
Best validation accuracy: 0.9474

Best hyperparameters:
  learning_rate: 5.24e-06
  weight_decay: 0.0189
  dropout: 0.2165
  class_weight_benign: 2.0123
  scheduler_min_lr: 1.52e-07

================================================================================
OPTIMIZATION COMPLETED SUCCESSFULLY
================================================================================
Results saved to: ./optuna_results_20260228_170441
View visualizations by opening the HTML files in: ./optuna_results_20260228_170441
