Job ID: 163911
Start time: Fri Feb 27 22:52:47 CST 2026
Requirement already satisfied: torch>=1.9.0 in /projects/e32998/env/lib/python3.12/site-packages (from -r /home/bdp1083/Presentation_3_code/Updated_Model_code_FEB27/requirements.txt (line 2)) (2.9.0)
Requirement already satisfied: torchvision>=0.10.0 in /projects/e32998/env/lib/python3.12/site-packages (from -r /home/bdp1083/Presentation_3_code/Updated_Model_code_FEB27/requirements.txt (line 3)) (0.24.0)
Requirement already satisfied: numpy>=1.21.0 in /projects/e32998/env/lib/python3.12/site-packages (from -r /home/bdp1083/Presentation_3_code/Updated_Model_code_FEB27/requirements.txt (line 4)) (2.3.4)
Requirement already satisfied: pandas>=1.3.0 in /projects/e32998/env/lib/python3.12/site-packages (from -r /home/bdp1083/Presentation_3_code/Updated_Model_code_FEB27/requirements.txt (line 5)) (2.3.3)
Requirement already satisfied: scikit-learn>=1.0.0 in /projects/e32998/env/lib/python3.12/site-packages (from -r /home/bdp1083/Presentation_3_code/Updated_Model_code_FEB27/requirements.txt (line 6)) (1.7.2)
Requirement already satisfied: Pillow>=8.3.0 in /projects/e32998/env/lib/python3.12/site-packages (from -r /home/bdp1083/Presentation_3_code/Updated_Model_code_FEB27/requirements.txt (line 7)) (12.0.0)
Requirement already satisfied: tqdm>=4.62.0 in /projects/e32998/env/lib/python3.12/site-packages (from -r /home/bdp1083/Presentation_3_code/Updated_Model_code_FEB27/requirements.txt (line 8)) (4.67.1)
Requirement already satisfied: matplotlib>=3.5.0 in /projects/e32998/env/lib/python3.12/site-packages (from -r /home/bdp1083/Presentation_3_code/Updated_Model_code_FEB27/requirements.txt (line 11)) (3.10.7)
Requirement already satisfied: seaborn>=0.11.0 in /projects/e32998/env/lib/python3.12/site-packages (from -r /home/bdp1083/Presentation_3_code/Updated_Model_code_FEB27/requirements.txt (line 12)) (0.13.2)
Requirement already satisfied: optuna>=3.0.0 in /projects/e32998/env/lib/python3.12/site-packages (from -r /home/bdp1083/Presentation_3_code/Updated_Model_code_FEB27/requirements.txt (line 15)) (4.7.0)
Requirement already satisfied: psutil>=5.8.0 in /projects/e32998/env/lib/python3.12/site-packages (from -r /home/bdp1083/Presentation_3_code/Updated_Model_code_FEB27/requirements.txt (line 18)) (7.1.2)
Requirement already satisfied: imbalanced-learn>=0.8.0 in /projects/e32998/env/lib/python3.12/site-packages (from -r /home/bdp1083/Presentation_3_code/Updated_Model_code_FEB27/requirements.txt (line 21)) (0.14.0)
Requirement already satisfied: filelock in /projects/e32998/env/lib/python3.12/site-packages (from torch>=1.9.0->-r /home/bdp1083/Presentation_3_code/Updated_Model_code_FEB27/requirements.txt (line 2)) (3.20.0)
Requirement already satisfied: typing-extensions>=4.10.0 in /projects/e32998/env/lib/python3.12/site-packages (from torch>=1.9.0->-r /home/bdp1083/Presentation_3_code/Updated_Model_code_FEB27/requirements.txt (line 2)) (4.15.0)
Requirement already satisfied: setuptools in /projects/e32998/env/lib/python3.12/site-packages (from torch>=1.9.0->-r /home/bdp1083/Presentation_3_code/Updated_Model_code_FEB27/requirements.txt (line 2)) (80.9.0)
Requirement already satisfied: sympy>=1.13.3 in /projects/e32998/env/lib/python3.12/site-packages (from torch>=1.9.0->-r /home/bdp1083/Presentation_3_code/Updated_Model_code_FEB27/requirements.txt (line 2)) (1.14.0)
Requirement already satisfied: networkx>=2.5.1 in /projects/e32998/env/lib/python3.12/site-packages (from torch>=1.9.0->-r /home/bdp1083/Presentation_3_code/Updated_Model_code_FEB27/requirements.txt (line 2)) (3.5)
Requirement already satisfied: jinja2 in /projects/e32998/env/lib/python3.12/site-packages (from torch>=1.9.0->-r /home/bdp1083/Presentation_3_code/Updated_Model_code_FEB27/requirements.txt (line 2)) (3.1.6)
Requirement already satisfied: fsspec>=0.8.5 in /projects/e32998/env/lib/python3.12/site-packages (from torch>=1.9.0->-r /home/bdp1083/Presentation_3_code/Updated_Model_code_FEB27/requirements.txt (line 2)) (2025.9.0)
Requirement already satisfied: nvidia-cuda-nvrtc-cu12==12.8.93 in /projects/e32998/env/lib/python3.12/site-packages (from torch>=1.9.0->-r /home/bdp1083/Presentation_3_code/Updated_Model_code_FEB27/requirements.txt (line 2)) (12.8.93)
Requirement already satisfied: nvidia-cuda-runtime-cu12==12.8.90 in /projects/e32998/env/lib/python3.12/site-packages (from torch>=1.9.0->-r /home/bdp1083/Presentation_3_code/Updated_Model_code_FEB27/requirements.txt (line 2)) (12.8.90)
Requirement already satisfied: nvidia-cuda-cupti-cu12==12.8.90 in /projects/e32998/env/lib/python3.12/site-packages (from torch>=1.9.0->-r /home/bdp1083/Presentation_3_code/Updated_Model_code_FEB27/requirements.txt (line 2)) (12.8.90)
Requirement already satisfied: nvidia-cudnn-cu12==9.10.2.21 in /projects/e32998/env/lib/python3.12/site-packages (from torch>=1.9.0->-r /home/bdp1083/Presentation_3_code/Updated_Model_code_FEB27/requirements.txt (line 2)) (9.10.2.21)
Requirement already satisfied: nvidia-cublas-cu12==12.8.4.1 in /projects/e32998/env/lib/python3.12/site-packages (from torch>=1.9.0->-r /home/bdp1083/Presentation_3_code/Updated_Model_code_FEB27/requirements.txt (line 2)) (12.8.4.1)
Requirement already satisfied: nvidia-cufft-cu12==11.3.3.83 in /projects/e32998/env/lib/python3.12/site-packages (from torch>=1.9.0->-r /home/bdp1083/Presentation_3_code/Updated_Model_code_FEB27/requirements.txt (line 2)) (11.3.3.83)
Requirement already satisfied: nvidia-curand-cu12==10.3.9.90 in /projects/e32998/env/lib/python3.12/site-packages (from torch>=1.9.0->-r /home/bdp1083/Presentation_3_code/Updated_Model_code_FEB27/requirements.txt (line 2)) (10.3.9.90)
Requirement already satisfied: nvidia-cusolver-cu12==11.7.3.90 in /projects/e32998/env/lib/python3.12/site-packages (from torch>=1.9.0->-r /home/bdp1083/Presentation_3_code/Updated_Model_code_FEB27/requirements.txt (line 2)) (11.7.3.90)
Requirement already satisfied: nvidia-cusparse-cu12==12.5.8.93 in /projects/e32998/env/lib/python3.12/site-packages (from torch>=1.9.0->-r /home/bdp1083/Presentation_3_code/Updated_Model_code_FEB27/requirements.txt (line 2)) (12.5.8.93)
Requirement already satisfied: nvidia-cusparselt-cu12==0.7.1 in /projects/e32998/env/lib/python3.12/site-packages (from torch>=1.9.0->-r /home/bdp1083/Presentation_3_code/Updated_Model_code_FEB27/requirements.txt (line 2)) (0.7.1)
Requirement already satisfied: nvidia-nccl-cu12==2.27.5 in /projects/e32998/env/lib/python3.12/site-packages (from torch>=1.9.0->-r /home/bdp1083/Presentation_3_code/Updated_Model_code_FEB27/requirements.txt (line 2)) (2.27.5)
Requirement already satisfied: nvidia-nvshmem-cu12==3.3.20 in /projects/e32998/env/lib/python3.12/site-packages (from torch>=1.9.0->-r /home/bdp1083/Presentation_3_code/Updated_Model_code_FEB27/requirements.txt (line 2)) (3.3.20)
Requirement already satisfied: nvidia-nvtx-cu12==12.8.90 in /projects/e32998/env/lib/python3.12/site-packages (from torch>=1.9.0->-r /home/bdp1083/Presentation_3_code/Updated_Model_code_FEB27/requirements.txt (line 2)) (12.8.90)
Requirement already satisfied: nvidia-nvjitlink-cu12==12.8.93 in /projects/e32998/env/lib/python3.12/site-packages (from torch>=1.9.0->-r /home/bdp1083/Presentation_3_code/Updated_Model_code_FEB27/requirements.txt (line 2)) (12.8.93)
Requirement already satisfied: nvidia-cufile-cu12==1.13.1.3 in /projects/e32998/env/lib/python3.12/site-packages (from torch>=1.9.0->-r /home/bdp1083/Presentation_3_code/Updated_Model_code_FEB27/requirements.txt (line 2)) (1.13.1.3)
Requirement already satisfied: triton==3.5.0 in /projects/e32998/env/lib/python3.12/site-packages (from torch>=1.9.0->-r /home/bdp1083/Presentation_3_code/Updated_Model_code_FEB27/requirements.txt (line 2)) (3.5.0)
Requirement already satisfied: python-dateutil>=2.8.2 in /projects/e32998/env/lib/python3.12/site-packages (from pandas>=1.3.0->-r /home/bdp1083/Presentation_3_code/Updated_Model_code_FEB27/requirements.txt (line 5)) (2.9.0.post0)
Requirement already satisfied: pytz>=2020.1 in /projects/e32998/env/lib/python3.12/site-packages (from pandas>=1.3.0->-r /home/bdp1083/Presentation_3_code/Updated_Model_code_FEB27/requirements.txt (line 5)) (2025.2)
Requirement already satisfied: tzdata>=2022.7 in /projects/e32998/env/lib/python3.12/site-packages (from pandas>=1.3.0->-r /home/bdp1083/Presentation_3_code/Updated_Model_code_FEB27/requirements.txt (line 5)) (2025.2)
Requirement already satisfied: scipy>=1.8.0 in /projects/e32998/env/lib/python3.12/site-packages (from scikit-learn>=1.0.0->-r /home/bdp1083/Presentation_3_code/Updated_Model_code_FEB27/requirements.txt (line 6)) (1.16.3)
Requirement already satisfied: joblib>=1.2.0 in /projects/e32998/env/lib/python3.12/site-packages (from scikit-learn>=1.0.0->-r /home/bdp1083/Presentation_3_code/Updated_Model_code_FEB27/requirements.txt (line 6)) (1.5.2)
Requirement already satisfied: threadpoolctl>=3.1.0 in /projects/e32998/env/lib/python3.12/site-packages (from scikit-learn>=1.0.0->-r /home/bdp1083/Presentation_3_code/Updated_Model_code_FEB27/requirements.txt (line 6)) (3.6.0)
Requirement already satisfied: contourpy>=1.0.1 in /projects/e32998/env/lib/python3.12/site-packages (from matplotlib>=3.5.0->-r /home/bdp1083/Presentation_3_code/Updated_Model_code_FEB27/requirements.txt (line 11)) (1.3.3)
Requirement already satisfied: cycler>=0.10 in /projects/e32998/env/lib/python3.12/site-packages (from matplotlib>=3.5.0->-r /home/bdp1083/Presentation_3_code/Updated_Model_code_FEB27/requirements.txt (line 11)) (0.12.1)
Requirement already satisfied: fonttools>=4.22.0 in /projects/e32998/env/lib/python3.12/site-packages (from matplotlib>=3.5.0->-r /home/bdp1083/Presentation_3_code/Updated_Model_code_FEB27/requirements.txt (line 11)) (4.60.1)
Requirement already satisfied: kiwisolver>=1.3.1 in /projects/e32998/env/lib/python3.12/site-packages (from matplotlib>=3.5.0->-r /home/bdp1083/Presentation_3_code/Updated_Model_code_FEB27/requirements.txt (line 11)) (1.4.9)
Requirement already satisfied: packaging>=20.0 in /projects/e32998/env/lib/python3.12/site-packages (from matplotlib>=3.5.0->-r /home/bdp1083/Presentation_3_code/Updated_Model_code_FEB27/requirements.txt (line 11)) (25.0)
Requirement already satisfied: pyparsing>=3 in /projects/e32998/env/lib/python3.12/site-packages (from matplotlib>=3.5.0->-r /home/bdp1083/Presentation_3_code/Updated_Model_code_FEB27/requirements.txt (line 11)) (3.2.5)
Requirement already satisfied: alembic>=1.5.0 in /projects/e32998/env/lib/python3.12/site-packages (from optuna>=3.0.0->-r /home/bdp1083/Presentation_3_code/Updated_Model_code_FEB27/requirements.txt (line 15)) (1.18.3)
Requirement already satisfied: colorlog in /projects/e32998/env/lib/python3.12/site-packages (from optuna>=3.0.0->-r /home/bdp1083/Presentation_3_code/Updated_Model_code_FEB27/requirements.txt (line 15)) (6.10.1)
Requirement already satisfied: sqlalchemy>=1.4.2 in /projects/e32998/env/lib/python3.12/site-packages (from optuna>=3.0.0->-r /home/bdp1083/Presentation_3_code/Updated_Model_code_FEB27/requirements.txt (line 15)) (2.0.46)
Requirement already satisfied: PyYAML in /projects/e32998/env/lib/python3.12/site-packages (from optuna>=3.0.0->-r /home/bdp1083/Presentation_3_code/Updated_Model_code_FEB27/requirements.txt (line 15)) (6.0.3)
Requirement already satisfied: Mako in /projects/e32998/env/lib/python3.12/site-packages (from alembic>=1.5.0->optuna>=3.0.0->-r /home/bdp1083/Presentation_3_code/Updated_Model_code_FEB27/requirements.txt (line 15)) (1.3.10)
Requirement already satisfied: six>=1.5 in /projects/e32998/env/lib/python3.12/site-packages (from python-dateutil>=2.8.2->pandas>=1.3.0->-r /home/bdp1083/Presentation_3_code/Updated_Model_code_FEB27/requirements.txt (line 5)) (1.17.0)
Requirement already satisfied: greenlet>=1 in /projects/e32998/env/lib/python3.12/site-packages (from sqlalchemy>=1.4.2->optuna>=3.0.0->-r /home/bdp1083/Presentation_3_code/Updated_Model_code_FEB27/requirements.txt (line 15)) (3.3.1)
Requirement already satisfied: mpmath<1.4,>=1.1.0 in /projects/e32998/env/lib/python3.12/site-packages (from sympy>=1.13.3->torch>=1.9.0->-r /home/bdp1083/Presentation_3_code/Updated_Model_code_FEB27/requirements.txt (line 2)) (1.3.0)
Requirement already satisfied: MarkupSafe>=2.0 in /projects/e32998/env/lib/python3.12/site-packages (from jinja2->torch>=1.9.0->-r /home/bdp1083/Presentation_3_code/Updated_Model_code_FEB27/requirements.txt (line 2)) (3.0.3)
Requirement already satisfied: certifi in /projects/e32998/env/lib/python3.12/site-packages (2026.2.25)
Random seed set to 42
Using CPU
================================================================================
OPTUNA HYPERPARAMETER OPTIMIZATION FOR MIL
================================================================================
Device: cpu
Number of trials: 4
Epochs per trial: 30
Pruning warmup: 3 epochs
Per slice cap: 500
Max slices per stain: 5
Output directory: ./optuna_results_20260227_225315
============================================================
PREPARING DATA
============================================================
Loaded 118 labels
Found 83630 patch files
All 3808 non-standard file names were handled.
Grouped into 383 slices
Mapped 371 slices to classes
Class distribution: {1: 238, 0: 133}

----------------------------------------
SPLITTING DATA
----------------------------------------
Loading existing splits from: /home/bdp1083/Presentation_3_code/Updated_Model_code_FEB27/data_splits/data_splits.npz
Data splits loaded from: /home/bdp1083/Presentation_3_code/Updated_Model_code_FEB27/data_splits/data_splits.npz
Loaded splits - Train: 226, Val: 77
Cases per split: 55 19 0
Paths per split: 51023 13864 0
No leakage between train & val (cases).
No leakage between train & test (cases).
No leakage between val & test (cases).
No leakage between train & val (paths).
No leakage between train & test (paths).
No leakage between val & test (paths).

Patch count by class for Train:
  Benign (0):     15126 patches
  High-grade (1): 35897 patches

Patch count by class for Validation:
  Benign (0):     4493 patches
  High-grade (1): 9371 patches

============================================================
CREATING DATA LOADERS
============================================================
Train batches: 55
Val batches: 19

============================================================
CREATING OPTUNA STUDY
============================================================

============================================================
STARTING OPTIMIZATION
============================================================

============================================================
Trial 0
============================================================
Parameters:
  Learning rate: 5.61e-05
  Weight decay: 7.11e-03
  Dropout: 0.393
  Class weight (benign): 3.00
  Use scheduler: True
  Scheduler min lr: 2.94e-07
  Epoch 5/30 - Train Loss: 0.2111, Val Loss: 0.3990, Val Acc: 0.8421
  Epoch 10/30 - Train Loss: 0.0338, Val Loss: 0.4761, Val Acc: 0.8947
  Epoch 15/30 - Train Loss: 0.0065, Val Loss: 0.4703, Val Acc: 0.8947
  Epoch 20/30 - Train Loss: 0.0052, Val Loss: 0.4831, Val Acc: 0.8947
  Epoch 25/30 - Train Loss: 0.0040, Val Loss: 0.4869, Val Acc: 0.8947
  Epoch 30/30 - Train Loss: 0.0037, Val Loss: 0.4892, Val Acc: 0.8947
Trial 0 completed - Best Val Loss: 0.3990, Best Val Acc: 0.8421
[I 2026-02-27 23:28:33,776] Trial 0 finished with value: 0.3990427455435948 and parameters: {'learning_rate': 5.6115164153345e-05, 'weight_decay': 0.0071144760093434225, 'dropout': 0.39279757672456206, 'class_weight_benign': 2.9966462104925915, 'scheduler_min_lr': 2.938027938703532e-07}. Best is trial 0 with value: 0.3990427455435948.

============================================================
Trial 1
============================================================
Parameters:
  Learning rate: 2.05e-05
  Weight decay: 1.49e-05
  Dropout: 0.446
  Class weight (benign): 3.00
  Use scheduler: True
  Scheduler min lr: 1.33e-05
  Epoch 5/30 - Train Loss: 0.3707, Val Loss: 0.7359, Val Acc: 0.6842
  Epoch 10/30 - Train Loss: 0.1357, Val Loss: 0.6075, Val Acc: 0.9474
  Epoch 15/30 - Train Loss: 0.0316, Val Loss: 0.6285, Val Acc: 0.8947
  Epoch 20/30 - Train Loss: 0.0156, Val Loss: 0.8074, Val Acc: 0.9474
  Epoch 25/30 - Train Loss: 0.0050, Val Loss: 0.8031, Val Acc: 0.9474
  Epoch 30/30 - Train Loss: 0.0047, Val Loss: 0.9273, Val Acc: 0.9474
Trial 1 completed - Best Val Loss: 0.5402, Best Val Acc: 0.8947
[I 2026-02-28 00:01:57,250] Trial 1 finished with value: 0.5402231738247026 and parameters: {'learning_rate': 2.0511104188433963e-05, 'weight_decay': 1.493656855461762e-05, 'dropout': 0.4464704583099741, 'class_weight_benign': 3.002787529358022, 'scheduler_min_lr': 1.3311216080736884e-05}. Best is trial 0 with value: 0.3990427455435948.

============================================================
Trial 2
============================================================
Parameters:
  Learning rate: 1.10e-05
  Weight decay: 8.12e-03
  Dropout: 0.433
  Class weight (benign): 2.03
  Use scheduler: True
  Scheduler min lr: 3.51e-07
  Epoch 5/30 - Train Loss: 0.4516, Val Loss: 0.6097, Val Acc: 0.7368
  Epoch 10/30 - Train Loss: 0.2322, Val Loss: 0.4718, Val Acc: 0.9474
  Epoch 15/30 - Train Loss: 0.1336, Val Loss: 0.4074, Val Acc: 0.8947
  Epoch 20/30 - Train Loss: 0.0468, Val Loss: 0.4135, Val Acc: 0.8947
  Epoch 25/30 - Train Loss: 0.0267, Val Loss: 0.4081, Val Acc: 0.8947
  Epoch 30/30 - Train Loss: 0.0241, Val Loss: 0.4149, Val Acc: 0.8947
Trial 2 completed - Best Val Loss: 0.3972, Best Val Acc: 0.8947
[I 2026-02-28 00:37:10,595] Trial 2 finished with value: 0.3971956886199989 and parameters: {'learning_rate': 1.0994335574766187e-05, 'weight_decay': 0.008123245085588688, 'dropout': 0.4329770563201687, 'class_weight_benign': 2.0308477766956905, 'scheduler_min_lr': 3.511356313970404e-07}. Best is trial 2 with value: 0.3971956886199989.

============================================================
Trial 3
============================================================
Parameters:
  Learning rate: 2.33e-05
  Weight decay: 8.18e-05
  Dropout: 0.310
  Class weight (benign): 2.58
  Use scheduler: True
  Scheduler min lr: 7.48e-07
  Epoch 5/30 - Train Loss: 0.3245, Val Loss: 0.5526, Val Acc: 0.8421
  Epoch 10/30 - Train Loss: 0.1217, Val Loss: 0.6695, Val Acc: 0.8947
  Epoch 15/30 - Train Loss: 0.0152, Val Loss: 0.7333, Val Acc: 0.8947
  Epoch 20/30 - Train Loss: 0.0075, Val Loss: 0.7695, Val Acc: 0.8947
  Epoch 25/30 - Train Loss: 0.0067, Val Loss: 0.7938, Val Acc: 0.8947
  Epoch 30/30 - Train Loss: 0.0059, Val Loss: 0.7981, Val Acc: 0.8947
Trial 3 completed - Best Val Loss: 0.4359, Best Val Acc: 0.8947
[I 2026-02-28 01:11:50,733] Trial 3 finished with value: 0.4359297206024884 and parameters: {'learning_rate': 2.3270677083837777e-05, 'weight_decay': 8.17949947521167e-05, 'dropout': 0.3099025726528951, 'class_weight_benign': 2.5798625466052894, 'scheduler_min_lr': 7.476312062252299e-07}. Best is trial 2 with value: 0.3971956886199989.

============================================================
SAVING RESULTS
============================================================

Best hyperparameters saved to: ./optuna_results_20260227_225315/best_hyperparameters.json
All trials saved to: ./optuna_results_20260227_225315/all_trials.csv

Generating visualizations...
  - Optimization history saved
  - Parameter importances saved
  - Parallel coordinate plot saved
  - Slice plot saved
  - Contour plot saved

============================================================
OPTIMIZATION SUMMARY
============================================================
Number of trials: 4
Number of pruned trials: 0
Number of complete trials: 4

Best trial: 2
Best validation loss: 0.3972
Best validation accuracy: 0.8947

Best hyperparameters:
  learning_rate: 1.10e-05
  weight_decay: 8.12e-03
  dropout: 0.4330
  class_weight_benign: 2.0308
  scheduler_min_lr: 3.51e-07

================================================================================
OPTIMIZATION COMPLETED SUCCESSFULLY
================================================================================
Results saved to: ./optuna_results_20260227_225315
View visualizations by opening the HTML files in: ./optuna_results_20260227_225315
