Job ID: 8215492
Start time: Mon Feb  9 18:59:45 CST 2026
Requirement already satisfied: torch>=1.9.0 in /projects/e32998/env/lib/python3.12/site-packages (from -r /projects/e32998/STAT390_Winter2026/Team3/Code/sofie_task10/requirements.txt (line 2)) (2.9.0)
Requirement already satisfied: torchvision>=0.10.0 in /projects/e32998/env/lib/python3.12/site-packages (from -r /projects/e32998/STAT390_Winter2026/Team3/Code/sofie_task10/requirements.txt (line 3)) (0.24.0)
Requirement already satisfied: numpy>=1.21.0 in /projects/e32998/env/lib/python3.12/site-packages (from -r /projects/e32998/STAT390_Winter2026/Team3/Code/sofie_task10/requirements.txt (line 4)) (2.3.4)
Requirement already satisfied: pandas>=1.3.0 in /projects/e32998/env/lib/python3.12/site-packages (from -r /projects/e32998/STAT390_Winter2026/Team3/Code/sofie_task10/requirements.txt (line 5)) (2.3.3)
Requirement already satisfied: scikit-learn>=1.0.0 in /projects/e32998/env/lib/python3.12/site-packages (from -r /projects/e32998/STAT390_Winter2026/Team3/Code/sofie_task10/requirements.txt (line 6)) (1.7.2)
Requirement already satisfied: Pillow>=8.3.0 in /projects/e32998/env/lib/python3.12/site-packages (from -r /projects/e32998/STAT390_Winter2026/Team3/Code/sofie_task10/requirements.txt (line 7)) (12.0.0)
Requirement already satisfied: tqdm>=4.62.0 in /projects/e32998/env/lib/python3.12/site-packages (from -r /projects/e32998/STAT390_Winter2026/Team3/Code/sofie_task10/requirements.txt (line 8)) (4.67.1)
Requirement already satisfied: matplotlib>=3.5.0 in /projects/e32998/env/lib/python3.12/site-packages (from -r /projects/e32998/STAT390_Winter2026/Team3/Code/sofie_task10/requirements.txt (line 11)) (3.10.7)
Requirement already satisfied: seaborn>=0.11.0 in /projects/e32998/env/lib/python3.12/site-packages (from -r /projects/e32998/STAT390_Winter2026/Team3/Code/sofie_task10/requirements.txt (line 12)) (0.13.2)
Requirement already satisfied: psutil>=5.8.0 in /projects/e32998/env/lib/python3.12/site-packages (from -r /projects/e32998/STAT390_Winter2026/Team3/Code/sofie_task10/requirements.txt (line 15)) (7.1.2)
Requirement already satisfied: imbalanced-learn>=0.8.0 in /projects/e32998/env/lib/python3.12/site-packages (from -r /projects/e32998/STAT390_Winter2026/Team3/Code/sofie_task10/requirements.txt (line 18)) (0.14.0)
Requirement already satisfied: optuna>=3.0.0 in /projects/e32998/env/lib/python3.12/site-packages (from -r /projects/e32998/STAT390_Winter2026/Team3/Code/sofie_task10/requirements.txt (line 22)) (4.7.0)
Requirement already satisfied: plotly>=5.0.0 in /projects/e32998/env/lib/python3.12/site-packages (from -r /projects/e32998/STAT390_Winter2026/Team3/Code/sofie_task10/requirements.txt (line 24)) (6.5.2)
Requirement already satisfied: kaleido>=0.2.0 in /projects/e32998/env/lib/python3.12/site-packages (from -r /projects/e32998/STAT390_Winter2026/Team3/Code/sofie_task10/requirements.txt (line 25)) (1.2.0)
Requirement already satisfied: filelock in /projects/e32998/env/lib/python3.12/site-packages (from torch>=1.9.0->-r /projects/e32998/STAT390_Winter2026/Team3/Code/sofie_task10/requirements.txt (line 2)) (3.20.0)
Requirement already satisfied: typing-extensions>=4.10.0 in /projects/e32998/env/lib/python3.12/site-packages (from torch>=1.9.0->-r /projects/e32998/STAT390_Winter2026/Team3/Code/sofie_task10/requirements.txt (line 2)) (4.15.0)
Requirement already satisfied: setuptools in /projects/e32998/env/lib/python3.12/site-packages (from torch>=1.9.0->-r /projects/e32998/STAT390_Winter2026/Team3/Code/sofie_task10/requirements.txt (line 2)) (80.9.0)
Requirement already satisfied: sympy>=1.13.3 in /projects/e32998/env/lib/python3.12/site-packages (from torch>=1.9.0->-r /projects/e32998/STAT390_Winter2026/Team3/Code/sofie_task10/requirements.txt (line 2)) (1.14.0)
Requirement already satisfied: networkx>=2.5.1 in /projects/e32998/env/lib/python3.12/site-packages (from torch>=1.9.0->-r /projects/e32998/STAT390_Winter2026/Team3/Code/sofie_task10/requirements.txt (line 2)) (3.5)
Requirement already satisfied: jinja2 in /projects/e32998/env/lib/python3.12/site-packages (from torch>=1.9.0->-r /projects/e32998/STAT390_Winter2026/Team3/Code/sofie_task10/requirements.txt (line 2)) (3.1.6)
Requirement already satisfied: fsspec>=0.8.5 in /projects/e32998/env/lib/python3.12/site-packages (from torch>=1.9.0->-r /projects/e32998/STAT390_Winter2026/Team3/Code/sofie_task10/requirements.txt (line 2)) (2025.9.0)
Requirement already satisfied: nvidia-cuda-nvrtc-cu12==12.8.93 in /projects/e32998/env/lib/python3.12/site-packages (from torch>=1.9.0->-r /projects/e32998/STAT390_Winter2026/Team3/Code/sofie_task10/requirements.txt (line 2)) (12.8.93)
Requirement already satisfied: nvidia-cuda-runtime-cu12==12.8.90 in /projects/e32998/env/lib/python3.12/site-packages (from torch>=1.9.0->-r /projects/e32998/STAT390_Winter2026/Team3/Code/sofie_task10/requirements.txt (line 2)) (12.8.90)
Requirement already satisfied: nvidia-cuda-cupti-cu12==12.8.90 in /projects/e32998/env/lib/python3.12/site-packages (from torch>=1.9.0->-r /projects/e32998/STAT390_Winter2026/Team3/Code/sofie_task10/requirements.txt (line 2)) (12.8.90)
Requirement already satisfied: nvidia-cudnn-cu12==9.10.2.21 in /projects/e32998/env/lib/python3.12/site-packages (from torch>=1.9.0->-r /projects/e32998/STAT390_Winter2026/Team3/Code/sofie_task10/requirements.txt (line 2)) (9.10.2.21)
Requirement already satisfied: nvidia-cublas-cu12==12.8.4.1 in /projects/e32998/env/lib/python3.12/site-packages (from torch>=1.9.0->-r /projects/e32998/STAT390_Winter2026/Team3/Code/sofie_task10/requirements.txt (line 2)) (12.8.4.1)
Requirement already satisfied: nvidia-cufft-cu12==11.3.3.83 in /projects/e32998/env/lib/python3.12/site-packages (from torch>=1.9.0->-r /projects/e32998/STAT390_Winter2026/Team3/Code/sofie_task10/requirements.txt (line 2)) (11.3.3.83)
Requirement already satisfied: nvidia-curand-cu12==10.3.9.90 in /projects/e32998/env/lib/python3.12/site-packages (from torch>=1.9.0->-r /projects/e32998/STAT390_Winter2026/Team3/Code/sofie_task10/requirements.txt (line 2)) (10.3.9.90)
Requirement already satisfied: nvidia-cusolver-cu12==11.7.3.90 in /projects/e32998/env/lib/python3.12/site-packages (from torch>=1.9.0->-r /projects/e32998/STAT390_Winter2026/Team3/Code/sofie_task10/requirements.txt (line 2)) (11.7.3.90)
Requirement already satisfied: nvidia-cusparse-cu12==12.5.8.93 in /projects/e32998/env/lib/python3.12/site-packages (from torch>=1.9.0->-r /projects/e32998/STAT390_Winter2026/Team3/Code/sofie_task10/requirements.txt (line 2)) (12.5.8.93)
Requirement already satisfied: nvidia-cusparselt-cu12==0.7.1 in /projects/e32998/env/lib/python3.12/site-packages (from torch>=1.9.0->-r /projects/e32998/STAT390_Winter2026/Team3/Code/sofie_task10/requirements.txt (line 2)) (0.7.1)
Requirement already satisfied: nvidia-nccl-cu12==2.27.5 in /projects/e32998/env/lib/python3.12/site-packages (from torch>=1.9.0->-r /projects/e32998/STAT390_Winter2026/Team3/Code/sofie_task10/requirements.txt (line 2)) (2.27.5)
Requirement already satisfied: nvidia-nvshmem-cu12==3.3.20 in /projects/e32998/env/lib/python3.12/site-packages (from torch>=1.9.0->-r /projects/e32998/STAT390_Winter2026/Team3/Code/sofie_task10/requirements.txt (line 2)) (3.3.20)
Requirement already satisfied: nvidia-nvtx-cu12==12.8.90 in /projects/e32998/env/lib/python3.12/site-packages (from torch>=1.9.0->-r /projects/e32998/STAT390_Winter2026/Team3/Code/sofie_task10/requirements.txt (line 2)) (12.8.90)
Requirement already satisfied: nvidia-nvjitlink-cu12==12.8.93 in /projects/e32998/env/lib/python3.12/site-packages (from torch>=1.9.0->-r /projects/e32998/STAT390_Winter2026/Team3/Code/sofie_task10/requirements.txt (line 2)) (12.8.93)
Requirement already satisfied: nvidia-cufile-cu12==1.13.1.3 in /projects/e32998/env/lib/python3.12/site-packages (from torch>=1.9.0->-r /projects/e32998/STAT390_Winter2026/Team3/Code/sofie_task10/requirements.txt (line 2)) (1.13.1.3)
Requirement already satisfied: triton==3.5.0 in /projects/e32998/env/lib/python3.12/site-packages (from torch>=1.9.0->-r /projects/e32998/STAT390_Winter2026/Team3/Code/sofie_task10/requirements.txt (line 2)) (3.5.0)
Requirement already satisfied: python-dateutil>=2.8.2 in /projects/e32998/env/lib/python3.12/site-packages (from pandas>=1.3.0->-r /projects/e32998/STAT390_Winter2026/Team3/Code/sofie_task10/requirements.txt (line 5)) (2.9.0.post0)
Requirement already satisfied: pytz>=2020.1 in /projects/e32998/env/lib/python3.12/site-packages (from pandas>=1.3.0->-r /projects/e32998/STAT390_Winter2026/Team3/Code/sofie_task10/requirements.txt (line 5)) (2025.2)
Requirement already satisfied: tzdata>=2022.7 in /projects/e32998/env/lib/python3.12/site-packages (from pandas>=1.3.0->-r /projects/e32998/STAT390_Winter2026/Team3/Code/sofie_task10/requirements.txt (line 5)) (2025.2)
Requirement already satisfied: scipy>=1.8.0 in /projects/e32998/env/lib/python3.12/site-packages (from scikit-learn>=1.0.0->-r /projects/e32998/STAT390_Winter2026/Team3/Code/sofie_task10/requirements.txt (line 6)) (1.16.3)
Requirement already satisfied: joblib>=1.2.0 in /projects/e32998/env/lib/python3.12/site-packages (from scikit-learn>=1.0.0->-r /projects/e32998/STAT390_Winter2026/Team3/Code/sofie_task10/requirements.txt (line 6)) (1.5.2)
Requirement already satisfied: threadpoolctl>=3.1.0 in /projects/e32998/env/lib/python3.12/site-packages (from scikit-learn>=1.0.0->-r /projects/e32998/STAT390_Winter2026/Team3/Code/sofie_task10/requirements.txt (line 6)) (3.6.0)
Requirement already satisfied: contourpy>=1.0.1 in /projects/e32998/env/lib/python3.12/site-packages (from matplotlib>=3.5.0->-r /projects/e32998/STAT390_Winter2026/Team3/Code/sofie_task10/requirements.txt (line 11)) (1.3.3)
Requirement already satisfied: cycler>=0.10 in /projects/e32998/env/lib/python3.12/site-packages (from matplotlib>=3.5.0->-r /projects/e32998/STAT390_Winter2026/Team3/Code/sofie_task10/requirements.txt (line 11)) (0.12.1)
Requirement already satisfied: fonttools>=4.22.0 in /projects/e32998/env/lib/python3.12/site-packages (from matplotlib>=3.5.0->-r /projects/e32998/STAT390_Winter2026/Team3/Code/sofie_task10/requirements.txt (line 11)) (4.60.1)
Requirement already satisfied: kiwisolver>=1.3.1 in /projects/e32998/env/lib/python3.12/site-packages (from matplotlib>=3.5.0->-r /projects/e32998/STAT390_Winter2026/Team3/Code/sofie_task10/requirements.txt (line 11)) (1.4.9)
Requirement already satisfied: packaging>=20.0 in /projects/e32998/env/lib/python3.12/site-packages (from matplotlib>=3.5.0->-r /projects/e32998/STAT390_Winter2026/Team3/Code/sofie_task10/requirements.txt (line 11)) (25.0)
Requirement already satisfied: pyparsing>=3 in /projects/e32998/env/lib/python3.12/site-packages (from matplotlib>=3.5.0->-r /projects/e32998/STAT390_Winter2026/Team3/Code/sofie_task10/requirements.txt (line 11)) (3.2.5)
Requirement already satisfied: alembic>=1.5.0 in /projects/e32998/env/lib/python3.12/site-packages (from optuna>=3.0.0->-r /projects/e32998/STAT390_Winter2026/Team3/Code/sofie_task10/requirements.txt (line 22)) (1.18.3)
Requirement already satisfied: colorlog in /projects/e32998/env/lib/python3.12/site-packages (from optuna>=3.0.0->-r /projects/e32998/STAT390_Winter2026/Team3/Code/sofie_task10/requirements.txt (line 22)) (6.10.1)
Requirement already satisfied: sqlalchemy>=1.4.2 in /projects/e32998/env/lib/python3.12/site-packages (from optuna>=3.0.0->-r /projects/e32998/STAT390_Winter2026/Team3/Code/sofie_task10/requirements.txt (line 22)) (2.0.46)
Requirement already satisfied: PyYAML in /projects/e32998/env/lib/python3.12/site-packages (from optuna>=3.0.0->-r /projects/e32998/STAT390_Winter2026/Team3/Code/sofie_task10/requirements.txt (line 22)) (6.0.3)
Requirement already satisfied: narwhals>=1.15.1 in /projects/e32998/env/lib/python3.12/site-packages (from plotly>=5.0.0->-r /projects/e32998/STAT390_Winter2026/Team3/Code/sofie_task10/requirements.txt (line 24)) (2.16.0)
Requirement already satisfied: choreographer>=1.1.1 in /projects/e32998/env/lib/python3.12/site-packages (from kaleido>=0.2.0->-r /projects/e32998/STAT390_Winter2026/Team3/Code/sofie_task10/requirements.txt (line 25)) (1.2.1)
Requirement already satisfied: logistro>=1.0.8 in /projects/e32998/env/lib/python3.12/site-packages (from kaleido>=0.2.0->-r /projects/e32998/STAT390_Winter2026/Team3/Code/sofie_task10/requirements.txt (line 25)) (2.0.1)
Requirement already satisfied: orjson>=3.10.15 in /projects/e32998/env/lib/python3.12/site-packages (from kaleido>=0.2.0->-r /projects/e32998/STAT390_Winter2026/Team3/Code/sofie_task10/requirements.txt (line 25)) (3.11.7)
Requirement already satisfied: pytest-timeout>=2.4.0 in /projects/e32998/env/lib/python3.12/site-packages (from kaleido>=0.2.0->-r /projects/e32998/STAT390_Winter2026/Team3/Code/sofie_task10/requirements.txt (line 25)) (2.4.0)
Requirement already satisfied: Mako in /projects/e32998/env/lib/python3.12/site-packages (from alembic>=1.5.0->optuna>=3.0.0->-r /projects/e32998/STAT390_Winter2026/Team3/Code/sofie_task10/requirements.txt (line 22)) (1.3.10)
Requirement already satisfied: simplejson>=3.19.3 in /projects/e32998/env/lib/python3.12/site-packages (from choreographer>=1.1.1->kaleido>=0.2.0->-r /projects/e32998/STAT390_Winter2026/Team3/Code/sofie_task10/requirements.txt (line 25)) (3.20.2)
Requirement already satisfied: pytest>=7.0.0 in /projects/e32998/env/lib/python3.12/site-packages (from pytest-timeout>=2.4.0->kaleido>=0.2.0->-r /projects/e32998/STAT390_Winter2026/Team3/Code/sofie_task10/requirements.txt (line 25)) (9.0.2)
Requirement already satisfied: iniconfig>=1.0.1 in /projects/e32998/env/lib/python3.12/site-packages (from pytest>=7.0.0->pytest-timeout>=2.4.0->kaleido>=0.2.0->-r /projects/e32998/STAT390_Winter2026/Team3/Code/sofie_task10/requirements.txt (line 25)) (2.3.0)
Requirement already satisfied: pluggy<2,>=1.5 in /projects/e32998/env/lib/python3.12/site-packages (from pytest>=7.0.0->pytest-timeout>=2.4.0->kaleido>=0.2.0->-r /projects/e32998/STAT390_Winter2026/Team3/Code/sofie_task10/requirements.txt (line 25)) (1.6.0)
Requirement already satisfied: pygments>=2.7.2 in /projects/e32998/env/lib/python3.12/site-packages (from pytest>=7.0.0->pytest-timeout>=2.4.0->kaleido>=0.2.0->-r /projects/e32998/STAT390_Winter2026/Team3/Code/sofie_task10/requirements.txt (line 25)) (2.19.2)
Requirement already satisfied: six>=1.5 in /projects/e32998/env/lib/python3.12/site-packages (from python-dateutil>=2.8.2->pandas>=1.3.0->-r /projects/e32998/STAT390_Winter2026/Team3/Code/sofie_task10/requirements.txt (line 5)) (1.17.0)
Requirement already satisfied: greenlet>=1 in /projects/e32998/env/lib/python3.12/site-packages (from sqlalchemy>=1.4.2->optuna>=3.0.0->-r /projects/e32998/STAT390_Winter2026/Team3/Code/sofie_task10/requirements.txt (line 22)) (3.3.1)
Requirement already satisfied: mpmath<1.4,>=1.1.0 in /projects/e32998/env/lib/python3.12/site-packages (from sympy>=1.13.3->torch>=1.9.0->-r /projects/e32998/STAT390_Winter2026/Team3/Code/sofie_task10/requirements.txt (line 2)) (1.3.0)
Requirement already satisfied: MarkupSafe>=2.0 in /projects/e32998/env/lib/python3.12/site-packages (from jinja2->torch>=1.9.0->-r /projects/e32998/STAT390_Winter2026/Team3/Code/sofie_task10/requirements.txt (line 2)) (3.0.3)
Requirement already satisfied: certifi in /projects/e32998/env/lib/python3.12/site-packages (2026.1.4)
==================================
Starting Hyperparameter Optimization
==================================
Using CPU
============================================================
PREPARING DATA FOR HYPERPARAMETER TUNING
============================================================
Loaded 105 labels
Found 83595 patch files
All 3808 non-standard file names were handled.
Grouped into 378 slices
Mapped 366 slices to classes
Class distribution: {0: 128, 1: 238}
Loading existing splits from: /projects/e32998/STAT390_Winter2026/Team3/Code/data_splits/data_splits_01.npz
Data splits loaded from: /projects/e32998/STAT390_Winter2026/Team3/Code/data_splits/data_splits_01.npz
Split sizes - Train: 222, Val: 72, Test: 68
Cases per split: 50 17 18
Paths per split: 47679 15631 16166
No leakage between train & val (cases).
No leakage between train & test (cases).
No leakage between val & test (cases).
No leakage between train & val (paths).
No leakage between train & test (paths).
No leakage between val & test (paths).

================================================================================
STARTING BAYESIAN HYPERPARAMETER OPTIMIZATION
Study name: mil_tuning_20260209_185954
Number of trials: 20
================================================================================


============================================================
Trial 0: {'embed_dim': 512, 'dropout': 0.1624074561769746, 'learning_rate': 2.0511104188433963e-05, 'weight_decay': 1.493656855461763e-06, 'batch_size': 1, 'class_weight_benign': 4.46470458309974, 'per_slice_cap': 200, 'max_slices_per_stain': None, 'use_scheduler': True, 'scheduler_type': 'cosine', 'scheduler_factor': 0.3557975442608167, 'scheduler_patience': 3, 'early_stopping': True, 'early_stopping_patience': 7}
============================================================

Random seed set to 42
Epoch 1/10 - Train Loss: 0.7058, Val Loss: 0.6394, Val Acc: 0.7059
Epoch 2/10 - Train Loss: 0.6741, Val Loss: 0.6220, Val Acc: 0.7059
Epoch 3/10 - Train Loss: 0.6648, Val Loss: 0.6177, Val Acc: 0.7059
Epoch 4/10 - Train Loss: 0.6273, Val Loss: 0.6160, Val Acc: 0.7059
Epoch 5/10 - Train Loss: 0.6695, Val Loss: 0.6062, Val Acc: 0.7059
Epoch 6/10 - Train Loss: 0.6228, Val Loss: 0.6155, Val Acc: 0.7059
Epoch 7/10 - Train Loss: 0.6346, Val Loss: 0.6161, Val Acc: 0.7059
Epoch 8/10 - Train Loss: 0.6294, Val Loss: 0.6098, Val Acc: 0.7059
Epoch 9/10 - Train Loss: 0.6193, Val Loss: 0.6063, Val Acc: 0.7059
Epoch 10/10 - Train Loss: 0.6131, Val Loss: 0.6095, Val Acc: 0.7059
[I 2026-02-09 21:19:24,237] Trial 0 finished with value: 0.6062347643515643 and parameters: {'embed_dim': 512, 'dropout': 0.1624074561769746, 'learning_rate': 2.0511104188433963e-05, 'weight_decay': 1.493656855461763e-06, 'batch_size': 1, 'class_weight_benign': 4.46470458309974, 'per_slice_cap': 200, 'max_slices_per_stain': None, 'use_scheduler': True, 'scheduler_type': 'cosine', 'scheduler_factor': 0.3557975442608167, 'scheduler_patience': 3, 'early_stopping': True, 'early_stopping_patience': 7}. Best is trial 0 with value: 0.6062347643515643.

============================================================
Trial 1: {'embed_dim': 512, 'dropout': 0.33696582754481696, 'learning_rate': 1.2385137298860926e-05, 'weight_decay': 6.647135865318028e-05, 'batch_size': 1, 'class_weight_benign': 1.6820964947491661, 'per_slice_cap': 150, 'max_slices_per_stain': 10, 'use_scheduler': True, 'scheduler_type': 'reduce_on_plateau', 'scheduler_factor': 0.5650089137415928, 'scheduler_patience': 3, 'early_stopping': True, 'early_stopping_patience': 8}
============================================================

Random seed set to 43
Epoch 1/10 - Train Loss: 0.7215, Val Loss: 0.6377, Val Acc: 0.7059
Epoch 2/10 - Train Loss: 0.6563, Val Loss: 0.6248, Val Acc: 0.7059
Epoch 3/10 - Train Loss: 0.6389, Val Loss: 0.6229, Val Acc: 0.7059
Epoch 4/10 - Train Loss: 0.6603, Val Loss: 0.6170, Val Acc: 0.7059
Epoch 5/10 - Train Loss: 0.6586, Val Loss: 0.6188, Val Acc: 0.7059
Epoch 6/10 - Train Loss: 0.6687, Val Loss: 0.6168, Val Acc: 0.7059
Epoch 7/10 - Train Loss: 0.6577, Val Loss: 0.6093, Val Acc: 0.7059
Epoch 8/10 - Train Loss: 0.6469, Val Loss: 0.6078, Val Acc: 0.7059
Epoch 9/10 - Train Loss: 0.6395, Val Loss: 0.6029, Val Acc: 0.7059
Epoch 10/10 - Train Loss: 0.6320, Val Loss: 0.6081, Val Acc: 0.7059
[I 2026-02-09 23:20:41,003] Trial 1 finished with value: 0.6028685525936239 and parameters: {'embed_dim': 512, 'dropout': 0.33696582754481696, 'learning_rate': 1.2385137298860926e-05, 'weight_decay': 6.647135865318028e-05, 'batch_size': 1, 'class_weight_benign': 1.6820964947491661, 'per_slice_cap': 150, 'max_slices_per_stain': 10, 'use_scheduler': True, 'scheduler_type': 'reduce_on_plateau', 'scheduler_factor': 0.5650089137415928, 'scheduler_patience': 3, 'early_stopping': True, 'early_stopping_patience': 8}. Best is trial 1 with value: 0.6028685525936239.

============================================================
Trial 2: {'embed_dim': 768, 'dropout': 0.4757995766256756, 'learning_rate': 0.0006161049539380963, 'weight_decay': 6.218704727769077e-05, 'batch_size': 1, 'class_weight_benign': 4.687496940092467, 'per_slice_cap': 200, 'max_slices_per_stain': 10, 'use_scheduler': True, 'scheduler_type': 'reduce_on_plateau', 'scheduler_factor': 0.6947547746402069, 'scheduler_patience': 5, 'early_stopping': True, 'early_stopping_patience': 6}
============================================================

Random seed set to 44
Epoch 1/10 - Train Loss: 2.1472, Val Loss: 1.0452, Val Acc: 0.5882
Epoch 2/10 - Train Loss: 0.9340, Val Loss: 1.0540, Val Acc: 0.7059
Epoch 3/10 - Train Loss: 1.1253, Val Loss: 0.7993, Val Acc: 0.5882
Epoch 4/10 - Train Loss: 1.2128, Val Loss: 0.8036, Val Acc: 0.6471
Epoch 5/10 - Train Loss: 0.8600, Val Loss: 0.9371, Val Acc: 0.4706
Epoch 6/10 - Train Loss: 0.7524, Val Loss: 1.1106, Val Acc: 0.5294
Epoch 7/10 - Train Loss: 0.9686, Val Loss: 1.1300, Val Acc: 0.7059
Epoch 8/10 - Train Loss: 0.8102, Val Loss: 1.0880, Val Acc: 0.2941
Early stopping at epoch 8
[I 2026-02-10 01:16:18,591] Trial 2 finished with value: 0.7992928735911846 and parameters: {'embed_dim': 768, 'dropout': 0.4757995766256756, 'learning_rate': 0.0006161049539380963, 'weight_decay': 6.218704727769077e-05, 'batch_size': 1, 'class_weight_benign': 4.687496940092467, 'per_slice_cap': 200, 'max_slices_per_stain': 10, 'use_scheduler': True, 'scheduler_type': 'reduce_on_plateau', 'scheduler_factor': 0.6947547746402069, 'scheduler_patience': 5, 'early_stopping': True, 'early_stopping_patience': 6}. Best is trial 1 with value: 0.6028685525936239.

============================================================
Trial 3: {'embed_dim': 512, 'dropout': 0.4085081386743783, 'learning_rate': 1.4063366777718176e-05, 'weight_decay': 1.1895896737553539e-05, 'batch_size': 1, 'class_weight_benign': 1.4634762381005189, 'per_slice_cap': 50, 'max_slices_per_stain': 20, 'use_scheduler': True, 'scheduler_type': 'cosine', 'scheduler_factor': 0.5245108790277985, 'scheduler_patience': 5, 'early_stopping': True, 'early_stopping_patience': 7}
============================================================

Random seed set to 45
Epoch 1/10 - Train Loss: 0.6812, Val Loss: 0.5984, Val Acc: 0.7059
Epoch 2/10 - Train Loss: 0.6453, Val Loss: 0.6066, Val Acc: 0.7059
Epoch 3/10 - Train Loss: 0.6798, Val Loss: 0.5922, Val Acc: 0.7059
Epoch 4/10 - Train Loss: 0.6371, Val Loss: 0.5844, Val Acc: 0.7059
Epoch 5/10 - Train Loss: 0.6437, Val Loss: 0.5832, Val Acc: 0.7059
Epoch 6/10 - Train Loss: 0.6498, Val Loss: 0.5869, Val Acc: 0.7059
Epoch 7/10 - Train Loss: 0.6831, Val Loss: 0.5894, Val Acc: 0.7059
Epoch 8/10 - Train Loss: 0.6372, Val Loss: 0.5876, Val Acc: 0.7059
Epoch 9/10 - Train Loss: 0.6413, Val Loss: 0.5780, Val Acc: 0.7059
Epoch 10/10 - Train Loss: 0.6347, Val Loss: 0.5951, Val Acc: 0.7059
[I 2026-02-10 02:26:28,999] Trial 3 finished with value: 0.5779720912961399 and parameters: {'embed_dim': 512, 'dropout': 0.4085081386743783, 'learning_rate': 1.4063366777718176e-05, 'weight_decay': 1.1895896737553539e-05, 'batch_size': 1, 'class_weight_benign': 1.4634762381005189, 'per_slice_cap': 50, 'max_slices_per_stain': 20, 'use_scheduler': True, 'scheduler_type': 'cosine', 'scheduler_factor': 0.5245108790277985, 'scheduler_patience': 5, 'early_stopping': True, 'early_stopping_patience': 7}. Best is trial 3 with value: 0.5779720912961399.

============================================================
Trial 4: {'embed_dim': 256, 'dropout': 0.11257167427469371, 'learning_rate': 0.000187422109855557, 'weight_decay': 8.771380343280564e-06, 'batch_size': 1, 'class_weight_benign': 3.034282764658811, 'per_slice_cap': 50, 'max_slices_per_stain': 20, 'use_scheduler': True, 'scheduler_type': 'reduce_on_plateau', 'scheduler_factor': 0.3746280235544143, 'scheduler_patience': 5, 'early_stopping': True, 'early_stopping_patience': 8}
============================================================

Random seed set to 46
Epoch 1/10 - Train Loss: 0.7780, Val Loss: 0.5797, Val Acc: 0.7059
Epoch 2/10 - Train Loss: 0.7023, Val Loss: 0.6771, Val Acc: 0.7059
Epoch 3/10 - Train Loss: 0.6306, Val Loss: 0.6473, Val Acc: 0.7059
Epoch 4/10 - Train Loss: 0.6682, Val Loss: 0.5627, Val Acc: 0.7059
Epoch 5/10 - Train Loss: 0.6259, Val Loss: 0.6034, Val Acc: 0.7059
Epoch 6/10 - Train Loss: 0.6326, Val Loss: 0.5788, Val Acc: 0.7059
Epoch 7/10 - Train Loss: 0.6255, Val Loss: 0.7960, Val Acc: 0.7059
Epoch 8/10 - Train Loss: 0.5615, Val Loss: 0.8276, Val Acc: 0.7059
Epoch 9/10 - Train Loss: 0.5920, Val Loss: 0.9724, Val Acc: 0.7059
Epoch 10/10 - Train Loss: 0.4806, Val Loss: 0.7951, Val Acc: 0.7059
[I 2026-02-10 03:41:06,955] Trial 4 finished with value: 0.5626955856295193 and parameters: {'embed_dim': 256, 'dropout': 0.11257167427469371, 'learning_rate': 0.000187422109855557, 'weight_decay': 8.771380343280564e-06, 'batch_size': 1, 'class_weight_benign': 3.034282764658811, 'per_slice_cap': 50, 'max_slices_per_stain': 20, 'use_scheduler': True, 'scheduler_type': 'reduce_on_plateau', 'scheduler_factor': 0.3746280235544143, 'scheduler_patience': 5, 'early_stopping': True, 'early_stopping_patience': 8}. Best is trial 4 with value: 0.5626955856295193.

============================================================
Trial 5: {'embed_dim': 512, 'dropout': 0.1911740650167767, 'learning_rate': 7.148510793512978e-05, 'weight_decay': 0.00028447512555118193, 'batch_size': 1, 'class_weight_benign': 4.442922333025374, 'per_slice_cap': 100, 'max_slices_per_stain': 10, 'use_scheduler': True, 'scheduler_type': 'reduce_on_plateau', 'scheduler_factor': 0.40071291833014566, 'scheduler_patience': 3, 'early_stopping': True, 'early_stopping_patience': 6}
============================================================

Random seed set to 47
Epoch 1/10 - Train Loss: 0.6757, Val Loss: 0.5679, Val Acc: 0.7647
Epoch 2/10 - Train Loss: 0.7061, Val Loss: 0.5890, Val Acc: 0.7647
Epoch 3/10 - Train Loss: 0.7056, Val Loss: 0.5975, Val Acc: 0.9412
Epoch 4/10 - Train Loss: 0.6883, Val Loss: 0.5126, Val Acc: 0.8235
Epoch 5/10 - Train Loss: 0.6045, Val Loss: 0.7008, Val Acc: 0.7059
Epoch 6/10 - Train Loss: 0.6534, Val Loss: 0.5439, Val Acc: 0.7059
Epoch 7/10 - Train Loss: 0.6005, Val Loss: 0.5141, Val Acc: 0.8235
Epoch 8/10 - Train Loss: 0.6124, Val Loss: 0.4480, Val Acc: 0.8824
Epoch 9/10 - Train Loss: 0.5100, Val Loss: 0.4723, Val Acc: 0.8235
Epoch 10/10 - Train Loss: 0.4865, Val Loss: 0.6035, Val Acc: 0.7647
[I 2026-02-10 05:12:35,172] Trial 5 finished with value: 0.448001392185688 and parameters: {'embed_dim': 512, 'dropout': 0.1911740650167767, 'learning_rate': 7.148510793512978e-05, 'weight_decay': 0.00028447512555118193, 'batch_size': 1, 'class_weight_benign': 4.442922333025374, 'per_slice_cap': 100, 'max_slices_per_stain': 10, 'use_scheduler': True, 'scheduler_type': 'reduce_on_plateau', 'scheduler_factor': 0.40071291833014566, 'scheduler_patience': 3, 'early_stopping': True, 'early_stopping_patience': 6}. Best is trial 5 with value: 0.448001392185688.

============================================================
Trial 6: {'embed_dim': 768, 'dropout': 0.12059150049999574, 'learning_rate': 3.608219327363783e-05, 'weight_decay': 0.0005306371575220846, 'batch_size': 1, 'class_weight_benign': 1.9582475626678897, 'per_slice_cap': 150, 'max_slices_per_stain': 5, 'use_scheduler': False, 'scheduler_type': 'reduce_on_plateau', 'scheduler_factor': 0.6341209982356951, 'scheduler_patience': 3, 'early_stopping': True, 'early_stopping_patience': 6}
============================================================

Random seed set to 48
Epoch 1/10 - Train Loss: 0.6938, Val Loss: 0.6111, Val Acc: 0.7059
Epoch 2/10 - Train Loss: 0.6698, Val Loss: 0.6328, Val Acc: 0.7059
Epoch 3/10 - Train Loss: 0.6625, Val Loss: 0.6045, Val Acc: 0.7059
Epoch 4/10 - Train Loss: 0.6437, Val Loss: 0.7037, Val Acc: 0.7059
Epoch 5/10 - Train Loss: 0.6507, Val Loss: 0.6001, Val Acc: 0.7059
Epoch 6/10 - Train Loss: 0.5977, Val Loss: 0.5621, Val Acc: 0.7059
Epoch 7/10 - Train Loss: 0.6487, Val Loss: 0.6988, Val Acc: 0.7059
Epoch 8/10 - Train Loss: 0.6209, Val Loss: 0.6646, Val Acc: 0.7059
Epoch 9/10 - Train Loss: 0.5298, Val Loss: 0.5980, Val Acc: 0.7059
Epoch 10/10 - Train Loss: 0.4744, Val Loss: 0.6100, Val Acc: 0.7059
[I 2026-02-10 06:48:31,299] Trial 6 finished with value: 0.5621187292477664 and parameters: {'embed_dim': 768, 'dropout': 0.12059150049999574, 'learning_rate': 3.608219327363783e-05, 'weight_decay': 0.0005306371575220846, 'batch_size': 1, 'class_weight_benign': 1.9582475626678897, 'per_slice_cap': 150, 'max_slices_per_stain': 5, 'use_scheduler': False, 'scheduler_type': 'reduce_on_plateau', 'scheduler_factor': 0.6341209982356951, 'scheduler_patience': 3, 'early_stopping': True, 'early_stopping_patience': 6}. Best is trial 5 with value: 0.448001392185688.

============================================================
Trial 7: {'embed_dim': 768, 'dropout': 0.3048372233197124, 'learning_rate': 2.8378638146176247e-05, 'weight_decay': 8.62022042601805e-05, 'batch_size': 1, 'class_weight_benign': 1.6974657160199658, 'per_slice_cap': 150, 'max_slices_per_stain': 10, 'use_scheduler': False, 'scheduler_type': 'reduce_on_plateau', 'scheduler_factor': 0.39674091636018066, 'scheduler_patience': 2, 'early_stopping': True, 'early_stopping_patience': 10}
============================================================

Random seed set to 49
Epoch 1/10 - Train Loss: 0.6715, Val Loss: 0.5989, Val Acc: 0.7059
Epoch 2/10 - Train Loss: 0.6349, Val Loss: 0.6192, Val Acc: 0.7059
Epoch 3/10 - Train Loss: 0.6827, Val Loss: 0.5822, Val Acc: 0.7059
Epoch 4/10 - Train Loss: 0.6321, Val Loss: 0.5585, Val Acc: 0.7059
Epoch 5/10 - Train Loss: 0.6742, Val Loss: 0.5933, Val Acc: 0.7059
Epoch 6/10 - Train Loss: 0.6798, Val Loss: 0.6207, Val Acc: 0.8824
Epoch 7/10 - Train Loss: 0.6510, Val Loss: 0.5208, Val Acc: 0.7059
Epoch 8/10 - Train Loss: 0.6129, Val Loss: 0.5155, Val Acc: 0.7059
Epoch 9/10 - Train Loss: 0.6103, Val Loss: 0.5675, Val Acc: 0.8824
Epoch 10/10 - Train Loss: 0.6142, Val Loss: 0.5011, Val Acc: 0.8235
[I 2026-02-10 08:36:36,419] Trial 7 finished with value: 0.5011415358851937 and parameters: {'embed_dim': 768, 'dropout': 0.3048372233197124, 'learning_rate': 2.8378638146176247e-05, 'weight_decay': 8.62022042601805e-05, 'batch_size': 1, 'class_weight_benign': 1.6974657160199658, 'per_slice_cap': 150, 'max_slices_per_stain': 10, 'use_scheduler': False, 'scheduler_type': 'reduce_on_plateau', 'scheduler_factor': 0.39674091636018066, 'scheduler_patience': 2, 'early_stopping': True, 'early_stopping_patience': 10}. Best is trial 5 with value: 0.448001392185688.

============================================================
Trial 8: {'embed_dim': 256, 'dropout': 0.3903822715480958, 'learning_rate': 0.000622616348236346, 'weight_decay': 0.00045841547801363794, 'batch_size': 1, 'class_weight_benign': 4.1195021834304955, 'per_slice_cap': 200, 'max_slices_per_stain': 15, 'use_scheduler': False, 'scheduler_type': 'reduce_on_plateau', 'scheduler_factor': 0.3897077237842239, 'scheduler_patience': 4, 'early_stopping': True, 'early_stopping_patience': 6}
============================================================

Random seed set to 50
Epoch 1/10 - Train Loss: 0.9332, Val Loss: 0.6107, Val Acc: 0.7059
Epoch 2/10 - Train Loss: 0.8092, Val Loss: 0.6150, Val Acc: 0.7059
Epoch 3/10 - Train Loss: 0.7553, Val Loss: 0.6994, Val Acc: 0.7059
Epoch 4/10 - Train Loss: 0.7829, Val Loss: 0.8392, Val Acc: 0.7059
Epoch 5/10 - Train Loss: 0.8517, Val Loss: 0.8642, Val Acc: 0.7059
Epoch 6/10 - Train Loss: 0.6662, Val Loss: 0.5715, Val Acc: 0.7059
