Job ID: 8329166
Start time: Tue Feb 10 13:49:19 CST 2026
Requirement already satisfied: torch>=1.9.0 in /projects/e32998/env/lib/python3.12/site-packages (from -r requirements.txt (line 2)) (2.9.0)
Requirement already satisfied: torchvision>=0.10.0 in /projects/e32998/env/lib/python3.12/site-packages (from -r requirements.txt (line 3)) (0.24.0)
Requirement already satisfied: numpy>=1.21.0 in /projects/e32998/env/lib/python3.12/site-packages (from -r requirements.txt (line 4)) (2.3.4)
Requirement already satisfied: pandas>=1.3.0 in /projects/e32998/env/lib/python3.12/site-packages (from -r requirements.txt (line 5)) (2.3.3)
Requirement already satisfied: scikit-learn>=1.0.0 in /projects/e32998/env/lib/python3.12/site-packages (from -r requirements.txt (line 6)) (1.7.2)
Requirement already satisfied: Pillow>=8.3.0 in /projects/e32998/env/lib/python3.12/site-packages (from -r requirements.txt (line 7)) (12.0.0)
Requirement already satisfied: tqdm>=4.62.0 in /projects/e32998/env/lib/python3.12/site-packages (from -r requirements.txt (line 8)) (4.67.1)
Requirement already satisfied: matplotlib>=3.5.0 in /projects/e32998/env/lib/python3.12/site-packages (from -r requirements.txt (line 11)) (3.10.7)
Requirement already satisfied: seaborn>=0.11.0 in /projects/e32998/env/lib/python3.12/site-packages (from -r requirements.txt (line 12)) (0.13.2)
Requirement already satisfied: psutil>=5.8.0 in /projects/e32998/env/lib/python3.12/site-packages (from -r requirements.txt (line 15)) (7.1.2)
Requirement already satisfied: imbalanced-learn>=0.8.0 in /projects/e32998/env/lib/python3.12/site-packages (from -r requirements.txt (line 18)) (0.14.0)
Requirement already satisfied: filelock in /projects/e32998/env/lib/python3.12/site-packages (from torch>=1.9.0->-r requirements.txt (line 2)) (3.20.0)
Requirement already satisfied: typing-extensions>=4.10.0 in /projects/e32998/env/lib/python3.12/site-packages (from torch>=1.9.0->-r requirements.txt (line 2)) (4.15.0)
Requirement already satisfied: setuptools in /projects/e32998/env/lib/python3.12/site-packages (from torch>=1.9.0->-r requirements.txt (line 2)) (80.9.0)
Requirement already satisfied: sympy>=1.13.3 in /projects/e32998/env/lib/python3.12/site-packages (from torch>=1.9.0->-r requirements.txt (line 2)) (1.14.0)
Requirement already satisfied: networkx>=2.5.1 in /projects/e32998/env/lib/python3.12/site-packages (from torch>=1.9.0->-r requirements.txt (line 2)) (3.5)
Requirement already satisfied: jinja2 in /projects/e32998/env/lib/python3.12/site-packages (from torch>=1.9.0->-r requirements.txt (line 2)) (3.1.6)
Requirement already satisfied: fsspec>=0.8.5 in /projects/e32998/env/lib/python3.12/site-packages (from torch>=1.9.0->-r requirements.txt (line 2)) (2025.9.0)
Requirement already satisfied: nvidia-cuda-nvrtc-cu12==12.8.93 in /projects/e32998/env/lib/python3.12/site-packages (from torch>=1.9.0->-r requirements.txt (line 2)) (12.8.93)
Requirement already satisfied: nvidia-cuda-runtime-cu12==12.8.90 in /projects/e32998/env/lib/python3.12/site-packages (from torch>=1.9.0->-r requirements.txt (line 2)) (12.8.90)
Requirement already satisfied: nvidia-cuda-cupti-cu12==12.8.90 in /projects/e32998/env/lib/python3.12/site-packages (from torch>=1.9.0->-r requirements.txt (line 2)) (12.8.90)
Requirement already satisfied: nvidia-cudnn-cu12==9.10.2.21 in /projects/e32998/env/lib/python3.12/site-packages (from torch>=1.9.0->-r requirements.txt (line 2)) (9.10.2.21)
Requirement already satisfied: nvidia-cublas-cu12==12.8.4.1 in /projects/e32998/env/lib/python3.12/site-packages (from torch>=1.9.0->-r requirements.txt (line 2)) (12.8.4.1)
Requirement already satisfied: nvidia-cufft-cu12==11.3.3.83 in /projects/e32998/env/lib/python3.12/site-packages (from torch>=1.9.0->-r requirements.txt (line 2)) (11.3.3.83)
Requirement already satisfied: nvidia-curand-cu12==10.3.9.90 in /projects/e32998/env/lib/python3.12/site-packages (from torch>=1.9.0->-r requirements.txt (line 2)) (10.3.9.90)
Requirement already satisfied: nvidia-cusolver-cu12==11.7.3.90 in /projects/e32998/env/lib/python3.12/site-packages (from torch>=1.9.0->-r requirements.txt (line 2)) (11.7.3.90)
Requirement already satisfied: nvidia-cusparse-cu12==12.5.8.93 in /projects/e32998/env/lib/python3.12/site-packages (from torch>=1.9.0->-r requirements.txt (line 2)) (12.5.8.93)
Requirement already satisfied: nvidia-cusparselt-cu12==0.7.1 in /projects/e32998/env/lib/python3.12/site-packages (from torch>=1.9.0->-r requirements.txt (line 2)) (0.7.1)
Requirement already satisfied: nvidia-nccl-cu12==2.27.5 in /projects/e32998/env/lib/python3.12/site-packages (from torch>=1.9.0->-r requirements.txt (line 2)) (2.27.5)
Requirement already satisfied: nvidia-nvshmem-cu12==3.3.20 in /projects/e32998/env/lib/python3.12/site-packages (from torch>=1.9.0->-r requirements.txt (line 2)) (3.3.20)
Requirement already satisfied: nvidia-nvtx-cu12==12.8.90 in /projects/e32998/env/lib/python3.12/site-packages (from torch>=1.9.0->-r requirements.txt (line 2)) (12.8.90)
Requirement already satisfied: nvidia-nvjitlink-cu12==12.8.93 in /projects/e32998/env/lib/python3.12/site-packages (from torch>=1.9.0->-r requirements.txt (line 2)) (12.8.93)
Requirement already satisfied: nvidia-cufile-cu12==1.13.1.3 in /projects/e32998/env/lib/python3.12/site-packages (from torch>=1.9.0->-r requirements.txt (line 2)) (1.13.1.3)
Requirement already satisfied: triton==3.5.0 in /projects/e32998/env/lib/python3.12/site-packages (from torch>=1.9.0->-r requirements.txt (line 2)) (3.5.0)
Requirement already satisfied: python-dateutil>=2.8.2 in /projects/e32998/env/lib/python3.12/site-packages (from pandas>=1.3.0->-r requirements.txt (line 5)) (2.9.0.post0)
Requirement already satisfied: pytz>=2020.1 in /projects/e32998/env/lib/python3.12/site-packages (from pandas>=1.3.0->-r requirements.txt (line 5)) (2025.2)
Requirement already satisfied: tzdata>=2022.7 in /projects/e32998/env/lib/python3.12/site-packages (from pandas>=1.3.0->-r requirements.txt (line 5)) (2025.2)
Requirement already satisfied: scipy>=1.8.0 in /projects/e32998/env/lib/python3.12/site-packages (from scikit-learn>=1.0.0->-r requirements.txt (line 6)) (1.16.3)
Requirement already satisfied: joblib>=1.2.0 in /projects/e32998/env/lib/python3.12/site-packages (from scikit-learn>=1.0.0->-r requirements.txt (line 6)) (1.5.2)
Requirement already satisfied: threadpoolctl>=3.1.0 in /projects/e32998/env/lib/python3.12/site-packages (from scikit-learn>=1.0.0->-r requirements.txt (line 6)) (3.6.0)
Requirement already satisfied: contourpy>=1.0.1 in /projects/e32998/env/lib/python3.12/site-packages (from matplotlib>=3.5.0->-r requirements.txt (line 11)) (1.3.3)
Requirement already satisfied: cycler>=0.10 in /projects/e32998/env/lib/python3.12/site-packages (from matplotlib>=3.5.0->-r requirements.txt (line 11)) (0.12.1)
Requirement already satisfied: fonttools>=4.22.0 in /projects/e32998/env/lib/python3.12/site-packages (from matplotlib>=3.5.0->-r requirements.txt (line 11)) (4.60.1)
Requirement already satisfied: kiwisolver>=1.3.1 in /projects/e32998/env/lib/python3.12/site-packages (from matplotlib>=3.5.0->-r requirements.txt (line 11)) (1.4.9)
Requirement already satisfied: packaging>=20.0 in /projects/e32998/env/lib/python3.12/site-packages (from matplotlib>=3.5.0->-r requirements.txt (line 11)) (25.0)
Requirement already satisfied: pyparsing>=3 in /projects/e32998/env/lib/python3.12/site-packages (from matplotlib>=3.5.0->-r requirements.txt (line 11)) (3.2.5)
Requirement already satisfied: six>=1.5 in /projects/e32998/env/lib/python3.12/site-packages (from python-dateutil>=2.8.2->pandas>=1.3.0->-r requirements.txt (line 5)) (1.17.0)
Requirement already satisfied: mpmath<1.4,>=1.1.0 in /projects/e32998/env/lib/python3.12/site-packages (from sympy>=1.13.3->torch>=1.9.0->-r requirements.txt (line 2)) (1.3.0)
Requirement already satisfied: MarkupSafe>=2.0 in /projects/e32998/env/lib/python3.12/site-packages (from jinja2->torch>=1.9.0->-r requirements.txt (line 2)) (3.0.3)
Requirement already satisfied: certifi in /projects/e32998/env/lib/python3.12/site-packages (2026.1.4)
/projects/e32998/env/lib/python3.12/site-packages/torchvision/models/_utils.py:208: UserWarning: The parameter 'pretrained' is deprecated since 0.13 and may be removed in the future, please use 'weights' instead.
  warnings.warn(
/projects/e32998/env/lib/python3.12/site-packages/torchvision/models/_utils.py:223: UserWarning: Arguments other than a weight enum or `None` for 'weights' are deprecated since 0.13 and may be removed in the future. The current behavior is equivalent to passing `weights=DenseNet121_Weights.IMAGENET1K_V1`. You can also use `weights=DenseNet121_Weights.DEFAULT` to get the most up-to-date weights.
  warnings.warn(msg)
Random seed set to 42
Using CPU
Created run directory: ./runs/run_20260210_135008
================================================================================
HIERARCHICAL ATTENTION MIL TRAINING
================================================================================
Arguments: {'labels_csv': '/projects/e32998/STAT390_Winter2026/Data/case_grade_match.csv', 'patches_dir': '/projects/e32998/patches', 'epochs': 30, 'lr': 0.0003, 'batch_size': 1, 'num_workers': 2, 'embed_dim': 512, 'per_slice_cap': 500, 'max_slices_per_stain': 5, 'seed': 42, 'resume': None, 'eval_only': False, 'analyze_attention': True, 'attention_top_n': 8, 'load_splits': './data_splits/data_splits_01.npz', 'checkpoint_dir': './runs/run_20260210_135008/checkpoints'}
Training config (may be overridden by arguments): {'epochs': 30, 'batch_size': 1, 'learning_rate': 0.0003, 'weight_decay': 0.0002, 'num_workers': 2, 'pin_memory': True, 'random_state': 42, 'class_weights': [2.5, 1.0], 'dropout': 0.3, 'use_scheduler': True, 'scheduler_type': 'reduce_on_plateau', 'scheduler_patience': 3, 'scheduler_factor': 0.3, 'scheduler_min_lr': 1e-06, 'early_stopping': True, 'early_stopping_patience': 8, 'early_stopping_min_delta': 0.001, 'early_stopping_min_epochs': 10}
============================================================
PREPARING DATA
============================================================
Loaded 105 labels
Found 83595 patch files
All 3808 non-standard file names were handled.
Grouped into 378 slices
Mapped 366 slices to classes
Class distribution: {0: 128, 1: 238}

----------------------------------------
SPLITTING DATA
----------------------------------------
Loading existing splits from: ./data_splits/data_splits_01.npz
Data splits loaded from: ./data_splits/data_splits_01.npz
Loaded splits - Train: 222, Val: 72, Test: 68
Cases per split: 50 17 18
Paths per split: 47679 15631 16166
No leakage between train & val (cases).
No leakage between train & test (cases).
No leakage between val & test (cases).
No leakage between train & val (paths).
No leakage between train & test (paths).
No leakage between val & test (paths).

Data Summary:
==================================================

Label distribution per split:
label   0   1
split        
test    6  12
train  17  33
val     5  12

Mean patches per stain per split:
       h&e_patches  melan_patches  sox10_patches
split                                           
test         409.2          250.9          238.1
train        470.5          263.2          219.9
val          504.8          241.9          172.8

Median patches per stain per split:
       h&e_patches  melan_patches  sox10_patches
split                                           
test         364.5          173.5          160.0
train        324.0          194.0          182.0
val          273.0          175.0          162.0

Missing stain proportion:
       h&e_missing  melan_missing  sox10_missing
split                                           
test           0.0          0.111          0.000
train          0.0          0.000          0.020
val            0.0          0.059          0.059

Total cases: 85
Total patches: 79,476
==================================================

Patch count by class for Train:
  Benign (0):     15639 patches
  High-grade (1): 32040 patches

Patch count by class for Validation:
  Benign (0):     5968 patches
  High-grade (1): 9663 patches

Patch count by class for Test:
  Benign (0):     4130 patches
  High-grade (1): 12036 patches

Data Integrity Check for Train:
Stain coverage:
  h&e: 50/50 (100.0%)
  melan: 50/50 (100.0%)
  sox10: 49/50 (98.0%)
No issues found

Data Integrity Check for Validation:
Stain coverage:
  h&e: 17/17 (100.0%)
  melan: 16/17 (94.1%)
  sox10: 16/17 (94.1%)
No issues found

Data Integrity Check for Test:
Stain coverage:
  h&e: 18/18 (100.0%)
  melan: 16/18 (88.9%)
  sox10: 18/18 (100.0%)
No issues found
Using existing splits from: ./data_splits/data_splits_01.npz

============================================================
CREATING DATA LOADERS
============================================================
Created data loaders - Train: 50, Val: 17, Test: 18

============================================================
CREATING MODEL
============================================================
Traceback (most recent call last):
  File "/gpfs/projects/e32998/STAT390_Winter2026/Team6/Code/Code2_KimiaNet_10Feb_Team6/main.py", line 337, in <module>
    main()
  File "/gpfs/projects/e32998/STAT390_Winter2026/Team6/Code/Code2_KimiaNet_10Feb_Team6/main.py", line 261, in main
    model = create_model(
            ^^^^^^^^^^^^^
  File "/gpfs/projects/e32998/STAT390_Winter2026/Team6/Code/Code2_KimiaNet_10Feb_Team6/models.py", line 235, in create_model
    base_model.load_state_dict(torch.load('KimiaNetPyTorchWeights.pth', map_location=torch.device('cpu')))
  File "/projects/e32998/env/lib/python3.12/site-packages/torch/nn/modules/module.py", line 2629, in load_state_dict
    raise RuntimeError(
RuntimeError: Error(s) in loading state_dict for DenseNet:
	Missing key(s) in state_dict: "features.conv0.weight", "features.norm0.weight", "features.norm0.bias", "features.norm0.running_mean", "features.norm0.running_var", "features.denseblock1.denselayer1.norm1.weight", "features.denseblock1.denselayer1.norm1.bias", "features.denseblock1.denselayer1.norm1.running_mean", "features.denseblock1.denselayer1.norm1.running_var", "features.denseblock1.denselayer1.conv1.weight", "features.denseblock1.denselayer1.norm2.weight", "features.denseblock1.denselayer1.norm2.bias", "features.denseblock1.denselayer1.norm2.running_mean", "features.denseblock1.denselayer1.norm2.running_var", "features.denseblock1.denselayer1.conv2.weight", "features.denseblock1.denselayer2.norm1.weight", "features.denseblock1.denselayer2.norm1.bias", "features.denseblock1.denselayer2.norm1.running_mean", "features.denseblock1.denselayer2.norm1.running_var", "features.denseblock1.denselayer2.conv1.weight", "features.denseblock1.denselayer2.norm2.weight", "features.denseblock1.denselayer2.norm2.bias", "features.denseblock1.denselayer2.norm2.running_mean", "features.denseblock1.denselayer2.norm2.running_var", "features.denseblock1.denselayer2.conv2.weight", "features.denseblock1.denselayer3.norm1.weight", "features.denseblock1.denselayer3.norm1.bias", "features.denseblock1.denselayer3.norm1.running_mean", "features.denseblock1.denselayer3.norm1.running_var", "features.denseblock1.denselayer3.conv1.weight", "features.denseblock1.denselayer3.norm2.weight", "features.denseblock1.denselayer3.norm2.bias", "features.denseblock1.denselayer3.norm2.running_mean", "features.denseblock1.denselayer3.norm2.running_var", "features.denseblock1.denselayer3.conv2.weight", "features.denseblock1.denselayer4.norm1.weight", "features.denseblock1.denselayer4.norm1.bias", "features.denseblock1.denselayer4.norm1.running_mean", "features.denseblock1.denselayer4.norm1.running_var", "features.denseblock1.denselayer4.conv1.weight", "features.denseblock1.denselayer4.norm2.weight", "features.denseblock1.denselayer4.norm2.bias", "features.denseblock1.denselayer4.norm2.running_mean", "features.denseblock1.denselayer4.norm2.running_var", "features.denseblock1.denselayer4.conv2.weight", "features.denseblock1.denselayer5.norm1.weight", "features.denseblock1.denselayer5.norm1.bias", "features.denseblock1.denselayer5.norm1.running_mean", "features.denseblock1.denselayer5.norm1.running_var", "features.denseblock1.denselayer5.conv1.weight", "features.denseblock1.denselayer5.norm2.weight", "features.denseblock1.denselayer5.norm2.bias", "features.denseblock1.denselayer5.norm2.running_mean", "features.denseblock1.denselayer5.norm2.running_var", "features.denseblock1.denselayer5.conv2.weight", "features.denseblock1.denselayer6.norm1.weight", "features.denseblock1.denselayer6.norm1.bias", "features.denseblock1.denselayer6.norm1.running_mean", "features.denseblock1.denselayer6.norm1.running_var", "features.denseblock1.denselayer6.conv1.weight", "features.denseblock1.denselayer6.norm2.weight", "features.denseblock1.denselayer6.norm2.bias", "features.denseblock1.denselayer6.norm2.running_mean", "features.denseblock1.denselayer6.norm2.running_var", "features.denseblock1.denselayer6.conv2.weight", "features.transition1.norm.weight", "features.transition1.norm.bias", "features.transition1.norm.running_mean", "features.transition1.norm.running_var", "features.transition1.conv.weight", "features.denseblock2.denselayer1.norm1.weight", "features.denseblock2.denselayer1.norm1.bias", "features.denseblock2.denselayer1.norm1.running_mean", "features.denseblock2.denselayer1.norm1.running_var", "features.denseblock2.denselayer1.conv1.weight", "features.denseblock2.denselayer1.norm2.weight", "features.denseblock2.denselayer1.norm2.bias", "features.denseblock2.denselayer1.norm2.running_mean", "features.denseblock2.denselayer1.norm2.running_var", "features.denseblock2.denselayer1.conv2.weight", "features.denseblock2.denselayer2.norm1.weight", "features.denseblock2.denselayer2.norm1.bias", "features.denseblock2.denselayer2.norm1.running_mean", "features.denseblock2.denselayer2.norm1.running_var", "features.denseblock2.denselayer2.conv1.weight", "features.denseblock2.denselayer2.norm2.weight", "features.denseblock2.denselayer2.norm2.bias", "features.denseblock2.denselayer2.norm2.running_mean", "features.denseblock2.denselayer2.norm2.running_var", "features.denseblock2.denselayer2.conv2.weight", "features.denseblock2.denselayer3.norm1.weight", "features.denseblock2.denselayer3.norm1.bias", "features.denseblock2.denselayer3.norm1.running_mean", "features.denseblock2.denselayer3.norm1.running_var", "features.denseblock2.denselayer3.conv1.weight", "features.denseblock2.denselayer3.norm2.weight", "features.denseblock2.denselayer3.norm2.bias", "features.denseblock2.denselayer3.norm2.running_mean", "features.denseblock2.denselayer3.norm2.running_var", "features.denseblock2.denselayer3.conv2.weight", "features.denseblock2.denselayer4.norm1.weight", "features.denseblock2.denselayer4.norm1.bias", "features.denseblock2.denselayer4.norm1.running_mean", "features.denseblock2.denselayer4.norm1.running_var", "features.denseblock2.denselayer4.conv1.weight", "features.denseblock2.denselayer4.norm2.weight", "features.denseblock2.denselayer4.norm2.bias", "features.denseblock2.denselayer4.norm2.running_mean", "features.denseblock2.denselayer4.norm2.running_var", "features.denseblock2.denselayer4.conv2.weight", "features.denseblock2.denselayer5.norm1.weight", "features.denseblock2.denselayer5.norm1.bias", "features.denseblock2.denselayer5.norm1.running_mean", "features.denseblock2.denselayer5.norm1.running_var", "features.denseblock2.denselayer5.conv1.weight", "features.denseblock2.denselayer5.norm2.weight", "features.denseblock2.denselayer5.norm2.bias", "features.denseblock2.denselayer5.norm2.running_mean", "features.denseblock2.denselayer5.norm2.running_var", "features.denseblock2.denselayer5.conv2.weight", "features.denseblock2.denselayer6.norm1.weight", "features.denseblock2.denselayer6.norm1.bias", "features.denseblock2.denselayer6.norm1.running_mean", "features.denseblock2.denselayer6.norm1.running_var", "features.denseblock2.denselayer6.conv1.weight", "features.denseblock2.denselayer6.norm2.weight", "features.denseblock2.denselayer6.norm2.bias", "features.denseblock2.denselayer6.norm2.running_mean", "features.denseblock2.denselayer6.norm2.running_var", "features.denseblock2.denselayer6.conv2.weight", "features.denseblock2.denselayer7.norm1.weight", "features.denseblock2.denselayer7.norm1.bias", "features.denseblock2.denselayer7.norm1.running_mean", "features.denseblock2.denselayer7.norm1.running_var", "features.denseblock2.denselayer7.conv1.weight", "features.denseblock2.denselayer7.norm2.weight", "features.denseblock2.denselayer7.norm2.bias", "features.denseblock2.denselayer7.norm2.running_mean", "features.denseblock2.denselayer7.norm2.running_var", "features.denseblock2.denselayer7.conv2.weight", "features.denseblock2.denselayer8.norm1.weight", "features.denseblock2.denselayer8.norm1.bias", "features.denseblock2.denselayer8.norm1.running_mean", "features.denseblock2.denselayer8.norm1.running_var", "features.denseblock2.denselayer8.conv1.weight", "features.denseblock2.denselayer8.norm2.weight", "features.denseblock2.denselayer8.norm2.bias", "features.denseblock2.denselayer8.norm2.running_mean", "features.denseblock2.denselayer8.norm2.running_var", "features.denseblock2.denselayer8.conv2.weight", "features.denseblock2.denselayer9.norm1.weight", "features.denseblock2.denselayer9.norm1.bias", "features.denseblock2.denselayer9.norm1.running_mean", "features.denseblock2.denselayer9.norm1.running_var", "features.denseblock2.denselayer9.conv1.weight", "features.denseblock2.denselayer9.norm2.weight", "features.denseblock2.denselayer9.norm2.bias", "features.denseblock2.denselayer9.norm2.running_mean", "features.denseblock2.denselayer9.norm2.running_var", "features.denseblock2.denselayer9.conv2.weight", "features.denseblock2.denselayer10.norm1.weight", "features.denseblock2.denselayer10.norm1.bias", "features.denseblock2.denselayer10.norm1.running_mean", "features.denseblock2.denselayer10.norm1.running_var", "features.denseblock2.denselayer10.conv1.weight", "features.denseblock2.denselayer10.norm2.weight", "features.denseblock2.denselayer10.norm2.bias", "features.denseblock2.denselayer10.norm2.running_mean", "features.denseblock2.denselayer10.norm2.running_var", "features.denseblock2.denselayer10.conv2.weight", "features.denseblock2.denselayer11.norm1.weight", "features.denseblock2.denselayer11.norm1.bias", "features.denseblock2.denselayer11.norm1.running_mean", "features.denseblock2.denselayer11.norm1.running_var", "features.denseblock2.denselayer11.conv1.weight", "features.denseblock2.denselayer11.norm2.weight", "features.denseblock2.denselayer11.norm2.bias", "features.denseblock2.denselayer11.norm2.running_mean", "features.denseblock2.denselayer11.norm2.running_var", "features.denseblock2.denselayer11.conv2.weight", "features.denseblock2.denselayer12.norm1.weight", "features.denseblock2.denselayer12.norm1.bias", "features.denseblock2.denselayer12.norm1.running_mean", "features.denseblock2.denselayer12.norm1.running_var", "features.denseblock2.denselayer12.conv1.weight", "features.denseblock2.denselayer12.norm2.weight", "features.denseblock2.denselayer12.norm2.bias", "features.denseblock2.denselayer12.norm2.running_mean", "features.denseblock2.denselayer12.norm2.running_var", "features.denseblock2.denselayer12.conv2.weight", "features.transition2.norm.weight", "features.transition2.norm.bias", "features.transition2.norm.running_mean", "features.transition2.norm.running_var", "features.transition2.conv.weight", "features.denseblock3.denselayer1.norm1.weight", "features.denseblock3.denselayer1.norm1.bias", "features.denseblock3.denselayer1.norm1.running_mean", "features.denseblock3.denselayer1.norm1.running_var", "features.denseblock3.denselayer1.conv1.weight", "features.denseblock3.denselayer1.norm2.weight", "features.denseblock3.denselayer1.norm2.bias", "features.denseblock3.denselayer1.norm2.running_mean", "features.denseblock3.denselayer1.norm2.running_var", "features.denseblock3.denselayer1.conv2.weight", "features.denseblock3.denselayer2.norm1.weight", "features.denseblock3.denselayer2.norm1.bias", "features.denseblock3.denselayer2.norm1.running_mean", "features.denseblock3.denselayer2.norm1.running_var", "features.denseblock3.denselayer2.conv1.weight", "features.denseblock3.denselayer2.norm2.weight", "features.denseblock3.denselayer2.norm2.bias", "features.denseblock3.denselayer2.norm2.running_mean", "features.denseblock3.denselayer2.norm2.running_var", "features.denseblock3.denselayer2.conv2.weight", "features.denseblock3.denselayer3.norm1.weight", "features.denseblock3.denselayer3.norm1.bias", "features.denseblock3.denselayer3.norm1.running_mean", "features.denseblock3.denselayer3.norm1.running_var", "features.denseblock3.denselayer3.conv1.weight", "features.denseblock3.denselayer3.norm2.weight", "features.denseblock3.denselayer3.norm2.bias", "features.denseblock3.denselayer3.norm2.running_mean", "features.denseblock3.denselayer3.norm2.running_var", "features.denseblock3.denselayer3.conv2.weight", "features.denseblock3.denselayer4.norm1.weight", "features.denseblock3.denselayer4.norm1.bias", "features.denseblock3.denselayer4.norm1.running_mean", "features.denseblock3.denselayer4.norm1.running_var", "features.denseblock3.denselayer4.conv1.weight", "features.denseblock3.denselayer4.norm2.weight", "features.denseblock3.denselayer4.norm2.bias", "features.denseblock3.denselayer4.norm2.running_mean", "features.denseblock3.denselayer4.norm2.running_var", "features.denseblock3.denselayer4.conv2.weight", "features.denseblock3.denselayer5.norm1.weight", "features.denseblock3.denselayer5.norm1.bias", "features.denseblock3.denselayer5.norm1.running_mean", "features.denseblock3.denselayer5.norm1.running_var", "features.denseblock3.denselayer5.conv1.weight", "features.denseblock3.denselayer5.norm2.weight", "features.denseblock3.denselayer5.norm2.bias", "features.denseblock3.denselayer5.norm2.running_mean", "features.denseblock3.denselayer5.norm2.running_var", "features.denseblock3.denselayer5.conv2.weight", "features.denseblock3.denselayer6.norm1.weight", "features.denseblock3.denselayer6.norm1.bias", "features.denseblock3.denselayer6.norm1.running_mean", "features.denseblock3.denselayer6.norm1.running_var", "features.denseblock3.denselayer6.conv1.weight", "features.denseblock3.denselayer6.norm2.weight", "features.denseblock3.denselayer6.norm2.bias", "features.denseblock3.denselayer6.norm2.running_mean", "features.denseblock3.denselayer6.norm2.running_var", "features.denseblock3.denselayer6.conv2.weight", "features.denseblock3.denselayer7.norm1.weight", "features.denseblock3.denselayer7.norm1.bias", "features.denseblock3.denselayer7.norm1.running_mean", "features.denseblock3.denselayer7.norm1.running_var", "features.denseblock3.denselayer7.conv1.weight", "features.denseblock3.denselayer7.norm2.weight", "features.denseblock3.denselayer7.norm2.bias", "features.denseblock3.denselayer7.norm2.running_mean", "features.denseblock3.denselayer7.norm2.running_var", "features.denseblock3.denselayer7.conv2.weight", "features.denseblock3.denselayer8.norm1.weight", "features.denseblock3.denselayer8.norm1.bias", "features.denseblock3.denselayer8.norm1.running_mean", "features.denseblock3.denselayer8.norm1.running_var", "features.denseblock3.denselayer8.conv1.weight", "features.denseblock3.denselayer8.norm2.weight", "features.denseblock3.denselayer8.norm2.bias", "features.denseblock3.denselayer8.norm2.running_mean", "features.denseblock3.denselayer8.norm2.running_var", "features.denseblock3.denselayer8.conv2.weight", "features.denseblock3.denselayer9.norm1.weight", "features.denseblock3.denselayer9.norm1.bias", "features.denseblock3.denselayer9.norm1.running_mean", "features.denseblock3.denselayer9.norm1.running_var", "features.denseblock3.denselayer9.conv1.weight", "features.denseblock3.denselayer9.norm2.weight", "features.denseblock3.denselayer9.norm2.bias", "features.denseblock3.denselayer9.norm2.running_mean", "features.denseblock3.denselayer9.norm2.running_var", "features.denseblock3.denselayer9.conv2.weight", "features.denseblock3.denselayer10.norm1.weight", "features.denseblock3.denselayer10.norm1.bias", "features.denseblock3.denselayer10.norm1.running_mean", "features.denseblock3.denselayer10.norm1.running_var", "features.denseblock3.denselayer10.conv1.weight", "features.denseblock3.denselayer10.norm2.weight", "features.denseblock3.denselayer10.norm2.bias", "features.denseblock3.denselayer10.norm2.running_mean", "features.denseblock3.denselayer10.norm2.running_var", "features.denseblock3.denselayer10.conv2.weight", "features.denseblock3.denselayer11.norm1.weight", "features.denseblock3.denselayer11.norm1.bias", "features.denseblock3.denselayer11.norm1.running_mean", "features.denseblock3.denselayer11.norm1.running_var", "features.denseblock3.denselayer11.conv1.weight", "features.denseblock3.denselayer11.norm2.weight", "features.denseblock3.denselayer11.norm2.bias", "features.denseblock3.denselayer11.norm2.running_mean", "features.denseblock3.denselayer11.norm2.running_var", "features.denseblock3.denselayer11.conv2.weight", "features.denseblock3.denselayer12.norm1.weight", "features.denseblock3.denselayer12.norm1.bias", "features.denseblock3.denselayer12.norm1.running_mean", "features.denseblock3.denselayer12.norm1.running_var", "features.denseblock3.denselayer12.conv1.weight", "features.denseblock3.denselayer12.norm2.weight", "features.denseblock3.denselayer12.norm2.bias", "features.denseblock3.denselayer12.norm2.running_mean", "features.denseblock3.denselayer12.norm2.running_var", "features.denseblock3.denselayer12.conv2.weight", "features.denseblock3.denselayer13.norm1.weight", "features.denseblock3.denselayer13.norm1.bias", "features.denseblock3.denselayer13.norm1.running_mean", "features.denseblock3.denselayer13.norm1.running_var", "features.denseblock3.denselayer13.conv1.weight", "features.denseblock3.denselayer13.norm2.weight", "features.denseblock3.denselayer13.norm2.bias", "features.denseblock3.denselayer13.norm2.running_mean", "features.denseblock3.denselayer13.norm2.running_var", "features.denseblock3.denselayer13.conv2.weight", "features.denseblock3.denselayer14.norm1.weight", "features.denseblock3.denselayer14.norm1.bias", "features.denseblock3.denselayer14.norm1.running_mean", "features.denseblock3.denselayer14.norm1.running_var", "features.denseblock3.denselayer14.conv1.weight", "features.denseblock3.denselayer14.norm2.weight", "features.denseblock3.denselayer14.norm2.bias", "features.denseblock3.denselayer14.norm2.running_mean", "features.denseblock3.denselayer14.norm2.running_var", "features.denseblock3.denselayer14.conv2.weight", "features.denseblock3.denselayer15.norm1.weight", "features.denseblock3.denselayer15.norm1.bias", "features.denseblock3.denselayer15.norm1.running_mean", "features.denseblock3.denselayer15.norm1.running_var", "features.denseblock3.denselayer15.conv1.weight", "features.denseblock3.denselayer15.norm2.weight", "features.denseblock3.denselayer15.norm2.bias", "features.denseblock3.denselayer15.norm2.running_mean", "features.denseblock3.denselayer15.norm2.running_var", "features.denseblock3.denselayer15.conv2.weight", "features.denseblock3.denselayer16.norm1.weight", "features.denseblock3.denselayer16.norm1.bias", "features.denseblock3.denselayer16.norm1.running_mean", "features.denseblock3.denselayer16.norm1.running_var", "features.denseblock3.denselayer16.conv1.weight", "features.denseblock3.denselayer16.norm2.weight", "features.denseblock3.denselayer16.norm2.bias", "features.denseblock3.denselayer16.norm2.running_mean", "features.denseblock3.denselayer16.norm2.running_var", "features.denseblock3.denselayer16.conv2.weight", "features.denseblock3.denselayer17.norm1.weight", "features.denseblock3.denselayer17.norm1.bias", "features.denseblock3.denselayer17.norm1.running_mean", "features.denseblock3.denselayer17.norm1.running_var", "features.denseblock3.denselayer17.conv1.weight", "features.denseblock3.denselayer17.norm2.weight", "features.denseblock3.denselayer17.norm2.bias", "features.denseblock3.denselayer17.norm2.running_mean", "features.denseblock3.denselayer17.norm2.running_var", "features.denseblock3.denselayer17.conv2.weight", "features.denseblock3.denselayer18.norm1.weight", "features.denseblock3.denselayer18.norm1.bias", "features.denseblock3.denselayer18.norm1.running_mean", "features.denseblock3.denselayer18.norm1.running_var", "features.denseblock3.denselayer18.conv1.weight", "features.denseblock3.denselayer18.norm2.weight", "features.denseblock3.denselayer18.norm2.bias", "features.denseblock3.denselayer18.norm2.running_mean", "features.denseblock3.denselayer18.norm2.running_var", "features.denseblock3.denselayer18.conv2.weight", "features.denseblock3.denselayer19.norm1.weight", "features.denseblock3.denselayer19.norm1.bias", "features.denseblock3.denselayer19.norm1.running_mean", "features.denseblock3.denselayer19.norm1.running_var", "features.denseblock3.denselayer19.conv1.weight", "features.denseblock3.denselayer19.norm2.weight", "features.denseblock3.denselayer19.norm2.bias", "features.denseblock3.denselayer19.norm2.running_mean", "features.denseblock3.denselayer19.norm2.running_var", "features.denseblock3.denselayer19.conv2.weight", "features.denseblock3.denselayer20.norm1.weight", "features.denseblock3.denselayer20.norm1.bias", "features.denseblock3.denselayer20.norm1.running_mean", "features.denseblock3.denselayer20.norm1.running_var", "features.denseblock3.denselayer20.conv1.weight", "features.denseblock3.denselayer20.norm2.weight", "features.denseblock3.denselayer20.norm2.bias", "features.denseblock3.denselayer20.norm2.running_mean", "features.denseblock3.denselayer20.norm2.running_var", "features.denseblock3.denselayer20.conv2.weight", "features.denseblock3.denselayer21.norm1.weight", "features.denseblock3.denselayer21.norm1.bias", "features.denseblock3.denselayer21.norm1.running_mean", "features.denseblock3.denselayer21.norm1.running_var", "features.denseblock3.denselayer21.conv1.weight", "features.denseblock3.denselayer21.norm2.weight", "features.denseblock3.denselayer21.norm2.bias", "features.denseblock3.denselayer21.norm2.running_mean", "features.denseblock3.denselayer21.norm2.running_var", "features.denseblock3.denselayer21.conv2.weight", "features.denseblock3.denselayer22.norm1.weight", "features.denseblock3.denselayer22.norm1.bias", "features.denseblock3.denselayer22.norm1.running_mean", "features.denseblock3.denselayer22.norm1.running_var", "features.denseblock3.denselayer22.conv1.weight", "features.denseblock3.denselayer22.norm2.weight", "features.denseblock3.denselayer22.norm2.bias", "features.denseblock3.denselayer22.norm2.running_mean", "features.denseblock3.denselayer22.norm2.running_var", "features.denseblock3.denselayer22.conv2.weight", "features.denseblock3.denselayer23.norm1.weight", "features.denseblock3.denselayer23.norm1.bias", "features.denseblock3.denselayer23.norm1.running_mean", "features.denseblock3.denselayer23.norm1.running_var", "features.denseblock3.denselayer23.conv1.weight", "features.denseblock3.denselayer23.norm2.weight", "features.denseblock3.denselayer23.norm2.bias", "features.denseblock3.denselayer23.norm2.running_mean", "features.denseblock3.denselayer23.norm2.running_var", "features.denseblock3.denselayer23.conv2.weight", "features.denseblock3.denselayer24.norm1.weight", "features.denseblock3.denselayer24.norm1.bias", "features.denseblock3.denselayer24.norm1.running_mean", "features.denseblock3.denselayer24.norm1.running_var", "features.denseblock3.denselayer24.conv1.weight", "features.denseblock3.denselayer24.norm2.weight", "features.denseblock3.denselayer24.norm2.bias", "features.denseblock3.denselayer24.norm2.running_mean", "features.denseblock3.denselayer24.norm2.running_var", "features.denseblock3.denselayer24.conv2.weight", "features.transition3.norm.weight", "features.transition3.norm.bias", "features.transition3.norm.running_mean", "features.transition3.norm.running_var", "features.transition3.conv.weight", "features.denseblock4.denselayer1.norm1.weight", "features.denseblock4.denselayer1.norm1.bias", "features.denseblock4.denselayer1.norm1.running_mean", "features.denseblock4.denselayer1.norm1.running_var", "features.denseblock4.denselayer1.conv1.weight", "features.denseblock4.denselayer1.norm2.weight", "features.denseblock4.denselayer1.norm2.bias", "features.denseblock4.denselayer1.norm2.running_mean", "features.denseblock4.denselayer1.norm2.running_var", "features.denseblock4.denselayer1.conv2.weight", "features.denseblock4.denselayer2.norm1.weight", "features.denseblock4.denselayer2.norm1.bias", "features.denseblock4.denselayer2.norm1.running_mean", "features.denseblock4.denselayer2.norm1.running_var", "features.denseblock4.denselayer2.conv1.weight", "features.denseblock4.denselayer2.norm2.weight", "features.denseblock4.denselayer2.norm2.bias", "features.denseblock4.denselayer2.norm2.running_mean", "features.denseblock4.denselayer2.norm2.running_var", "features.denseblock4.denselayer2.conv2.weight", "features.denseblock4.denselayer3.norm1.weight", "features.denseblock4.denselayer3.norm1.bias", "features.denseblock4.denselayer3.norm1.running_mean", "features.denseblock4.denselayer3.norm1.running_var", "features.denseblock4.denselayer3.conv1.weight", "features.denseblock4.denselayer3.norm2.weight", "features.denseblock4.denselayer3.norm2.bias", "features.denseblock4.denselayer3.norm2.running_mean", "features.denseblock4.denselayer3.norm2.running_var", "features.denseblock4.denselayer3.conv2.weight", "features.denseblock4.denselayer4.norm1.weight", "features.denseblock4.denselayer4.norm1.bias", "features.denseblock4.denselayer4.norm1.running_mean", "features.denseblock4.denselayer4.norm1.running_var", "features.denseblock4.denselayer4.conv1.weight", "features.denseblock4.denselayer4.norm2.weight", "features.denseblock4.denselayer4.norm2.bias", "features.denseblock4.denselayer4.norm2.running_mean", "features.denseblock4.denselayer4.norm2.running_var", "features.denseblock4.denselayer4.conv2.weight", "features.denseblock4.denselayer5.norm1.weight", "features.denseblock4.denselayer5.norm1.bias", "features.denseblock4.denselayer5.norm1.running_mean", "features.denseblock4.denselayer5.norm1.running_var", "features.denseblock4.denselayer5.conv1.weight", "features.denseblock4.denselayer5.norm2.weight", "features.denseblock4.denselayer5.norm2.bias", "features.denseblock4.denselayer5.norm2.running_mean", "features.denseblock4.denselayer5.norm2.running_var", "features.denseblock4.denselayer5.conv2.weight", "features.denseblock4.denselayer6.norm1.weight", "features.denseblock4.denselayer6.norm1.bias", "features.denseblock4.denselayer6.norm1.running_mean", "features.denseblock4.denselayer6.norm1.running_var", "features.denseblock4.denselayer6.conv1.weight", "features.denseblock4.denselayer6.norm2.weight", "features.denseblock4.denselayer6.norm2.bias", "features.denseblock4.denselayer6.norm2.running_mean", "features.denseblock4.denselayer6.norm2.running_var", "features.denseblock4.denselayer6.conv2.weight", "features.denseblock4.denselayer7.norm1.weight", "features.denseblock4.denselayer7.norm1.bias", "features.denseblock4.denselayer7.norm1.running_mean", "features.denseblock4.denselayer7.norm1.running_var", "features.denseblock4.denselayer7.conv1.weight", "features.denseblock4.denselayer7.norm2.weight", "features.denseblock4.denselayer7.norm2.bias", "features.denseblock4.denselayer7.norm2.running_mean", "features.denseblock4.denselayer7.norm2.running_var", "features.denseblock4.denselayer7.conv2.weight", "features.denseblock4.denselayer8.norm1.weight", "features.denseblock4.denselayer8.norm1.bias", "features.denseblock4.denselayer8.norm1.running_mean", "features.denseblock4.denselayer8.norm1.running_var", "features.denseblock4.denselayer8.conv1.weight", "features.denseblock4.denselayer8.norm2.weight", "features.denseblock4.denselayer8.norm2.bias", "features.denseblock4.denselayer8.norm2.running_mean", "features.denseblock4.denselayer8.norm2.running_var", "features.denseblock4.denselayer8.conv2.weight", "features.denseblock4.denselayer9.norm1.weight", "features.denseblock4.denselayer9.norm1.bias", "features.denseblock4.denselayer9.norm1.running_mean", "features.denseblock4.denselayer9.norm1.running_var", "features.denseblock4.denselayer9.conv1.weight", "features.denseblock4.denselayer9.norm2.weight", "features.denseblock4.denselayer9.norm2.bias", "features.denseblock4.denselayer9.norm2.running_mean", "features.denseblock4.denselayer9.norm2.running_var", "features.denseblock4.denselayer9.conv2.weight", "features.denseblock4.denselayer10.norm1.weight", "features.denseblock4.denselayer10.norm1.bias", "features.denseblock4.denselayer10.norm1.running_mean", "features.denseblock4.denselayer10.norm1.running_var", "features.denseblock4.denselayer10.conv1.weight", "features.denseblock4.denselayer10.norm2.weight", "features.denseblock4.denselayer10.norm2.bias", "features.denseblock4.denselayer10.norm2.running_mean", "features.denseblock4.denselayer10.norm2.running_var", "features.denseblock4.denselayer10.conv2.weight", "features.denseblock4.denselayer11.norm1.weight", "features.denseblock4.denselayer11.norm1.bias", "features.denseblock4.denselayer11.norm1.running_mean", "features.denseblock4.denselayer11.norm1.running_var", "features.denseblock4.denselayer11.conv1.weight", "features.denseblock4.denselayer11.norm2.weight", "features.denseblock4.denselayer11.norm2.bias", "features.denseblock4.denselayer11.norm2.running_mean", "features.denseblock4.denselayer11.norm2.running_var", "features.denseblock4.denselayer11.conv2.weight", "features.denseblock4.denselayer12.norm1.weight", "features.denseblock4.denselayer12.norm1.bias", "features.denseblock4.denselayer12.norm1.running_mean", "features.denseblock4.denselayer12.norm1.running_var", "features.denseblock4.denselayer12.conv1.weight", "features.denseblock4.denselayer12.norm2.weight", "features.denseblock4.denselayer12.norm2.bias", "features.denseblock4.denselayer12.norm2.running_mean", "features.denseblock4.denselayer12.norm2.running_var", "features.denseblock4.denselayer12.conv2.weight", "features.denseblock4.denselayer13.norm1.weight", "features.denseblock4.denselayer13.norm1.bias", "features.denseblock4.denselayer13.norm1.running_mean", "features.denseblock4.denselayer13.norm1.running_var", "features.denseblock4.denselayer13.conv1.weight", "features.denseblock4.denselayer13.norm2.weight", "features.denseblock4.denselayer13.norm2.bias", "features.denseblock4.denselayer13.norm2.running_mean", "features.denseblock4.denselayer13.norm2.running_var", "features.denseblock4.denselayer13.conv2.weight", "features.denseblock4.denselayer14.norm1.weight", "features.denseblock4.denselayer14.norm1.bias", "features.denseblock4.denselayer14.norm1.running_mean", "features.denseblock4.denselayer14.norm1.running_var", "features.denseblock4.denselayer14.conv1.weight", "features.denseblock4.denselayer14.norm2.weight", "features.denseblock4.denselayer14.norm2.bias", "features.denseblock4.denselayer14.norm2.running_mean", "features.denseblock4.denselayer14.norm2.running_var", "features.denseblock4.denselayer14.conv2.weight", "features.denseblock4.denselayer15.norm1.weight", "features.denseblock4.denselayer15.norm1.bias", "features.denseblock4.denselayer15.norm1.running_mean", "features.denseblock4.denselayer15.norm1.running_var", "features.denseblock4.denselayer15.conv1.weight", "features.denseblock4.denselayer15.norm2.weight", "features.denseblock4.denselayer15.norm2.bias", "features.denseblock4.denselayer15.norm2.running_mean", "features.denseblock4.denselayer15.norm2.running_var", "features.denseblock4.denselayer15.conv2.weight", "features.denseblock4.denselayer16.norm1.weight", "features.denseblock4.denselayer16.norm1.bias", "features.denseblock4.denselayer16.norm1.running_mean", "features.denseblock4.denselayer16.norm1.running_var", "features.denseblock4.denselayer16.conv1.weight", "features.denseblock4.denselayer16.norm2.weight", "features.denseblock4.denselayer16.norm2.bias", "features.denseblock4.denselayer16.norm2.running_mean", "features.denseblock4.denselayer16.norm2.running_var", "features.denseblock4.denselayer16.conv2.weight", "features.norm5.weight", "features.norm5.bias", "features.norm5.running_mean", "features.norm5.running_var", "classifier.weight", "classifier.bias". 
	Unexpected key(s) in state_dict: "module.model.0.conv0.weight", "module.model.0.norm0.weight", "module.model.0.norm0.bias", "module.model.0.norm0.running_mean", "module.model.0.norm0.running_var", "module.model.0.norm0.num_batches_tracked", "module.model.0.denseblock1.denselayer1.norm1.weight", "module.model.0.denseblock1.denselayer1.norm1.bias", "module.model.0.denseblock1.denselayer1.norm1.running_mean", "module.model.0.denseblock1.denselayer1.norm1.running_var", "module.model.0.denseblock1.denselayer1.norm1.num_batches_tracked", "module.model.0.denseblock1.denselayer1.conv1.weight", "module.model.0.denseblock1.denselayer1.norm2.weight", "module.model.0.denseblock1.denselayer1.norm2.bias", "module.model.0.denseblock1.denselayer1.norm2.running_mean", "module.model.0.denseblock1.denselayer1.norm2.running_var", "module.model.0.denseblock1.denselayer1.norm2.num_batches_tracked", "module.model.0.denseblock1.denselayer1.conv2.weight", "module.model.0.denseblock1.denselayer2.norm1.weight", "module.model.0.denseblock1.denselayer2.norm1.bias", "module.model.0.denseblock1.denselayer2.norm1.running_mean", "module.model.0.denseblock1.denselayer2.norm1.running_var", "module.model.0.denseblock1.denselayer2.norm1.num_batches_tracked", "module.model.0.denseblock1.denselayer2.conv1.weight", "module.model.0.denseblock1.denselayer2.norm2.weight", "module.model.0.denseblock1.denselayer2.norm2.bias", "module.model.0.denseblock1.denselayer2.norm2.running_mean", "module.model.0.denseblock1.denselayer2.norm2.running_var", "module.model.0.denseblock1.denselayer2.norm2.num_batches_tracked", "module.model.0.denseblock1.denselayer2.conv2.weight", "module.model.0.denseblock1.denselayer3.norm1.weight", "module.model.0.denseblock1.denselayer3.norm1.bias", "module.model.0.denseblock1.denselayer3.norm1.running_mean", "module.model.0.denseblock1.denselayer3.norm1.running_var", "module.model.0.denseblock1.denselayer3.norm1.num_batches_tracked", "module.model.0.denseblock1.denselayer3.conv1.weight", "module.model.0.denseblock1.denselayer3.norm2.weight", "module.model.0.denseblock1.denselayer3.norm2.bias", "module.model.0.denseblock1.denselayer3.norm2.running_mean", "module.model.0.denseblock1.denselayer3.norm2.running_var", "module.model.0.denseblock1.denselayer3.norm2.num_batches_tracked", "module.model.0.denseblock1.denselayer3.conv2.weight", "module.model.0.denseblock1.denselayer4.norm1.weight", "module.model.0.denseblock1.denselayer4.norm1.bias", "module.model.0.denseblock1.denselayer4.norm1.running_mean", "module.model.0.denseblock1.denselayer4.norm1.running_var", "module.model.0.denseblock1.denselayer4.norm1.num_batches_tracked", "module.model.0.denseblock1.denselayer4.conv1.weight", "module.model.0.denseblock1.denselayer4.norm2.weight", "module.model.0.denseblock1.denselayer4.norm2.bias", "module.model.0.denseblock1.denselayer4.norm2.running_mean", "module.model.0.denseblock1.denselayer4.norm2.running_var", "module.model.0.denseblock1.denselayer4.norm2.num_batches_tracked", "module.model.0.denseblock1.denselayer4.conv2.weight", "module.model.0.denseblock1.denselayer5.norm1.weight", "module.model.0.denseblock1.denselayer5.norm1.bias", "module.model.0.denseblock1.denselayer5.norm1.running_mean", "module.model.0.denseblock1.denselayer5.norm1.running_var", "module.model.0.denseblock1.denselayer5.norm1.num_batches_tracked", "module.model.0.denseblock1.denselayer5.conv1.weight", "module.model.0.denseblock1.denselayer5.norm2.weight", "module.model.0.denseblock1.denselayer5.norm2.bias", "module.model.0.denseblock1.denselayer5.norm2.running_mean", "module.model.0.denseblock1.denselayer5.norm2.running_var", "module.model.0.denseblock1.denselayer5.norm2.num_batches_tracked", "module.model.0.denseblock1.denselayer5.conv2.weight", "module.model.0.denseblock1.denselayer6.norm1.weight", "module.model.0.denseblock1.denselayer6.norm1.bias", "module.model.0.denseblock1.denselayer6.norm1.running_mean", "module.model.0.denseblock1.denselayer6.norm1.running_var", "module.model.0.denseblock1.denselayer6.norm1.num_batches_tracked", "module.model.0.denseblock1.denselayer6.conv1.weight", "module.model.0.denseblock1.denselayer6.norm2.weight", "module.model.0.denseblock1.denselayer6.norm2.bias", "module.model.0.denseblock1.denselayer6.norm2.running_mean", "module.model.0.denseblock1.denselayer6.norm2.running_var", "module.model.0.denseblock1.denselayer6.norm2.num_batches_tracked", "module.model.0.denseblock1.denselayer6.conv2.weight", "module.model.0.transition1.norm.weight", "module.model.0.transition1.norm.bias", "module.model.0.transition1.norm.running_mean", "module.model.0.transition1.norm.running_var", "module.model.0.transition1.norm.num_batches_tracked", "module.model.0.transition1.conv.weight", "module.model.0.denseblock2.denselayer1.norm1.weight", "module.model.0.denseblock2.denselayer1.norm1.bias", "module.model.0.denseblock2.denselayer1.norm1.running_mean", "module.model.0.denseblock2.denselayer1.norm1.running_var", "module.model.0.denseblock2.denselayer1.norm1.num_batches_tracked", "module.model.0.denseblock2.denselayer1.conv1.weight", "module.model.0.denseblock2.denselayer1.norm2.weight", "module.model.0.denseblock2.denselayer1.norm2.bias", "module.model.0.denseblock2.denselayer1.norm2.running_mean", "module.model.0.denseblock2.denselayer1.norm2.running_var", "module.model.0.denseblock2.denselayer1.norm2.num_batches_tracked", "module.model.0.denseblock2.denselayer1.conv2.weight", "module.model.0.denseblock2.denselayer2.norm1.weight", "module.model.0.denseblock2.denselayer2.norm1.bias", "module.model.0.denseblock2.denselayer2.norm1.running_mean", "module.model.0.denseblock2.denselayer2.norm1.running_var", "module.model.0.denseblock2.denselayer2.norm1.num_batches_tracked", "module.model.0.denseblock2.denselayer2.conv1.weight", "module.model.0.denseblock2.denselayer2.norm2.weight", "module.model.0.denseblock2.denselayer2.norm2.bias", "module.model.0.denseblock2.denselayer2.norm2.running_mean", "module.model.0.denseblock2.denselayer2.norm2.running_var", "module.model.0.denseblock2.denselayer2.norm2.num_batches_tracked", "module.model.0.denseblock2.denselayer2.conv2.weight", "module.model.0.denseblock2.denselayer3.norm1.weight", "module.model.0.denseblock2.denselayer3.norm1.bias", "module.model.0.denseblock2.denselayer3.norm1.running_mean", "module.model.0.denseblock2.denselayer3.norm1.running_var", "module.model.0.denseblock2.denselayer3.norm1.num_batches_tracked", "module.model.0.denseblock2.denselayer3.conv1.weight", "module.model.0.denseblock2.denselayer3.norm2.weight", "module.model.0.denseblock2.denselayer3.norm2.bias", "module.model.0.denseblock2.denselayer3.norm2.running_mean", "module.model.0.denseblock2.denselayer3.norm2.running_var", "module.model.0.denseblock2.denselayer3.norm2.num_batches_tracked", "module.model.0.denseblock2.denselayer3.conv2.weight", "module.model.0.denseblock2.denselayer4.norm1.weight", "module.model.0.denseblock2.denselayer4.norm1.bias", "module.model.0.denseblock2.denselayer4.norm1.running_mean", "module.model.0.denseblock2.denselayer4.norm1.running_var", "module.model.0.denseblock2.denselayer4.norm1.num_batches_tracked", "module.model.0.denseblock2.denselayer4.conv1.weight", "module.model.0.denseblock2.denselayer4.norm2.weight", "module.model.0.denseblock2.denselayer4.norm2.bias", "module.model.0.denseblock2.denselayer4.norm2.running_mean", "module.model.0.denseblock2.denselayer4.norm2.running_var", "module.model.0.denseblock2.denselayer4.norm2.num_batches_tracked", "module.model.0.denseblock2.denselayer4.conv2.weight", "module.model.0.denseblock2.denselayer5.norm1.weight", "module.model.0.denseblock2.denselayer5.norm1.bias", "module.model.0.denseblock2.denselayer5.norm1.running_mean", "module.model.0.denseblock2.denselayer5.norm1.running_var", "module.model.0.denseblock2.denselayer5.norm1.num_batches_tracked", "module.model.0.denseblock2.denselayer5.conv1.weight", "module.model.0.denseblock2.denselayer5.norm2.weight", "module.model.0.denseblock2.denselayer5.norm2.bias", "module.model.0.denseblock2.denselayer5.norm2.running_mean", "module.model.0.denseblock2.denselayer5.norm2.running_var", "module.model.0.denseblock2.denselayer5.norm2.num_batches_tracked", "module.model.0.denseblock2.denselayer5.conv2.weight", "module.model.0.denseblock2.denselayer6.norm1.weight", "module.model.0.denseblock2.denselayer6.norm1.bias", "module.model.0.denseblock2.denselayer6.norm1.running_mean", "module.model.0.denseblock2.denselayer6.norm1.running_var", "module.model.0.denseblock2.denselayer6.norm1.num_batches_tracked", "module.model.0.denseblock2.denselayer6.conv1.weight", "module.model.0.denseblock2.denselayer6.norm2.weight", "module.model.0.denseblock2.denselayer6.norm2.bias", "module.model.0.denseblock2.denselayer6.norm2.running_mean", "module.model.0.denseblock2.denselayer6.norm2.running_var", "module.model.0.denseblock2.denselayer6.norm2.num_batches_tracked", "module.model.0.denseblock2.denselayer6.conv2.weight", "module.model.0.denseblock2.denselayer7.norm1.weight", "module.model.0.denseblock2.denselayer7.norm1.bias", "module.model.0.denseblock2.denselayer7.norm1.running_mean", "module.model.0.denseblock2.denselayer7.norm1.running_var", "module.model.0.denseblock2.denselayer7.norm1.num_batches_tracked", "module.model.0.denseblock2.denselayer7.conv1.weight", "module.model.0.denseblock2.denselayer7.norm2.weight", "module.model.0.denseblock2.denselayer7.norm2.bias", "module.model.0.denseblock2.denselayer7.norm2.running_mean", "module.model.0.denseblock2.denselayer7.norm2.running_var", "module.model.0.denseblock2.denselayer7.norm2.num_batches_tracked", "module.model.0.denseblock2.denselayer7.conv2.weight", "module.model.0.denseblock2.denselayer8.norm1.weight", "module.model.0.denseblock2.denselayer8.norm1.bias", "module.model.0.denseblock2.denselayer8.norm1.running_mean", "module.model.0.denseblock2.denselayer8.norm1.running_var", "module.model.0.denseblock2.denselayer8.norm1.num_batches_tracked", "module.model.0.denseblock2.denselayer8.conv1.weight", "module.model.0.denseblock2.denselayer8.norm2.weight", "module.model.0.denseblock2.denselayer8.norm2.bias", "module.model.0.denseblock2.denselayer8.norm2.running_mean", "module.model.0.denseblock2.denselayer8.norm2.running_var", "module.model.0.denseblock2.denselayer8.norm2.num_batches_tracked", "module.model.0.denseblock2.denselayer8.conv2.weight", "module.model.0.denseblock2.denselayer9.norm1.weight", "module.model.0.denseblock2.denselayer9.norm1.bias", "module.model.0.denseblock2.denselayer9.norm1.running_mean", "module.model.0.denseblock2.denselayer9.norm1.running_var", "module.model.0.denseblock2.denselayer9.norm1.num_batches_tracked", "module.model.0.denseblock2.denselayer9.conv1.weight", "module.model.0.denseblock2.denselayer9.norm2.weight", "module.model.0.denseblock2.denselayer9.norm2.bias", "module.model.0.denseblock2.denselayer9.norm2.running_mean", "module.model.0.denseblock2.denselayer9.norm2.running_var", "module.model.0.denseblock2.denselayer9.norm2.num_batches_tracked", "module.model.0.denseblock2.denselayer9.conv2.weight", "module.model.0.denseblock2.denselayer10.norm1.weight", "module.model.0.denseblock2.denselayer10.norm1.bias", "module.model.0.denseblock2.denselayer10.norm1.running_mean", "module.model.0.denseblock2.denselayer10.norm1.running_var", "module.model.0.denseblock2.denselayer10.norm1.num_batches_tracked", "module.model.0.denseblock2.denselayer10.conv1.weight", "module.model.0.denseblock2.denselayer10.norm2.weight", "module.model.0.denseblock2.denselayer10.norm2.bias", "module.model.0.denseblock2.denselayer10.norm2.running_mean", "module.model.0.denseblock2.denselayer10.norm2.running_var", "module.model.0.denseblock2.denselayer10.norm2.num_batches_tracked", "module.model.0.denseblock2.denselayer10.conv2.weight", "module.model.0.denseblock2.denselayer11.norm1.weight", "module.model.0.denseblock2.denselayer11.norm1.bias", "module.model.0.denseblock2.denselayer11.norm1.running_mean", "module.model.0.denseblock2.denselayer11.norm1.running_var", "module.model.0.denseblock2.denselayer11.norm1.num_batches_tracked", "module.model.0.denseblock2.denselayer11.conv1.weight", "module.model.0.denseblock2.denselayer11.norm2.weight", "module.model.0.denseblock2.denselayer11.norm2.bias", "module.model.0.denseblock2.denselayer11.norm2.running_mean", "module.model.0.denseblock2.denselayer11.norm2.running_var", "module.model.0.denseblock2.denselayer11.norm2.num_batches_tracked", "module.model.0.denseblock2.denselayer11.conv2.weight", "module.model.0.denseblock2.denselayer12.norm1.weight", "module.model.0.denseblock2.denselayer12.norm1.bias", "module.model.0.denseblock2.denselayer12.norm1.running_mean", "module.model.0.denseblock2.denselayer12.norm1.running_var", "module.model.0.denseblock2.denselayer12.norm1.num_batches_tracked", "module.model.0.denseblock2.denselayer12.conv1.weight", "module.model.0.denseblock2.denselayer12.norm2.weight", "module.model.0.denseblock2.denselayer12.norm2.bias", "module.model.0.denseblock2.denselayer12.norm2.running_mean", "module.model.0.denseblock2.denselayer12.norm2.running_var", "module.model.0.denseblock2.denselayer12.norm2.num_batches_tracked", "module.model.0.denseblock2.denselayer12.conv2.weight", "module.model.0.transition2.norm.weight", "module.model.0.transition2.norm.bias", "module.model.0.transition2.norm.running_mean", "module.model.0.transition2.norm.running_var", "module.model.0.transition2.norm.num_batches_tracked", "module.model.0.transition2.conv.weight", "module.model.0.denseblock3.denselayer1.norm1.weight", "module.model.0.denseblock3.denselayer1.norm1.bias", "module.model.0.denseblock3.denselayer1.norm1.running_mean", "module.model.0.denseblock3.denselayer1.norm1.running_var", "module.model.0.denseblock3.denselayer1.norm1.num_batches_tracked", "module.model.0.denseblock3.denselayer1.conv1.weight", "module.model.0.denseblock3.denselayer1.norm2.weight", "module.model.0.denseblock3.denselayer1.norm2.bias", "module.model.0.denseblock3.denselayer1.norm2.running_mean", "module.model.0.denseblock3.denselayer1.norm2.running_var", "module.model.0.denseblock3.denselayer1.norm2.num_batches_tracked", "module.model.0.denseblock3.denselayer1.conv2.weight", "module.model.0.denseblock3.denselayer2.norm1.weight", "module.model.0.denseblock3.denselayer2.norm1.bias", "module.model.0.denseblock3.denselayer2.norm1.running_mean", "module.model.0.denseblock3.denselayer2.norm1.running_var", "module.model.0.denseblock3.denselayer2.norm1.num_batches_tracked", "module.model.0.denseblock3.denselayer2.conv1.weight", "module.model.0.denseblock3.denselayer2.norm2.weight", "module.model.0.denseblock3.denselayer2.norm2.bias", "module.model.0.denseblock3.denselayer2.norm2.running_mean", "module.model.0.denseblock3.denselayer2.norm2.running_var", "module.model.0.denseblock3.denselayer2.norm2.num_batches_tracked", "module.model.0.denseblock3.denselayer2.conv2.weight", "module.model.0.denseblock3.denselayer3.norm1.weight", "module.model.0.denseblock3.denselayer3.norm1.bias", "module.model.0.denseblock3.denselayer3.norm1.running_mean", "module.model.0.denseblock3.denselayer3.norm1.running_var", "module.model.0.denseblock3.denselayer3.norm1.num_batches_tracked", "module.model.0.denseblock3.denselayer3.conv1.weight", "module.model.0.denseblock3.denselayer3.norm2.weight", "module.model.0.denseblock3.denselayer3.norm2.bias", "module.model.0.denseblock3.denselayer3.norm2.running_mean", "module.model.0.denseblock3.denselayer3.norm2.running_var", "module.model.0.denseblock3.denselayer3.norm2.num_batches_tracked", "module.model.0.denseblock3.denselayer3.conv2.weight", "module.model.0.denseblock3.denselayer4.norm1.weight", "module.model.0.denseblock3.denselayer4.norm1.bias", "module.model.0.denseblock3.denselayer4.norm1.running_mean", "module.model.0.denseblock3.denselayer4.norm1.running_var", "module.model.0.denseblock3.denselayer4.norm1.num_batches_tracked", "module.model.0.denseblock3.denselayer4.conv1.weight", "module.model.0.denseblock3.denselayer4.norm2.weight", "module.model.0.denseblock3.denselayer4.norm2.bias", "module.model.0.denseblock3.denselayer4.norm2.running_mean", "module.model.0.denseblock3.denselayer4.norm2.running_var", "module.model.0.denseblock3.denselayer4.norm2.num_batches_tracked", "module.model.0.denseblock3.denselayer4.conv2.weight", "module.model.0.denseblock3.denselayer5.norm1.weight", "module.model.0.denseblock3.denselayer5.norm1.bias", "module.model.0.denseblock3.denselayer5.norm1.running_mean", "module.model.0.denseblock3.denselayer5.norm1.running_var", "module.model.0.denseblock3.denselayer5.norm1.num_batches_tracked", "module.model.0.denseblock3.denselayer5.conv1.weight", "module.model.0.denseblock3.denselayer5.norm2.weight", "module.model.0.denseblock3.denselayer5.norm2.bias", "module.model.0.denseblock3.denselayer5.norm2.running_mean", "module.model.0.denseblock3.denselayer5.norm2.running_var", "module.model.0.denseblock3.denselayer5.norm2.num_batches_tracked", "module.model.0.denseblock3.denselayer5.conv2.weight", "module.model.0.denseblock3.denselayer6.norm1.weight", "module.model.0.denseblock3.denselayer6.norm1.bias", "module.model.0.denseblock3.denselayer6.norm1.running_mean", "module.model.0.denseblock3.denselayer6.norm1.running_var", "module.model.0.denseblock3.denselayer6.norm1.num_batches_tracked", "module.model.0.denseblock3.denselayer6.conv1.weight", "module.model.0.denseblock3.denselayer6.norm2.weight", "module.model.0.denseblock3.denselayer6.norm2.bias", "module.model.0.denseblock3.denselayer6.norm2.running_mean", "module.model.0.denseblock3.denselayer6.norm2.running_var", "module.model.0.denseblock3.denselayer6.norm2.num_batches_tracked", "module.model.0.denseblock3.denselayer6.conv2.weight", "module.model.0.denseblock3.denselayer7.norm1.weight", "module.model.0.denseblock3.denselayer7.norm1.bias", "module.model.0.denseblock3.denselayer7.norm1.running_mean", "module.model.0.denseblock3.denselayer7.norm1.running_var", "module.model.0.denseblock3.denselayer7.norm1.num_batches_tracked", "module.model.0.denseblock3.denselayer7.conv1.weight", "module.model.0.denseblock3.denselayer7.norm2.weight", "module.model.0.denseblock3.denselayer7.norm2.bias", "module.model.0.denseblock3.denselayer7.norm2.running_mean", "module.model.0.denseblock3.denselayer7.norm2.running_var", "module.model.0.denseblock3.denselayer7.norm2.num_batches_tracked", "module.model.0.denseblock3.denselayer7.conv2.weight", "module.model.0.denseblock3.denselayer8.norm1.weight", "module.model.0.denseblock3.denselayer8.norm1.bias", "module.model.0.denseblock3.denselayer8.norm1.running_mean", "module.model.0.denseblock3.denselayer8.norm1.running_var", "module.model.0.denseblock3.denselayer8.norm1.num_batches_tracked", "module.model.0.denseblock3.denselayer8.conv1.weight", "module.model.0.denseblock3.denselayer8.norm2.weight", "module.model.0.denseblock3.denselayer8.norm2.bias", "module.model.0.denseblock3.denselayer8.norm2.running_mean", "module.model.0.denseblock3.denselayer8.norm2.running_var", "module.model.0.denseblock3.denselayer8.norm2.num_batches_tracked", "module.model.0.denseblock3.denselayer8.conv2.weight", "module.model.0.denseblock3.denselayer9.norm1.weight", "module.model.0.denseblock3.denselayer9.norm1.bias", "module.model.0.denseblock3.denselayer9.norm1.running_mean", "module.model.0.denseblock3.denselayer9.norm1.running_var", "module.model.0.denseblock3.denselayer9.norm1.num_batches_tracked", "module.model.0.denseblock3.denselayer9.conv1.weight", "module.model.0.denseblock3.denselayer9.norm2.weight", "module.model.0.denseblock3.denselayer9.norm2.bias", "module.model.0.denseblock3.denselayer9.norm2.running_mean", "module.model.0.denseblock3.denselayer9.norm2.running_var", "module.model.0.denseblock3.denselayer9.norm2.num_batches_tracked", "module.model.0.denseblock3.denselayer9.conv2.weight", "module.model.0.denseblock3.denselayer10.norm1.weight", "module.model.0.denseblock3.denselayer10.norm1.bias", "module.model.0.denseblock3.denselayer10.norm1.running_mean", "module.model.0.denseblock3.denselayer10.norm1.running_var", "module.model.0.denseblock3.denselayer10.norm1.num_batches_tracked", "module.model.0.denseblock3.denselayer10.conv1.weight", "module.model.0.denseblock3.denselayer10.norm2.weight", "module.model.0.denseblock3.denselayer10.norm2.bias", "module.model.0.denseblock3.denselayer10.norm2.running_mean", "module.model.0.denseblock3.denselayer10.norm2.running_var", "module.model.0.denseblock3.denselayer10.norm2.num_batches_tracked", "module.model.0.denseblock3.denselayer10.conv2.weight", "module.model.0.denseblock3.denselayer11.norm1.weight", "module.model.0.denseblock3.denselayer11.norm1.bias", "module.model.0.denseblock3.denselayer11.norm1.running_mean", "module.model.0.denseblock3.denselayer11.norm1.running_var", "module.model.0.denseblock3.denselayer11.norm1.num_batches_tracked", "module.model.0.denseblock3.denselayer11.conv1.weight", "module.model.0.denseblock3.denselayer11.norm2.weight", "module.model.0.denseblock3.denselayer11.norm2.bias", "module.model.0.denseblock3.denselayer11.norm2.running_mean", "module.model.0.denseblock3.denselayer11.norm2.running_var", "module.model.0.denseblock3.denselayer11.norm2.num_batches_tracked", "module.model.0.denseblock3.denselayer11.conv2.weight", "module.model.0.denseblock3.denselayer12.norm1.weight", "module.model.0.denseblock3.denselayer12.norm1.bias", "module.model.0.denseblock3.denselayer12.norm1.running_mean", "module.model.0.denseblock3.denselayer12.norm1.running_var", "module.model.0.denseblock3.denselayer12.norm1.num_batches_tracked", "module.model.0.denseblock3.denselayer12.conv1.weight", "module.model.0.denseblock3.denselayer12.norm2.weight", "module.model.0.denseblock3.denselayer12.norm2.bias", "module.model.0.denseblock3.denselayer12.norm2.running_mean", "module.model.0.denseblock3.denselayer12.norm2.running_var", "module.model.0.denseblock3.denselayer12.norm2.num_batches_tracked", "module.model.0.denseblock3.denselayer12.conv2.weight", "module.model.0.denseblock3.denselayer13.norm1.weight", "module.model.0.denseblock3.denselayer13.norm1.bias", "module.model.0.denseblock3.denselayer13.norm1.running_mean", "module.model.0.denseblock3.denselayer13.norm1.running_var", "module.model.0.denseblock3.denselayer13.norm1.num_batches_tracked", "module.model.0.denseblock3.denselayer13.conv1.weight", "module.model.0.denseblock3.denselayer13.norm2.weight", "module.model.0.denseblock3.denselayer13.norm2.bias", "module.model.0.denseblock3.denselayer13.norm2.running_mean", "module.model.0.denseblock3.denselayer13.norm2.running_var", "module.model.0.denseblock3.denselayer13.norm2.num_batches_tracked", "module.model.0.denseblock3.denselayer13.conv2.weight", "module.model.0.denseblock3.denselayer14.norm1.weight", "module.model.0.denseblock3.denselayer14.norm1.bias", "module.model.0.denseblock3.denselayer14.norm1.running_mean", "module.model.0.denseblock3.denselayer14.norm1.running_var", "module.model.0.denseblock3.denselayer14.norm1.num_batches_tracked", "module.model.0.denseblock3.denselayer14.conv1.weight", "module.model.0.denseblock3.denselayer14.norm2.weight", "module.model.0.denseblock3.denselayer14.norm2.bias", "module.model.0.denseblock3.denselayer14.norm2.running_mean", "module.model.0.denseblock3.denselayer14.norm2.running_var", "module.model.0.denseblock3.denselayer14.norm2.num_batches_tracked", "module.model.0.denseblock3.denselayer14.conv2.weight", "module.model.0.denseblock3.denselayer15.norm1.weight", "module.model.0.denseblock3.denselayer15.norm1.bias", "module.model.0.denseblock3.denselayer15.norm1.running_mean", "module.model.0.denseblock3.denselayer15.norm1.running_var", "module.model.0.denseblock3.denselayer15.norm1.num_batches_tracked", "module.model.0.denseblock3.denselayer15.conv1.weight", "module.model.0.denseblock3.denselayer15.norm2.weight", "module.model.0.denseblock3.denselayer15.norm2.bias", "module.model.0.denseblock3.denselayer15.norm2.running_mean", "module.model.0.denseblock3.denselayer15.norm2.running_var", "module.model.0.denseblock3.denselayer15.norm2.num_batches_tracked", "module.model.0.denseblock3.denselayer15.conv2.weight", "module.model.0.denseblock3.denselayer16.norm1.weight", "module.model.0.denseblock3.denselayer16.norm1.bias", "module.model.0.denseblock3.denselayer16.norm1.running_mean", "module.model.0.denseblock3.denselayer16.norm1.running_var", "module.model.0.denseblock3.denselayer16.norm1.num_batches_tracked", "module.model.0.denseblock3.denselayer16.conv1.weight", "module.model.0.denseblock3.denselayer16.norm2.weight", "module.model.0.denseblock3.denselayer16.norm2.bias", "module.model.0.denseblock3.denselayer16.norm2.running_mean", "module.model.0.denseblock3.denselayer16.norm2.running_var", "module.model.0.denseblock3.denselayer16.norm2.num_batches_tracked", "module.model.0.denseblock3.denselayer16.conv2.weight", "module.model.0.denseblock3.denselayer17.norm1.weight", "module.model.0.denseblock3.denselayer17.norm1.bias", "module.model.0.denseblock3.denselayer17.norm1.running_mean", "module.model.0.denseblock3.denselayer17.norm1.running_var", "module.model.0.denseblock3.denselayer17.norm1.num_batches_tracked", "module.model.0.denseblock3.denselayer17.conv1.weight", "module.model.0.denseblock3.denselayer17.norm2.weight", "module.model.0.denseblock3.denselayer17.norm2.bias", "module.model.0.denseblock3.denselayer17.norm2.running_mean", "module.model.0.denseblock3.denselayer17.norm2.running_var", "module.model.0.denseblock3.denselayer17.norm2.num_batches_tracked", "module.model.0.denseblock3.denselayer17.conv2.weight", "module.model.0.denseblock3.denselayer18.norm1.weight", "module.model.0.denseblock3.denselayer18.norm1.bias", "module.model.0.denseblock3.denselayer18.norm1.running_mean", "module.model.0.denseblock3.denselayer18.norm1.running_var", "module.model.0.denseblock3.denselayer18.norm1.num_batches_tracked", "module.model.0.denseblock3.denselayer18.conv1.weight", "module.model.0.denseblock3.denselayer18.norm2.weight", "module.model.0.denseblock3.denselayer18.norm2.bias", "module.model.0.denseblock3.denselayer18.norm2.running_mean", "module.model.0.denseblock3.denselayer18.norm2.running_var", "module.model.0.denseblock3.denselayer18.norm2.num_batches_tracked", "module.model.0.denseblock3.denselayer18.conv2.weight", "module.model.0.denseblock3.denselayer19.norm1.weight", "module.model.0.denseblock3.denselayer19.norm1.bias", "module.model.0.denseblock3.denselayer19.norm1.running_mean", "module.model.0.denseblock3.denselayer19.norm1.running_var", "module.model.0.denseblock3.denselayer19.norm1.num_batches_tracked", "module.model.0.denseblock3.denselayer19.conv1.weight", "module.model.0.denseblock3.denselayer19.norm2.weight", "module.model.0.denseblock3.denselayer19.norm2.bias", "module.model.0.denseblock3.denselayer19.norm2.running_mean", "module.model.0.denseblock3.denselayer19.norm2.running_var", "module.model.0.denseblock3.denselayer19.norm2.num_batches_tracked", "module.model.0.denseblock3.denselayer19.conv2.weight", "module.model.0.denseblock3.denselayer20.norm1.weight", "module.model.0.denseblock3.denselayer20.norm1.bias", "module.model.0.denseblock3.denselayer20.norm1.running_mean", "module.model.0.denseblock3.denselayer20.norm1.running_var", "module.model.0.denseblock3.denselayer20.norm1.num_batches_tracked", "module.model.0.denseblock3.denselayer20.conv1.weight", "module.model.0.denseblock3.denselayer20.norm2.weight", "module.model.0.denseblock3.denselayer20.norm2.bias", "module.model.0.denseblock3.denselayer20.norm2.running_mean", "module.model.0.denseblock3.denselayer20.norm2.running_var", "module.model.0.denseblock3.denselayer20.norm2.num_batches_tracked", "module.model.0.denseblock3.denselayer20.conv2.weight", "module.model.0.denseblock3.denselayer21.norm1.weight", "module.model.0.denseblock3.denselayer21.norm1.bias", "module.model.0.denseblock3.denselayer21.norm1.running_mean", "module.model.0.denseblock3.denselayer21.norm1.running_var", "module.model.0.denseblock3.denselayer21.norm1.num_batches_tracked", "module.model.0.denseblock3.denselayer21.conv1.weight", "module.model.0.denseblock3.denselayer21.norm2.weight", "module.model.0.denseblock3.denselayer21.norm2.bias", "module.model.0.denseblock3.denselayer21.norm2.running_mean", "module.model.0.denseblock3.denselayer21.norm2.running_var", "module.model.0.denseblock3.denselayer21.norm2.num_batches_tracked", "module.model.0.denseblock3.denselayer21.conv2.weight", "module.model.0.denseblock3.denselayer22.norm1.weight", "module.model.0.denseblock3.denselayer22.norm1.bias", "module.model.0.denseblock3.denselayer22.norm1.running_mean", "module.model.0.denseblock3.denselayer22.norm1.running_var", "module.model.0.denseblock3.denselayer22.norm1.num_batches_tracked", "module.model.0.denseblock3.denselayer22.conv1.weight", "module.model.0.denseblock3.denselayer22.norm2.weight", "module.model.0.denseblock3.denselayer22.norm2.bias", "module.model.0.denseblock3.denselayer22.norm2.running_mean", "module.model.0.denseblock3.denselayer22.norm2.running_var", "module.model.0.denseblock3.denselayer22.norm2.num_batches_tracked", "module.model.0.denseblock3.denselayer22.conv2.weight", "module.model.0.denseblock3.denselayer23.norm1.weight", "module.model.0.denseblock3.denselayer23.norm1.bias", "module.model.0.denseblock3.denselayer23.norm1.running_mean", "module.model.0.denseblock3.denselayer23.norm1.running_var", "module.model.0.denseblock3.denselayer23.norm1.num_batches_tracked", "module.model.0.denseblock3.denselayer23.conv1.weight", "module.model.0.denseblock3.denselayer23.norm2.weight", "module.model.0.denseblock3.denselayer23.norm2.bias", "module.model.0.denseblock3.denselayer23.norm2.running_mean", "module.model.0.denseblock3.denselayer23.norm2.running_var", "module.model.0.denseblock3.denselayer23.norm2.num_batches_tracked", "module.model.0.denseblock3.denselayer23.conv2.weight", "module.model.0.denseblock3.denselayer24.norm1.weight", "module.model.0.denseblock3.denselayer24.norm1.bias", "module.model.0.denseblock3.denselayer24.norm1.running_mean", "module.model.0.denseblock3.denselayer24.norm1.running_var", "module.model.0.denseblock3.denselayer24.norm1.num_batches_tracked", "module.model.0.denseblock3.denselayer24.conv1.weight", "module.model.0.denseblock3.denselayer24.norm2.weight", "module.model.0.denseblock3.denselayer24.norm2.bias", "module.model.0.denseblock3.denselayer24.norm2.running_mean", "module.model.0.denseblock3.denselayer24.norm2.running_var", "module.model.0.denseblock3.denselayer24.norm2.num_batches_tracked", "module.model.0.denseblock3.denselayer24.conv2.weight", "module.model.0.transition3.norm.weight", "module.model.0.transition3.norm.bias", "module.model.0.transition3.norm.running_mean", "module.model.0.transition3.norm.running_var", "module.model.0.transition3.norm.num_batches_tracked", "module.model.0.transition3.conv.weight", "module.model.0.denseblock4.denselayer1.norm1.weight", "module.model.0.denseblock4.denselayer1.norm1.bias", "module.model.0.denseblock4.denselayer1.norm1.running_mean", "module.model.0.denseblock4.denselayer1.norm1.running_var", "module.model.0.denseblock4.denselayer1.norm1.num_batches_tracked", "module.model.0.denseblock4.denselayer1.conv1.weight", "module.model.0.denseblock4.denselayer1.norm2.weight", "module.model.0.denseblock4.denselayer1.norm2.bias", "module.model.0.denseblock4.denselayer1.norm2.running_mean", "module.model.0.denseblock4.denselayer1.norm2.running_var", "module.model.0.denseblock4.denselayer1.norm2.num_batches_tracked", "module.model.0.denseblock4.denselayer1.conv2.weight", "module.model.0.denseblock4.denselayer2.norm1.weight", "module.model.0.denseblock4.denselayer2.norm1.bias", "module.model.0.denseblock4.denselayer2.norm1.running_mean", "module.model.0.denseblock4.denselayer2.norm1.running_var", "module.model.0.denseblock4.denselayer2.norm1.num_batches_tracked", "module.model.0.denseblock4.denselayer2.conv1.weight", "module.model.0.denseblock4.denselayer2.norm2.weight", "module.model.0.denseblock4.denselayer2.norm2.bias", "module.model.0.denseblock4.denselayer2.norm2.running_mean", "module.model.0.denseblock4.denselayer2.norm2.running_var", "module.model.0.denseblock4.denselayer2.norm2.num_batches_tracked", "module.model.0.denseblock4.denselayer2.conv2.weight", "module.model.0.denseblock4.denselayer3.norm1.weight", "module.model.0.denseblock4.denselayer3.norm1.bias", "module.model.0.denseblock4.denselayer3.norm1.running_mean", "module.model.0.denseblock4.denselayer3.norm1.running_var", "module.model.0.denseblock4.denselayer3.norm1.num_batches_tracked", "module.model.0.denseblock4.denselayer3.conv1.weight", "module.model.0.denseblock4.denselayer3.norm2.weight", "module.model.0.denseblock4.denselayer3.norm2.bias", "module.model.0.denseblock4.denselayer3.norm2.running_mean", "module.model.0.denseblock4.denselayer3.norm2.running_var", "module.model.0.denseblock4.denselayer3.norm2.num_batches_tracked", "module.model.0.denseblock4.denselayer3.conv2.weight", "module.model.0.denseblock4.denselayer4.norm1.weight", "module.model.0.denseblock4.denselayer4.norm1.bias", "module.model.0.denseblock4.denselayer4.norm1.running_mean", "module.model.0.denseblock4.denselayer4.norm1.running_var", "module.model.0.denseblock4.denselayer4.norm1.num_batches_tracked", "module.model.0.denseblock4.denselayer4.conv1.weight", "module.model.0.denseblock4.denselayer4.norm2.weight", "module.model.0.denseblock4.denselayer4.norm2.bias", "module.model.0.denseblock4.denselayer4.norm2.running_mean", "module.model.0.denseblock4.denselayer4.norm2.running_var", "module.model.0.denseblock4.denselayer4.norm2.num_batches_tracked", "module.model.0.denseblock4.denselayer4.conv2.weight", "module.model.0.denseblock4.denselayer5.norm1.weight", "module.model.0.denseblock4.denselayer5.norm1.bias", "module.model.0.denseblock4.denselayer5.norm1.running_mean", "module.model.0.denseblock4.denselayer5.norm1.running_var", "module.model.0.denseblock4.denselayer5.norm1.num_batches_tracked", "module.model.0.denseblock4.denselayer5.conv1.weight", "module.model.0.denseblock4.denselayer5.norm2.weight", "module.model.0.denseblock4.denselayer5.norm2.bias", "module.model.0.denseblock4.denselayer5.norm2.running_mean", "module.model.0.denseblock4.denselayer5.norm2.running_var", "module.model.0.denseblock4.denselayer5.norm2.num_batches_tracked", "module.model.0.denseblock4.denselayer5.conv2.weight", "module.model.0.denseblock4.denselayer6.norm1.weight", "module.model.0.denseblock4.denselayer6.norm1.bias", "module.model.0.denseblock4.denselayer6.norm1.running_mean", "module.model.0.denseblock4.denselayer6.norm1.running_var", "module.model.0.denseblock4.denselayer6.norm1.num_batches_tracked", "module.model.0.denseblock4.denselayer6.conv1.weight", "module.model.0.denseblock4.denselayer6.norm2.weight", "module.model.0.denseblock4.denselayer6.norm2.bias", "module.model.0.denseblock4.denselayer6.norm2.running_mean", "module.model.0.denseblock4.denselayer6.norm2.running_var", "module.model.0.denseblock4.denselayer6.norm2.num_batches_tracked", "module.model.0.denseblock4.denselayer6.conv2.weight", "module.model.0.denseblock4.denselayer7.norm1.weight", "module.model.0.denseblock4.denselayer7.norm1.bias", "module.model.0.denseblock4.denselayer7.norm1.running_mean", "module.model.0.denseblock4.denselayer7.norm1.running_var", "module.model.0.denseblock4.denselayer7.norm1.num_batches_tracked", "module.model.0.denseblock4.denselayer7.conv1.weight", "module.model.0.denseblock4.denselayer7.norm2.weight", "module.model.0.denseblock4.denselayer7.norm2.bias", "module.model.0.denseblock4.denselayer7.norm2.running_mean", "module.model.0.denseblock4.denselayer7.norm2.running_var", "module.model.0.denseblock4.denselayer7.norm2.num_batches_tracked", "module.model.0.denseblock4.denselayer7.conv2.weight", "module.model.0.denseblock4.denselayer8.norm1.weight", "module.model.0.denseblock4.denselayer8.norm1.bias", "module.model.0.denseblock4.denselayer8.norm1.running_mean", "module.model.0.denseblock4.denselayer8.norm1.running_var", "module.model.0.denseblock4.denselayer8.norm1.num_batches_tracked", "module.model.0.denseblock4.denselayer8.conv1.weight", "module.model.0.denseblock4.denselayer8.norm2.weight", "module.model.0.denseblock4.denselayer8.norm2.bias", "module.model.0.denseblock4.denselayer8.norm2.running_mean", "module.model.0.denseblock4.denselayer8.norm2.running_var", "module.model.0.denseblock4.denselayer8.norm2.num_batches_tracked", "module.model.0.denseblock4.denselayer8.conv2.weight", "module.model.0.denseblock4.denselayer9.norm1.weight", "module.model.0.denseblock4.denselayer9.norm1.bias", "module.model.0.denseblock4.denselayer9.norm1.running_mean", "module.model.0.denseblock4.denselayer9.norm1.running_var", "module.model.0.denseblock4.denselayer9.norm1.num_batches_tracked", "module.model.0.denseblock4.denselayer9.conv1.weight", "module.model.0.denseblock4.denselayer9.norm2.weight", "module.model.0.denseblock4.denselayer9.norm2.bias", "module.model.0.denseblock4.denselayer9.norm2.running_mean", "module.model.0.denseblock4.denselayer9.norm2.running_var", "module.model.0.denseblock4.denselayer9.norm2.num_batches_tracked", "module.model.0.denseblock4.denselayer9.conv2.weight", "module.model.0.denseblock4.denselayer10.norm1.weight", "module.model.0.denseblock4.denselayer10.norm1.bias", "module.model.0.denseblock4.denselayer10.norm1.running_mean", "module.model.0.denseblock4.denselayer10.norm1.running_var", "module.model.0.denseblock4.denselayer10.norm1.num_batches_tracked", "module.model.0.denseblock4.denselayer10.conv1.weight", "module.model.0.denseblock4.denselayer10.norm2.weight", "module.model.0.denseblock4.denselayer10.norm2.bias", "module.model.0.denseblock4.denselayer10.norm2.running_mean", "module.model.0.denseblock4.denselayer10.norm2.running_var", "module.model.0.denseblock4.denselayer10.norm2.num_batches_tracked", "module.model.0.denseblock4.denselayer10.conv2.weight", "module.model.0.denseblock4.denselayer11.norm1.weight", "module.model.0.denseblock4.denselayer11.norm1.bias", "module.model.0.denseblock4.denselayer11.norm1.running_mean", "module.model.0.denseblock4.denselayer11.norm1.running_var", "module.model.0.denseblock4.denselayer11.norm1.num_batches_tracked", "module.model.0.denseblock4.denselayer11.conv1.weight", "module.model.0.denseblock4.denselayer11.norm2.weight", "module.model.0.denseblock4.denselayer11.norm2.bias", "module.model.0.denseblock4.denselayer11.norm2.running_mean", "module.model.0.denseblock4.denselayer11.norm2.running_var", "module.model.0.denseblock4.denselayer11.norm2.num_batches_tracked", "module.model.0.denseblock4.denselayer11.conv2.weight", "module.model.0.denseblock4.denselayer12.norm1.weight", "module.model.0.denseblock4.denselayer12.norm1.bias", "module.model.0.denseblock4.denselayer12.norm1.running_mean", "module.model.0.denseblock4.denselayer12.norm1.running_var", "module.model.0.denseblock4.denselayer12.norm1.num_batches_tracked", "module.model.0.denseblock4.denselayer12.conv1.weight", "module.model.0.denseblock4.denselayer12.norm2.weight", "module.model.0.denseblock4.denselayer12.norm2.bias", "module.model.0.denseblock4.denselayer12.norm2.running_mean", "module.model.0.denseblock4.denselayer12.norm2.running_var", "module.model.0.denseblock4.denselayer12.norm2.num_batches_tracked", "module.model.0.denseblock4.denselayer12.conv2.weight", "module.model.0.denseblock4.denselayer13.norm1.weight", "module.model.0.denseblock4.denselayer13.norm1.bias", "module.model.0.denseblock4.denselayer13.norm1.running_mean", "module.model.0.denseblock4.denselayer13.norm1.running_var", "module.model.0.denseblock4.denselayer13.norm1.num_batches_tracked", "module.model.0.denseblock4.denselayer13.conv1.weight", "module.model.0.denseblock4.denselayer13.norm2.weight", "module.model.0.denseblock4.denselayer13.norm2.bias", "module.model.0.denseblock4.denselayer13.norm2.running_mean", "module.model.0.denseblock4.denselayer13.norm2.running_var", "module.model.0.denseblock4.denselayer13.norm2.num_batches_tracked", "module.model.0.denseblock4.denselayer13.conv2.weight", "module.model.0.denseblock4.denselayer14.norm1.weight", "module.model.0.denseblock4.denselayer14.norm1.bias", "module.model.0.denseblock4.denselayer14.norm1.running_mean", "module.model.0.denseblock4.denselayer14.norm1.running_var", "module.model.0.denseblock4.denselayer14.norm1.num_batches_tracked", "module.model.0.denseblock4.denselayer14.conv1.weight", "module.model.0.denseblock4.denselayer14.norm2.weight", "module.model.0.denseblock4.denselayer14.norm2.bias", "module.model.0.denseblock4.denselayer14.norm2.running_mean", "module.model.0.denseblock4.denselayer14.norm2.running_var", "module.model.0.denseblock4.denselayer14.norm2.num_batches_tracked", "module.model.0.denseblock4.denselayer14.conv2.weight", "module.model.0.denseblock4.denselayer15.norm1.weight", "module.model.0.denseblock4.denselayer15.norm1.bias", "module.model.0.denseblock4.denselayer15.norm1.running_mean", "module.model.0.denseblock4.denselayer15.norm1.running_var", "module.model.0.denseblock4.denselayer15.norm1.num_batches_tracked", "module.model.0.denseblock4.denselayer15.conv1.weight", "module.model.0.denseblock4.denselayer15.norm2.weight", "module.model.0.denseblock4.denselayer15.norm2.bias", "module.model.0.denseblock4.denselayer15.norm2.running_mean", "module.model.0.denseblock4.denselayer15.norm2.running_var", "module.model.0.denseblock4.denselayer15.norm2.num_batches_tracked", "module.model.0.denseblock4.denselayer15.conv2.weight", "module.model.0.denseblock4.denselayer16.norm1.weight", "module.model.0.denseblock4.denselayer16.norm1.bias", "module.model.0.denseblock4.denselayer16.norm1.running_mean", "module.model.0.denseblock4.denselayer16.norm1.running_var", "module.model.0.denseblock4.denselayer16.norm1.num_batches_tracked", "module.model.0.denseblock4.denselayer16.conv1.weight", "module.model.0.denseblock4.denselayer16.norm2.weight", "module.model.0.denseblock4.denselayer16.norm2.bias", "module.model.0.denseblock4.denselayer16.norm2.running_mean", "module.model.0.denseblock4.denselayer16.norm2.running_var", "module.model.0.denseblock4.denselayer16.norm2.num_batches_tracked", "module.model.0.denseblock4.denselayer16.conv2.weight", "module.model.0.norm5.weight", "module.model.0.norm5.bias", "module.model.0.norm5.running_mean", "module.model.0.norm5.running_var", "module.model.0.norm5.num_batches_tracked", "module.fc_4.weight", "module.fc_4.bias". 
