Job ID: 95951
Start time: Fri Feb 27 15:49:55 CST 2026
Requirement already satisfied: torch>=1.9.0 in /home/xla6290/env/lib/python3.12/site-packages (from -r /projects/e32998/STAT390_Winter2026/Team3/Code/presentation3/requirements.txt (line 2)) (2.9.0)
Requirement already satisfied: torchvision>=0.10.0 in /home/xla6290/env/lib/python3.12/site-packages (from -r /projects/e32998/STAT390_Winter2026/Team3/Code/presentation3/requirements.txt (line 3)) (0.24.0)
Requirement already satisfied: numpy>=1.21.0 in /home/xla6290/env/lib/python3.12/site-packages (from -r /projects/e32998/STAT390_Winter2026/Team3/Code/presentation3/requirements.txt (line 4)) (2.3.4)
Requirement already satisfied: pandas>=1.3.0 in /home/xla6290/env/lib/python3.12/site-packages (from -r /projects/e32998/STAT390_Winter2026/Team3/Code/presentation3/requirements.txt (line 5)) (2.3.3)
Requirement already satisfied: scikit-learn>=1.0.0 in /home/xla6290/env/lib/python3.12/site-packages (from -r /projects/e32998/STAT390_Winter2026/Team3/Code/presentation3/requirements.txt (line 6)) (1.7.2)
Requirement already satisfied: Pillow>=8.3.0 in /home/xla6290/env/lib/python3.12/site-packages (from -r /projects/e32998/STAT390_Winter2026/Team3/Code/presentation3/requirements.txt (line 7)) (12.0.0)
Requirement already satisfied: tqdm>=4.62.0 in /home/xla6290/env/lib/python3.12/site-packages (from -r /projects/e32998/STAT390_Winter2026/Team3/Code/presentation3/requirements.txt (line 8)) (4.67.1)
Requirement already satisfied: matplotlib>=3.5.0 in /home/xla6290/env/lib/python3.12/site-packages (from -r /projects/e32998/STAT390_Winter2026/Team3/Code/presentation3/requirements.txt (line 11)) (3.10.7)
Requirement already satisfied: seaborn>=0.11.0 in /home/xla6290/env/lib/python3.12/site-packages (from -r /projects/e32998/STAT390_Winter2026/Team3/Code/presentation3/requirements.txt (line 12)) (0.13.2)
Requirement already satisfied: optuna>=3.0.0 in /home/xla6290/env/lib/python3.12/site-packages (from -r /projects/e32998/STAT390_Winter2026/Team3/Code/presentation3/requirements.txt (line 15)) (4.7.0)
Requirement already satisfied: psutil>=5.8.0 in /home/xla6290/env/lib/python3.12/site-packages (from -r /projects/e32998/STAT390_Winter2026/Team3/Code/presentation3/requirements.txt (line 18)) (7.1.2)
Requirement already satisfied: imbalanced-learn>=0.8.0 in /home/xla6290/env/lib/python3.12/site-packages (from -r /projects/e32998/STAT390_Winter2026/Team3/Code/presentation3/requirements.txt (line 21)) (0.14.0)
Requirement already satisfied: filelock in /home/xla6290/env/lib/python3.12/site-packages (from torch>=1.9.0->-r /projects/e32998/STAT390_Winter2026/Team3/Code/presentation3/requirements.txt (line 2)) (3.20.0)
Requirement already satisfied: typing-extensions>=4.10.0 in /home/xla6290/env/lib/python3.12/site-packages (from torch>=1.9.0->-r /projects/e32998/STAT390_Winter2026/Team3/Code/presentation3/requirements.txt (line 2)) (4.15.0)
Requirement already satisfied: setuptools in /home/xla6290/env/lib/python3.12/site-packages (from torch>=1.9.0->-r /projects/e32998/STAT390_Winter2026/Team3/Code/presentation3/requirements.txt (line 2)) (80.9.0)
Requirement already satisfied: sympy>=1.13.3 in /home/xla6290/env/lib/python3.12/site-packages (from torch>=1.9.0->-r /projects/e32998/STAT390_Winter2026/Team3/Code/presentation3/requirements.txt (line 2)) (1.14.0)
Requirement already satisfied: networkx>=2.5.1 in /home/xla6290/env/lib/python3.12/site-packages (from torch>=1.9.0->-r /projects/e32998/STAT390_Winter2026/Team3/Code/presentation3/requirements.txt (line 2)) (3.5)
Requirement already satisfied: jinja2 in /home/xla6290/env/lib/python3.12/site-packages (from torch>=1.9.0->-r /projects/e32998/STAT390_Winter2026/Team3/Code/presentation3/requirements.txt (line 2)) (3.1.6)
Requirement already satisfied: fsspec>=0.8.5 in /home/xla6290/env/lib/python3.12/site-packages (from torch>=1.9.0->-r /projects/e32998/STAT390_Winter2026/Team3/Code/presentation3/requirements.txt (line 2)) (2025.9.0)
Requirement already satisfied: nvidia-cuda-nvrtc-cu12==12.8.93 in /home/xla6290/env/lib/python3.12/site-packages (from torch>=1.9.0->-r /projects/e32998/STAT390_Winter2026/Team3/Code/presentation3/requirements.txt (line 2)) (12.8.93)
Requirement already satisfied: nvidia-cuda-runtime-cu12==12.8.90 in /home/xla6290/env/lib/python3.12/site-packages (from torch>=1.9.0->-r /projects/e32998/STAT390_Winter2026/Team3/Code/presentation3/requirements.txt (line 2)) (12.8.90)
Requirement already satisfied: nvidia-cuda-cupti-cu12==12.8.90 in /home/xla6290/env/lib/python3.12/site-packages (from torch>=1.9.0->-r /projects/e32998/STAT390_Winter2026/Team3/Code/presentation3/requirements.txt (line 2)) (12.8.90)
Requirement already satisfied: nvidia-cudnn-cu12==9.10.2.21 in /home/xla6290/env/lib/python3.12/site-packages (from torch>=1.9.0->-r /projects/e32998/STAT390_Winter2026/Team3/Code/presentation3/requirements.txt (line 2)) (9.10.2.21)
Requirement already satisfied: nvidia-cublas-cu12==12.8.4.1 in /home/xla6290/env/lib/python3.12/site-packages (from torch>=1.9.0->-r /projects/e32998/STAT390_Winter2026/Team3/Code/presentation3/requirements.txt (line 2)) (12.8.4.1)
Requirement already satisfied: nvidia-cufft-cu12==11.3.3.83 in /home/xla6290/env/lib/python3.12/site-packages (from torch>=1.9.0->-r /projects/e32998/STAT390_Winter2026/Team3/Code/presentation3/requirements.txt (line 2)) (11.3.3.83)
Requirement already satisfied: nvidia-curand-cu12==10.3.9.90 in /home/xla6290/env/lib/python3.12/site-packages (from torch>=1.9.0->-r /projects/e32998/STAT390_Winter2026/Team3/Code/presentation3/requirements.txt (line 2)) (10.3.9.90)
Requirement already satisfied: nvidia-cusolver-cu12==11.7.3.90 in /home/xla6290/env/lib/python3.12/site-packages (from torch>=1.9.0->-r /projects/e32998/STAT390_Winter2026/Team3/Code/presentation3/requirements.txt (line 2)) (11.7.3.90)
Requirement already satisfied: nvidia-cusparse-cu12==12.5.8.93 in /home/xla6290/env/lib/python3.12/site-packages (from torch>=1.9.0->-r /projects/e32998/STAT390_Winter2026/Team3/Code/presentation3/requirements.txt (line 2)) (12.5.8.93)
Requirement already satisfied: nvidia-cusparselt-cu12==0.7.1 in /home/xla6290/env/lib/python3.12/site-packages (from torch>=1.9.0->-r /projects/e32998/STAT390_Winter2026/Team3/Code/presentation3/requirements.txt (line 2)) (0.7.1)
Requirement already satisfied: nvidia-nccl-cu12==2.27.5 in /home/xla6290/env/lib/python3.12/site-packages (from torch>=1.9.0->-r /projects/e32998/STAT390_Winter2026/Team3/Code/presentation3/requirements.txt (line 2)) (2.27.5)
Requirement already satisfied: nvidia-nvshmem-cu12==3.3.20 in /home/xla6290/env/lib/python3.12/site-packages (from torch>=1.9.0->-r /projects/e32998/STAT390_Winter2026/Team3/Code/presentation3/requirements.txt (line 2)) (3.3.20)
Requirement already satisfied: nvidia-nvtx-cu12==12.8.90 in /home/xla6290/env/lib/python3.12/site-packages (from torch>=1.9.0->-r /projects/e32998/STAT390_Winter2026/Team3/Code/presentation3/requirements.txt (line 2)) (12.8.90)
Requirement already satisfied: nvidia-nvjitlink-cu12==12.8.93 in /home/xla6290/env/lib/python3.12/site-packages (from torch>=1.9.0->-r /projects/e32998/STAT390_Winter2026/Team3/Code/presentation3/requirements.txt (line 2)) (12.8.93)
Requirement already satisfied: nvidia-cufile-cu12==1.13.1.3 in /home/xla6290/env/lib/python3.12/site-packages (from torch>=1.9.0->-r /projects/e32998/STAT390_Winter2026/Team3/Code/presentation3/requirements.txt (line 2)) (1.13.1.3)
Requirement already satisfied: triton==3.5.0 in /home/xla6290/env/lib/python3.12/site-packages (from torch>=1.9.0->-r /projects/e32998/STAT390_Winter2026/Team3/Code/presentation3/requirements.txt (line 2)) (3.5.0)
Requirement already satisfied: python-dateutil>=2.8.2 in /home/xla6290/env/lib/python3.12/site-packages (from pandas>=1.3.0->-r /projects/e32998/STAT390_Winter2026/Team3/Code/presentation3/requirements.txt (line 5)) (2.9.0.post0)
Requirement already satisfied: pytz>=2020.1 in /home/xla6290/env/lib/python3.12/site-packages (from pandas>=1.3.0->-r /projects/e32998/STAT390_Winter2026/Team3/Code/presentation3/requirements.txt (line 5)) (2025.2)
Requirement already satisfied: tzdata>=2022.7 in /home/xla6290/env/lib/python3.12/site-packages (from pandas>=1.3.0->-r /projects/e32998/STAT390_Winter2026/Team3/Code/presentation3/requirements.txt (line 5)) (2025.2)
Requirement already satisfied: scipy>=1.8.0 in /home/xla6290/env/lib/python3.12/site-packages (from scikit-learn>=1.0.0->-r /projects/e32998/STAT390_Winter2026/Team3/Code/presentation3/requirements.txt (line 6)) (1.16.3)
Requirement already satisfied: joblib>=1.2.0 in /home/xla6290/env/lib/python3.12/site-packages (from scikit-learn>=1.0.0->-r /projects/e32998/STAT390_Winter2026/Team3/Code/presentation3/requirements.txt (line 6)) (1.5.2)
Requirement already satisfied: threadpoolctl>=3.1.0 in /home/xla6290/env/lib/python3.12/site-packages (from scikit-learn>=1.0.0->-r /projects/e32998/STAT390_Winter2026/Team3/Code/presentation3/requirements.txt (line 6)) (3.6.0)
Requirement already satisfied: contourpy>=1.0.1 in /home/xla6290/env/lib/python3.12/site-packages (from matplotlib>=3.5.0->-r /projects/e32998/STAT390_Winter2026/Team3/Code/presentation3/requirements.txt (line 11)) (1.3.3)
Requirement already satisfied: cycler>=0.10 in /home/xla6290/env/lib/python3.12/site-packages (from matplotlib>=3.5.0->-r /projects/e32998/STAT390_Winter2026/Team3/Code/presentation3/requirements.txt (line 11)) (0.12.1)
Requirement already satisfied: fonttools>=4.22.0 in /home/xla6290/env/lib/python3.12/site-packages (from matplotlib>=3.5.0->-r /projects/e32998/STAT390_Winter2026/Team3/Code/presentation3/requirements.txt (line 11)) (4.60.1)
Requirement already satisfied: kiwisolver>=1.3.1 in /home/xla6290/env/lib/python3.12/site-packages (from matplotlib>=3.5.0->-r /projects/e32998/STAT390_Winter2026/Team3/Code/presentation3/requirements.txt (line 11)) (1.4.9)
Requirement already satisfied: packaging>=20.0 in /home/xla6290/env/lib/python3.12/site-packages (from matplotlib>=3.5.0->-r /projects/e32998/STAT390_Winter2026/Team3/Code/presentation3/requirements.txt (line 11)) (25.0)
Requirement already satisfied: pyparsing>=3 in /home/xla6290/env/lib/python3.12/site-packages (from matplotlib>=3.5.0->-r /projects/e32998/STAT390_Winter2026/Team3/Code/presentation3/requirements.txt (line 11)) (3.2.5)
Requirement already satisfied: alembic>=1.5.0 in /home/xla6290/env/lib/python3.12/site-packages (from optuna>=3.0.0->-r /projects/e32998/STAT390_Winter2026/Team3/Code/presentation3/requirements.txt (line 15)) (1.18.3)
Requirement already satisfied: colorlog in /home/xla6290/env/lib/python3.12/site-packages (from optuna>=3.0.0->-r /projects/e32998/STAT390_Winter2026/Team3/Code/presentation3/requirements.txt (line 15)) (6.10.1)
Requirement already satisfied: sqlalchemy>=1.4.2 in /home/xla6290/env/lib/python3.12/site-packages (from optuna>=3.0.0->-r /projects/e32998/STAT390_Winter2026/Team3/Code/presentation3/requirements.txt (line 15)) (2.0.46)
Requirement already satisfied: PyYAML in /home/xla6290/env/lib/python3.12/site-packages (from optuna>=3.0.0->-r /projects/e32998/STAT390_Winter2026/Team3/Code/presentation3/requirements.txt (line 15)) (6.0.3)
Requirement already satisfied: Mako in /home/xla6290/env/lib/python3.12/site-packages (from alembic>=1.5.0->optuna>=3.0.0->-r /projects/e32998/STAT390_Winter2026/Team3/Code/presentation3/requirements.txt (line 15)) (1.3.10)
Requirement already satisfied: six>=1.5 in /home/xla6290/env/lib/python3.12/site-packages (from python-dateutil>=2.8.2->pandas>=1.3.0->-r /projects/e32998/STAT390_Winter2026/Team3/Code/presentation3/requirements.txt (line 5)) (1.17.0)
Requirement already satisfied: greenlet>=1 in /home/xla6290/env/lib/python3.12/site-packages (from sqlalchemy>=1.4.2->optuna>=3.0.0->-r /projects/e32998/STAT390_Winter2026/Team3/Code/presentation3/requirements.txt (line 15)) (3.3.1)
Requirement already satisfied: mpmath<1.4,>=1.1.0 in /home/xla6290/env/lib/python3.12/site-packages (from sympy>=1.13.3->torch>=1.9.0->-r /projects/e32998/STAT390_Winter2026/Team3/Code/presentation3/requirements.txt (line 2)) (1.3.0)
Requirement already satisfied: MarkupSafe>=2.0 in /home/xla6290/env/lib/python3.12/site-packages (from jinja2->torch>=1.9.0->-r /projects/e32998/STAT390_Winter2026/Team3/Code/presentation3/requirements.txt (line 2)) (3.0.3)
Requirement already satisfied: certifi in /home/xla6290/env/lib/python3.12/site-packages (2026.2.25)
================================================================================
CREATING DATA SPLITS (EXCLUDE FROM TEST + MATCHED PROPORTIONS)
================================================================================
labels_csv:        /home/xla6290/presentation3/extra_benign_case_grade_match.csv
patches_dir:       /projects/e32998/patches_benign_split
seed:              12
save_dir:          /home/xla6290/presentation3/data_splits
ratios (targets):  train=0.6, val=0.2, test=0.2
exclude_from_test: [22, 24, 25, 26, 107, 108, 109, 110, 111, 118, 119]
max_ratio_den:     50

Loaded 118 label rows
Found 83630 files in patches_dir
All 3808 non-standard file names were handled.
Grouped into 383 slices
Mapped 371 slices to classes

Overall case counts:
  Total:  93  |  Benign: 35  |  High: 58
  Exact global high ratio:   0.623656  (58/93)
  Enforced approx ratio:     0.625000  (5/8)

Target split sizes (non-empty) and required class counts:
  Train: N=55  => benign=21, high=34
  Val:   N=19    => benign=7, high=12
  Test:  N=19   => benign=7, high=12

Final achieved high-grade ratios:
  Train: 34/55 = 0.618182
  Val:   12/19 = 0.631579
  Test:  12/19 = 0.631579

Slice counts after split:
  Train slices: 236
  Val slices:   87
  Test slices:  48

----------------------------------------
LEAK CHECK
----------------------------------------
Cases per split: 55 19 19
Paths per split: 50361 17027 12653
No leakage between train & val (cases).
No leakage between train & test (cases).
No leakage between val & test (cases).
No leakage between train & val (paths).
No leakage between train & test (paths).
No leakage between val & test (paths).

[OK] None of the excluded cases appear in TEST.

================================================================================
TRAIN SPLIT
================================================================================
Total cases:      55
Benign (0):       21
High-grade (1):   34
High-grade ratio: 0.618182

Benign CASE IDs:
[2, 4, 22, 23, 24, 26, 27, 36, 43, 82, 85, 86, 93, 94, 96, 107, 108, 109, 110, 111, 118]

High-grade CASE IDs:
[1, 3, 5, 9, 11, 12, 14, 18, 40, 41, 42, 44, 48, 49, 50, 51, 54, 59, 60, 61, 64, 66, 69, 70, 72, 73, 75, 80, 83, 84, 87, 91, 100, 104]

================================================================================
VAL SPLIT
================================================================================
Total cases:      19
Benign (0):       7
High-grade (1):   12
High-grade ratio: 0.631579

Benign CASE IDs:
[21, 25, 28, 30, 34, 90, 119]

High-grade CASE IDs:
[15, 38, 52, 55, 67, 68, 88, 95, 97, 98, 101, 106]

================================================================================
TEST SPLIT
================================================================================
Total cases:      19
Benign (0):       7
High-grade (1):   12
High-grade ratio: 0.631579

Benign CASE IDs:
[45, 46, 53, 56, 77, 78, 79]

High-grade CASE IDs:
[7, 16, 17, 19, 32, 47, 57, 58, 63, 89, 92, 99]
Data splits saved to: /home/xla6290/presentation3/data_splits/xiaolin_split4.npz

================================================================================
DONE
================================================================================
Saved: /home/xla6290/presentation3/data_splits/xiaolin_split4.npz
Use it like:
  python main.py --load_splits /home/xla6290/presentation3/data_splits/xiaolin_split4.npz
