Job ID: 9772808
Start time: Wed Feb 25 20:37:21 CST 2026
Requirement already satisfied: certifi in /home/xla6290/env/lib/python3.12/site-packages (2026.2.25)
Random seed set to 42
Using CPU
Created run directory: /projects/e32998/MIL_training/final_runs/run_20260225_203813
================================================================================
HIERARCHICAL ATTENTION MIL TRAINING
================================================================================
Arguments: {'labels_csv': '/home/xla6290/Presentation3_HomeBase/extra_benign_case_grade_match.csv', 'patches_dir': '/projects/e32998/patches_benign_split', 'epochs': 30, 'lr': 0.000208, 'batch_size': 1, 'num_workers': 2, 'embed_dim': 512, 'per_slice_cap': 500, 'max_slices_per_stain': 5, 'seed': 42, 'resume': None, 'eval_only': False, 'analyze_attention': True, 'attention_top_n': 8, 'load_splits': '/home/xla6290/Presentation3_HomeBase/data_splits/data_splits.npz', 'checkpoint_dir': '/projects/e32998/MIL_training/final_runs/run_20260225_203813/checkpoints'}
Training config (may be overridden by arguments): {'epochs': 30, 'batch_size': 1, 'learning_rate': 0.000208, 'weight_decay': 0.000305, 'num_workers': 2, 'pin_memory': True, 'random_state': 42, 'class_weights': [2.5285, 1.0], 'dropout': 0.2599, 'entropy_lambda': 0.001, 'use_scheduler': True, 'scheduler_type': 'reduce_on_plateau', 'scheduler_patience': 4, 'scheduler_factor': 0.2139, 'scheduler_min_lr': 1e-06, 'early_stopping': True, 'early_stopping_patience': 8, 'early_stopping_min_delta': 0.001, 'early_stopping_min_epochs': 10}
============================================================
PREPARING DATA
============================================================
Loaded 118 labels
Found 83630 patch files
All 3808 non-standard file names were handled.
Grouped into 383 slices
Mapped 371 slices to classes
Class distribution: {0: 133, 1: 238}

----------------------------------------
SPLITTING DATA
----------------------------------------
Loading existing splits from: /home/xla6290/Presentation3_HomeBase/data_splits/data_splits.npz
Data splits loaded from: /home/xla6290/Presentation3_HomeBase/data_splits/data_splits.npz
Loaded splits - Train: 226, Val: 77, Test: 68
Cases per split: 55 19 19
Paths per split: 51023 13864 15154
No leakage between train & val (cases).
No leakage between train & test (cases).
No leakage between val & test (cases).
No leakage between train & val (paths).
No leakage between train & test (paths).
No leakage between val & test (paths).

Data Summary:
==================================================

Label distribution per split:
label   0   1
split        
test    7  12
train  21  34
val     7  12

Mean patches per stain per split:
       h&e_patches  melan_patches  sox10_patches
split                                           
test         389.1          233.2          175.4
train        458.5          251.3          218.0
val          372.7          198.5          158.5

Median patches per stain per split:
       h&e_patches  melan_patches  sox10_patches
split                                           
test         322.0          226.0          126.0
train        331.0          182.0          162.0
val          273.0          183.0          146.0

Missing stain proportion:
       h&e_missing  melan_missing  sox10_missing
split                                           
test           0.0          0.000          0.053
train          0.0          0.036          0.018
val            0.0          0.000          0.000

Total cases: 93
Total patches: 80,041
==================================================

Patch count by class for Train:
  Benign (0):     15126 patches
  High-grade (1): 35897 patches

Patch count by class for Validation:
  Benign (0):     4493 patches
  High-grade (1): 9371 patches

Patch count by class for Test:
  Benign (0):     6161 patches
  High-grade (1): 8993 patches

Data Integrity Check for Train:
Stain coverage:
  h&e: 55/55 (100.0%)
  melan: 53/55 (96.4%)
  sox10: 54/55 (98.2%)
No issues found

Data Integrity Check for Validation:
Stain coverage:
  h&e: 19/19 (100.0%)
  melan: 19/19 (100.0%)
  sox10: 19/19 (100.0%)
No issues found

Data Integrity Check for Test:
Stain coverage:
  h&e: 19/19 (100.0%)
  melan: 19/19 (100.0%)
  sox10: 18/19 (94.7%)
No issues found
Using existing splits from: /home/xla6290/Presentation3_HomeBase/data_splits/data_splits.npz

============================================================
CREATING DATA LOADERS (POOLED FEATURES)
============================================================
Created data loaders - Train: 55, Val: 19, Test: 19

============================================================
CREATING MODEL
============================================================

Model Summary:
==================================================
Total parameters: 2,493,061
Trainable parameters: 2,493,061
Model size: 9.51 MB
==================================================

============================================================
TRAINING MODEL
============================================================
Starting training from epoch 1 to 30
Device: cpu
Model parameters: 2,493,061
LR scheduler: ReduceLROnPlateau
Early stopping enabled (patience=8, min_delta=0.001, min_epochs=10)

Epoch 1/30 (LR: 2.08e-04)

[EntropyReg DEBUG — first batch only]
  entropy_lambda (lam): 1.000e-03
  base_loss (CE):        0.601172
  entropy_term (mean H): 3.215179
  lam * entropy_term:    0.003215
  (lam*H)/CE ratio:      0.005348
Train Loss: 0.7215 | Val Loss: 0.7155 | Val Acc: 0.8947
Epoch Time: 911.79s
New best validation loss: 0.7155
Checkpoint saved: /projects/e32998/MIL_training/final_runs/run_20260225_203813/checkpoints/20260225_205340_HierarchicalAttnMIL_epoch1.pth
Best checkpoint updated: /projects/e32998/MIL_training/final_runs/run_20260225_203813/checkpoints/best.pth

Epoch 2/30 (LR: 2.08e-04)
Train Loss: 0.5228 | Val Loss: 0.5004 | Val Acc: 0.6842
Epoch Time: 878.86s
New best validation loss: 0.5004
Checkpoint saved: /projects/e32998/MIL_training/final_runs/run_20260225_203813/checkpoints/20260225_210819_HierarchicalAttnMIL_epoch2.pth
Best checkpoint updated: /projects/e32998/MIL_training/final_runs/run_20260225_203813/checkpoints/best.pth

Epoch 3/30 (LR: 2.08e-04)
Train Loss: 0.5651 | Val Loss: 0.3475 | Val Acc: 0.8947
Epoch Time: 874.45s
New best validation loss: 0.3475
Checkpoint saved: /projects/e32998/MIL_training/final_runs/run_20260225_203813/checkpoints/20260225_212254_HierarchicalAttnMIL_epoch3.pth
Best checkpoint updated: /projects/e32998/MIL_training/final_runs/run_20260225_203813/checkpoints/best.pth

Epoch 4/30 (LR: 2.08e-04)
Train Loss: 0.2145 | Val Loss: 0.4205 | Val Acc: 0.8947
Epoch Time: 976.74s
No improvement for 1 epoch(s)
Checkpoint saved: /projects/e32998/MIL_training/final_runs/run_20260225_203813/checkpoints/20260225_213911_HierarchicalAttnMIL_epoch4.pth

Epoch 5/30 (LR: 2.08e-04)
Train Loss: 0.1904 | Val Loss: 0.3575 | Val Acc: 0.8947
Epoch Time: 1040.34s
No improvement for 2 epoch(s)
Checkpoint saved: /projects/e32998/MIL_training/final_runs/run_20260225_203813/checkpoints/20260225_215631_HierarchicalAttnMIL_epoch5.pth

Epoch 6/30 (LR: 2.08e-04)
Train Loss: 0.0344 | Val Loss: 0.4568 | Val Acc: 0.8947
Epoch Time: 972.02s
No improvement for 3 epoch(s)
Checkpoint saved: /projects/e32998/MIL_training/final_runs/run_20260225_203813/checkpoints/20260225_221243_HierarchicalAttnMIL_epoch6.pth

Epoch 7/30 (LR: 2.08e-04)
Train Loss: 0.0426 | Val Loss: 0.6197 | Val Acc: 0.8947
Epoch Time: 863.34s
No improvement for 4 epoch(s)
Checkpoint saved: /projects/e32998/MIL_training/final_runs/run_20260225_203813/checkpoints/20260225_222707_HierarchicalAttnMIL_epoch7.pth

Epoch 8/30 (LR: 2.08e-04)
Train Loss: 0.1055 | Val Loss: 1.0211 | Val Acc: 0.7895
Epoch Time: 964.55s
No improvement for 5 epoch(s)
Checkpoint saved: /projects/e32998/MIL_training/final_runs/run_20260225_203813/checkpoints/20260225_224311_HierarchicalAttnMIL_epoch8.pth

Epoch 9/30 (LR: 4.45e-05)
Train Loss: 0.1148 | Val Loss: 0.6156 | Val Acc: 0.8421
Epoch Time: 853.35s
No improvement for 6 epoch(s)
Checkpoint saved: /projects/e32998/MIL_training/final_runs/run_20260225_203813/checkpoints/20260225_225725_HierarchicalAttnMIL_epoch9.pth

Epoch 10/30 (LR: 4.45e-05)
Train Loss: 0.0048 | Val Loss: 0.6220 | Val Acc: 0.8421
Epoch Time: 905.94s
No improvement for 7 epoch(s)
Checkpoint saved: /projects/e32998/MIL_training/final_runs/run_20260225_203813/checkpoints/20260225_231231_HierarchicalAttnMIL_epoch10.pth

Epoch 11/30 (LR: 4.45e-05)
Train Loss: 0.0057 | Val Loss: 0.6247 | Val Acc: 0.8421
Epoch Time: 826.65s
No improvement for 8 epoch(s)
Checkpoint saved: /projects/e32998/MIL_training/final_runs/run_20260225_203813/checkpoints/20260225_232617_HierarchicalAttnMIL_epoch11.pth

Early stopping triggered at epoch 11. Best val loss: 0.3475

Training completed!

============================================================
EVALUATING MODEL
============================================================

Test Results:
  Test Loss: 0.1626
  Test Acc:  0.9474
  Samples:   19
Predictions saved to: /projects/e32998/MIL_training/final_runs/run_20260225_203813/predictions.csv
Confusion matrix saved to: /projects/e32998/MIL_training/final_runs/run_20260225_203813/confusion_matrix.png

============================================================
ATTENTION ANALYSIS
============================================================
