Job ID: 8785749
Start time: Sat Feb 14 21:10:16 CST 2026
Requirement already satisfied: torch>=1.9.0 in /projects/e32998/env/lib/python3.12/site-packages (from -r /projects/e32998/STAT390_Winter2026/Team1/Code/MIL_trainer_9Dec_JointFinal/requirements.txt (line 2)) (2.9.0)
Requirement already satisfied: torchvision>=0.10.0 in /projects/e32998/env/lib/python3.12/site-packages (from -r /projects/e32998/STAT390_Winter2026/Team1/Code/MIL_trainer_9Dec_JointFinal/requirements.txt (line 3)) (0.24.0)
Requirement already satisfied: numpy>=1.21.0 in /projects/e32998/env/lib/python3.12/site-packages (from -r /projects/e32998/STAT390_Winter2026/Team1/Code/MIL_trainer_9Dec_JointFinal/requirements.txt (line 4)) (2.3.4)
Requirement already satisfied: pandas>=1.3.0 in /projects/e32998/env/lib/python3.12/site-packages (from -r /projects/e32998/STAT390_Winter2026/Team1/Code/MIL_trainer_9Dec_JointFinal/requirements.txt (line 5)) (2.3.3)
Requirement already satisfied: scikit-learn>=1.0.0 in /projects/e32998/env/lib/python3.12/site-packages (from -r /projects/e32998/STAT390_Winter2026/Team1/Code/MIL_trainer_9Dec_JointFinal/requirements.txt (line 6)) (1.7.2)
Requirement already satisfied: Pillow>=8.3.0 in /projects/e32998/env/lib/python3.12/site-packages (from -r /projects/e32998/STAT390_Winter2026/Team1/Code/MIL_trainer_9Dec_JointFinal/requirements.txt (line 7)) (12.0.0)
Requirement already satisfied: tqdm>=4.62.0 in /projects/e32998/env/lib/python3.12/site-packages (from -r /projects/e32998/STAT390_Winter2026/Team1/Code/MIL_trainer_9Dec_JointFinal/requirements.txt (line 8)) (4.67.1)
Requirement already satisfied: matplotlib>=3.5.0 in /projects/e32998/env/lib/python3.12/site-packages (from -r /projects/e32998/STAT390_Winter2026/Team1/Code/MIL_trainer_9Dec_JointFinal/requirements.txt (line 11)) (3.10.7)
Requirement already satisfied: seaborn>=0.11.0 in /projects/e32998/env/lib/python3.12/site-packages (from -r /projects/e32998/STAT390_Winter2026/Team1/Code/MIL_trainer_9Dec_JointFinal/requirements.txt (line 12)) (0.13.2)
Requirement already satisfied: psutil>=5.8.0 in /projects/e32998/env/lib/python3.12/site-packages (from -r /projects/e32998/STAT390_Winter2026/Team1/Code/MIL_trainer_9Dec_JointFinal/requirements.txt (line 15)) (7.1.2)
Requirement already satisfied: imbalanced-learn>=0.8.0 in /projects/e32998/env/lib/python3.12/site-packages (from -r /projects/e32998/STAT390_Winter2026/Team1/Code/MIL_trainer_9Dec_JointFinal/requirements.txt (line 18)) (0.14.0)
ERROR: Could not find a version that satisfies the requirement KimiaNet (from versions: none)
ERROR: No matching distribution found for KimiaNet
Requirement already satisfied: certifi in /projects/e32998/env/lib/python3.12/site-packages (2026.1.4)
Traceback (most recent call last):
  File "/gpfs/projects/e32998/STAT390_Winter2026/Team1/Code/MIL_trainer_9Dec_JointFinal/main.py", line 18, in <module>
    from models import create_model
  File "/gpfs/projects/e32998/STAT390_Winter2026/Team1/Code/MIL_trainer_9Dec_JointFinal/models.py", line 8, in <module>
    import KimiaNet
ModuleNotFoundError: No module named 'KimiaNet'
